Archive member included because of file (symbol)

C:\nxp\LPCXpresso_8.0.0_526\lpcxpresso\Examples\LPCOpen\lpcopen_2_12_lpcxpresso_ngx_xplorer_4330\lpc_board_ngx_xplorer_4330\Debug\liblpc_board_ngx_xplorer_4330.a(board.o)
                              ./example/src/main.o (Board_UARTPutSTR)
C:\nxp\LPCXpresso_8.0.0_526\lpcxpresso\Examples\LPCOpen\lpcopen_2_12_lpcxpresso_ngx_xplorer_4330\lpc_board_ngx_xplorer_4330\Debug\liblpc_board_ngx_xplorer_4330.a(board_sysinit.o)
                              ./example/src/sysinit.o (Board_SystemInit)
C:\nxp\LPCXpresso_8.0.0_526\lpcxpresso\Examples\LPCOpen\lpcopen_2_12_lpcxpresso_ngx_xplorer_4330\lpc_board_ngx_xplorer_4330\Debug\liblpc_board_ngx_xplorer_4330.a(uda1380.o)
                              C:\nxp\LPCXpresso_8.0.0_526\lpcxpresso\Examples\LPCOpen\lpcopen_2_12_lpcxpresso_ngx_xplorer_4330\lpc_board_ngx_xplorer_4330\Debug\liblpc_board_ngx_xplorer_4330.a(board.o) (UDA1380_Init)
C:\nxp\LPCXpresso_8.0.0_526\lpcxpresso\Examples\LPCOpen\lpcopen_2_12_lpcxpresso_ngx_xplorer_4330\lpc_chip_43xx\Debug\liblpc_chip_43xx.a(adc_18xx_43xx.o)
                              ./example/src/main.o (Chip_ADC_Init)
C:\nxp\LPCXpresso_8.0.0_526\lpcxpresso\Examples\LPCOpen\lpcopen_2_12_lpcxpresso_ngx_xplorer_4330\lpc_chip_43xx\Debug\liblpc_chip_43xx.a(chip_18xx_43xx.o)
                              ./example/src/main.o (Chip_USB0_Init)
C:\nxp\LPCXpresso_8.0.0_526\lpcxpresso\Examples\LPCOpen\lpcopen_2_12_lpcxpresso_ngx_xplorer_4330\lpc_chip_43xx\Debug\liblpc_chip_43xx.a(clock_18xx_43xx.o)
                              ./example/src/main.o (Chip_Clock_GetDividerDivisor)
C:\nxp\LPCXpresso_8.0.0_526\lpcxpresso\Examples\LPCOpen\lpcopen_2_12_lpcxpresso_ngx_xplorer_4330\lpc_chip_43xx\Debug\liblpc_chip_43xx.a(fpu_init.o)
                              ./example/src/sysinit.o (fpuInit)
C:\nxp\LPCXpresso_8.0.0_526\lpcxpresso\Examples\LPCOpen\lpcopen_2_12_lpcxpresso_ngx_xplorer_4330\lpc_chip_43xx\Debug\liblpc_chip_43xx.a(gpio_18xx_43xx.o)
                              C:\nxp\LPCXpresso_8.0.0_526\lpcxpresso\Examples\LPCOpen\lpcopen_2_12_lpcxpresso_ngx_xplorer_4330\lpc_board_ngx_xplorer_4330\Debug\liblpc_board_ngx_xplorer_4330.a(board.o) (Chip_GPIO_Init)
C:\nxp\LPCXpresso_8.0.0_526\lpcxpresso\Examples\LPCOpen\lpcopen_2_12_lpcxpresso_ngx_xplorer_4330\lpc_chip_43xx\Debug\liblpc_chip_43xx.a(i2c_18xx_43xx.o)
                              C:\nxp\LPCXpresso_8.0.0_526\lpcxpresso\Examples\LPCOpen\lpcopen_2_12_lpcxpresso_ngx_xplorer_4330\lpc_board_ngx_xplorer_4330\Debug\liblpc_board_ngx_xplorer_4330.a(uda1380.o) (Chip_I2C_EventHandlerPolling)
C:\nxp\LPCXpresso_8.0.0_526\lpcxpresso\Examples\LPCOpen\lpcopen_2_12_lpcxpresso_ngx_xplorer_4330\lpc_chip_43xx\Debug\liblpc_chip_43xx.a(i2s_18xx_43xx.o)
                              C:\nxp\LPCXpresso_8.0.0_526\lpcxpresso\Examples\LPCOpen\lpcopen_2_12_lpcxpresso_ngx_xplorer_4330\lpc_board_ngx_xplorer_4330\Debug\liblpc_board_ngx_xplorer_4330.a(board.o) (Chip_I2S_Init)
C:\nxp\LPCXpresso_8.0.0_526\lpcxpresso\Examples\LPCOpen\lpcopen_2_12_lpcxpresso_ngx_xplorer_4330\lpc_chip_43xx\Debug\liblpc_chip_43xx.a(sysinit_18xx_43xx.o)
                              C:\nxp\LPCXpresso_8.0.0_526\lpcxpresso\Examples\LPCOpen\lpcopen_2_12_lpcxpresso_ngx_xplorer_4330\lpc_board_ngx_xplorer_4330\Debug\liblpc_board_ngx_xplorer_4330.a(board_sysinit.o) (Chip_SetupCoreClock)
C:\nxp\LPCXpresso_8.0.0_526\lpcxpresso\Examples\LPCOpen\lpcopen_2_12_lpcxpresso_ngx_xplorer_4330\lpc_chip_43xx\Debug\liblpc_chip_43xx.a(uart_18xx_43xx.o)
                              C:\nxp\LPCXpresso_8.0.0_526\lpcxpresso\Examples\LPCOpen\lpcopen_2_12_lpcxpresso_ngx_xplorer_4330\lpc_board_ngx_xplorer_4330\Debug\liblpc_board_ngx_xplorer_4330.a(board.o) (Chip_UART_Init)
C:\nxp\LPCXpresso_8.0.0_526\lpcxpresso\Examples\LPCOpen\lpcopen_2_12_lpcxpresso_ngx_xplorer_4330\lpc_chip_43xx\Debug\liblpc_chip_43xx.a(ring_buffer.o)
                              C:\nxp\LPCXpresso_8.0.0_526\lpcxpresso\Examples\LPCOpen\lpcopen_2_12_lpcxpresso_ngx_xplorer_4330\lpc_chip_43xx\Debug\liblpc_chip_43xx.a(uart_18xx_43xx.o) (RingBuffer_Insert)
c:/nxp/lpcxpresso_8.0.0_526/lpcxpresso/tools/bin/../lib/gcc/arm-none-eabi/4.9.3/../../../../arm-none-eabi/lib/armv7e-m/softfp\libcr_nohost.a(_cr__main.o)
                              ./example/src/cr_startup_lpc43xx.o (__main)
c:/nxp/lpcxpresso_8.0.0_526/lpcxpresso/tools/bin/../lib/gcc/arm-none-eabi/4.9.3/../../../../arm-none-eabi/lib/armv7e-m/softfp\libcr_c.a(memcpy.o)
                              C:\nxp\LPCXpresso_8.0.0_526\lpcxpresso\Examples\LPCOpen\lpcopen_2_12_lpcxpresso_ngx_xplorer_4330\lpc_board_ngx_xplorer_4330\Debug\liblpc_board_ngx_xplorer_4330.a(board.o) (memcpy)
c:/nxp/lpcxpresso_8.0.0_526/lpcxpresso/tools/bin/../lib/gcc/arm-none-eabi/4.9.3/../../../../arm-none-eabi/lib/armv7e-m/softfp\libcr_c.a(memset.o)
                              ./example/src/hid_generic.o (memset)
[...]
Memory Configuration

Name             Origin             Length             Attributes
RamLoc128        0x10000000         0x00020000         xrw
RamLoc72         0x10080000         0x00012000         xrw
RamAHB32         0x20000000         0x00008000         xrw
RamAHB16         0x20008000         0x00004000         xrw
RamAHB_ETB16     0x2000c000         0x00004000         xrw
SPIFI            0x14000000         0x00400000         xr
*default*        0x00000000         0xffffffff

Linker script and memory map

LOAD ./example/src/cr_startup_lpc43xx.o
LOAD ./example/src/hid_desc.o
LOAD ./example/src/hid_generic.o
LOAD ./example/src/main.o
LOAD ./example/src/sysinit.o
LOAD C:\nxp\LPCXpresso_8.0.0_526\lpcxpresso\Examples\LPCOpen\lpcopen_2_12_lpcxpresso_ngx_xplorer_4330\lpc_board_ngx_xplorer_4330\Debug\liblpc_board_ngx_xplorer_4330.a
LOAD C:\nxp\LPCXpresso_8.0.0_526\lpcxpresso\Examples\LPCOpen\lpcopen_2_12_lpcxpresso_ngx_xplorer_4330\lpc_chip_43xx\Debug\liblpc_chip_43xx.a
START GROUP
LOAD c:/nxp/lpcxpresso_8.0.0_526/lpcxpresso/tools/bin/../lib/gcc/arm-none-eabi/4.9.3/../../../../arm-none-eabi/lib/armv7e-m/softfp\libcr_nohost.a
LOAD c:/nxp/lpcxpresso_8.0.0_526/lpcxpresso/tools/bin/../lib/gcc/arm-none-eabi/4.9.3/../../../../arm-none-eabi/lib/armv7e-m/softfp\libcr_c.a
LOAD c:/nxp/lpcxpresso_8.0.0_526/lpcxpresso/tools/bin/../lib/gcc/arm-none-eabi/4.9.3/armv7e-m/softfp\libcr_eabihelpers.a
END GROUP
                0x10000000                __base_RamLoc128 = 0x10000000
                0x10000000                __base_RAM = 0x10000000
                0x10020000                __top_RamLoc128 = 0x10020000
                0x10020000                __top_RAM = 0x10020000
                0x10080000                __base_RamLoc72 = 0x10080000
                0x10080000                __base_RAM2 = 0x10080000
                0x10092000                __top_RamLoc72 = 0x10092000
                0x10092000                __top_RAM2 = 0x10092000
                0x20000000                __base_RamAHB32 = 0x20000000
                0x20000000                __base_RAM3 = 0x20000000
                0x20008000                __top_RamAHB32 = 0x20008000
                0x20008000                __top_RAM3 = 0x20008000
                0x20008000                __base_RamAHB16 = 0x20008000
                0x20008000                __base_RAM4 = 0x20008000
                0x2000c000                __top_RamAHB16 = 0x2000c000
                0x2000c000                __top_RAM4 = 0x2000c000
                0x2000c000                __base_RamAHB_ETB16 = 0x2000c000
                0x2000c000                __base_RAM5 = 0x2000c000
                0x20010000                __top_RamAHB_ETB16 = 0x20010000
                0x20010000                __top_RAM5 = 0x20010000
                0x14000000                __base_SPIFI = 0x14000000
                0x14000000                __base_Flash = 0x14000000
                0x14400000                __top_SPIFI = 0x14400000
                0x14400000                __top_Flash = 0x14400000

.text           0x14000000     0x25f0
 FILL mask 0xff
                0x14000000                __vectors_start__ = ABSOLUTE (.)
 *(.isr_vector)
 .isr_vector    0x14000000      0x114 ./example/src/cr_startup_lpc43xx.o
                0x14000000                g_pfnVectors
                0x14000114                . = ALIGN (0x4)
                0x14000114                __section_table_start = .
                0x14000114                __data_section_table = .
                0x14000114        0x4 LONG 0x140025f0 LOADADDR (.data)
                0x14000118        0x4 LONG 0x10000000 ADDR (.data)
                0x1400011c        0x4 LONG 0x58 SIZEOF (.data)
                0x14000120        0x4 LONG 0x140025f0 LOADADDR (.data_RAM2)
                0x14000124        0x4 LONG 0x10080000 ADDR (.data_RAM2)
                0x14000128        0x4 LONG 0x0 SIZEOF (.data_RAM2)
                0x1400012c        0x4 LONG 0x140025f0 LOADADDR (.data_RAM3)
                0x14000130        0x4 LONG 0x20000000 ADDR (.data_RAM3)
                0x14000134        0x4 LONG 0x0 SIZEOF (.data_RAM3)
                0x14000138        0x4 LONG 0x140025f0 LOADADDR (.data_RAM4)
                0x1400013c        0x4 LONG 0x20008000 ADDR (.data_RAM4)
                0x14000140        0x4 LONG 0x0 SIZEOF (.data_RAM4)
                0x14000144        0x4 LONG 0x140025f0 LOADADDR (.data_RAM5)
                0x14000148        0x4 LONG 0x2000c000 ADDR (.data_RAM5)
                0x1400014c        0x4 LONG 0x0 SIZEOF (.data_RAM5)
                0x14000150                __data_section_table_end = .
                0x14000150                __bss_section_table = .
                0x14000150        0x4 LONG 0x10000058 ADDR (.bss)
                0x14000154        0x4 LONG 0x174 SIZEOF (.bss)
                0x14000158        0x4 LONG 0x10080000 ADDR (.bss_RAM2)
                0x1400015c        0x4 LONG 0x0 SIZEOF (.bss_RAM2)
                0x14000160        0x4 LONG 0x20000000 ADDR (.bss_RAM3)
                0x14000164        0x4 LONG 0x0 SIZEOF (.bss_RAM3)
                0x14000168        0x4 LONG 0x20008000 ADDR (.bss_RAM4)
                0x1400016c        0x4 LONG 0x0 SIZEOF (.bss_RAM4)
                0x14000170        0x4 LONG 0x2000c000 ADDR (.bss_RAM5)
                0x14000174        0x4 LONG 0x0 SIZEOF (.bss_RAM5)
                0x14000178                __bss_section_table_end = .
                0x14000178                __section_table_end = .
 *(.after_vectors*)
 .after_vectors
                0x14000178       0xcc ./example/src/cr_startup_lpc43xx.o
                0x14000178                data_init
                0x140001bc                bss_init
                0x140001f4                NMI_Handler
                0x140001fc                HardFault_Handler
                0x14000204                MemManage_Handler
                0x1400020c                BusFault_Handler
                0x14000214                UsageFault_Handler
                0x1400021c                SVC_Handler
                0x14000224                DebugMon_Handler
                0x1400022c                PendSV_Handler
                0x14000234                SysTick_Handler
                0x1400023c                ATIMER_IRQHandler
                0x1400023c                I2C1_IRQHandler
                0x1400023c                UART1_IRQHandler
                0x1400023c                GPIO5_IRQHandler
                0x1400023c                CAN1_IRQHandler
                0x1400023c                USB1_IRQHandler
                0x1400023c                I2S0_IRQHandler
                0x1400023c                TIMER3_IRQHandler
                0x1400023c                UART0_IRQHandler
                0x1400023c                I2C0_IRQHandler
                0x1400023c                SGPIO_IRQHandler
                0x1400023c                FLASH_EEPROM_IRQHandler
                0x1400023c                ADCHS_IRQHandler
                0x1400023c                GPIO6_IRQHandler
                0x1400023c                IntDefaultHandler
                0x1400023c                GPIO1_IRQHandler
                0x1400023c                SSP0_IRQHandler
                0x1400023c                ADC1_IRQHandler
                0x1400023c                RTC_IRQHandler
                0x1400023c                TIMER0_IRQHandler
                0x1400023c                SPI_IRQHandler
                0x1400023c                LCD_IRQHandler
                0x1400023c                RIT_IRQHandler
                0x1400023c                TIMER1_IRQHandler
                0x1400023c                UART2_IRQHandler
                0x1400023c                GPIO2_IRQHandler
                0x1400023c                I2S1_IRQHandler
                0x1400023c                SSP1_IRQHandler
                0x1400023c                GPIO3_IRQHandler
                0x1400023c                SCT_IRQHandler
                0x1400023c                SDIO_IRQHandler
                0x1400023c                WDT_IRQHandler
                0x1400023c                ADC0_IRQHandler
                0x1400023c                GPIO7_IRQHandler
                0x1400023c                SPIFI_IRQHandler
                0x1400023c                QEI_IRQHandler
                0x1400023c                ETH_IRQHandler
                0x1400023c                CAN0_IRQHandler
                0x1400023c                GINT0_IRQHandler
                0x1400023c                DAC_IRQHandler
                0x1400023c                M0SUB_IRQHandler
                0x1400023c                GPIO0_IRQHandler
                0x1400023c                DMA_IRQHandler
                0x1400023c                EVRT_IRQHandler
                0x1400023c                TIMER2_IRQHandler
                0x1400023c                UART3_IRQHandler
                0x1400023c                MCPWM_IRQHandler
                0x1400023c                M0APP_IRQHandler
                0x1400023c                GINT1_IRQHandler
                0x1400023c                GPIO4_IRQHandler
 *(.text*)
 .text.ResetISR
                0x14000244       0xc4 ./example/src/cr_startup_lpc43xx.o
                0x14000244                ResetISR
 .text.HID_GetReport
                0x14000308       0x50 ./example/src/hid_generic.o
 .text.HID_SetReport
                0x14000358       0x54 ./example/src/hid_generic.o
 .text.HID_Ep_Hdlr
                0x140003ac       0xa0 ./example/src/hid_generic.o
 .text.usb_hid_init
                0x1400044c       0xc4 ./example/src/hid_generic.o
                0x1400044c                usb_hid_init
 .text.NVIC_EnableIRQ
                0x14000510       0x30 ./example/src/main.o
 .text.EP0_patch
                0x14000540       0x54 ./example/src/main.o
                0x14000540                EP0_patch
 .text.USB0_IRQHandler
                0x14000594       0x20 ./example/src/main.o
                0x14000594                USB0_IRQHandler
 .text.setupUSB
                0x140005b4       0xec ./example/src/main.o
                0x140005b4                setupUSB
 .text.setupADC
                0x140006a0       0x4c ./example/src/main.o
                0x140006a0                setupADC
 .text.flashLED
                0x140006ec       0x34 ./example/src/main.o
                0x140006ec                flashLED
 .text.main     0x14000720       0x4c ./example/src/main.o
                0x14000720                main
 .text.SystemInit
                0x1400076c       0x28 ./example/src/sysinit.o
                0x1400076c                SystemInit
 .text.Chip_SCU_PinMuxSet
                0x14000794       0x30 C:\nxp\LPCXpresso_8.0.0_526\lpcxpresso\Examples\LPCOpen\lpcopen_2_12_lpcxpresso_ngx_xplorer_4330\lpc_board_ngx_xplorer_4330\Debug\liblpc_board_ngx_xplorer_4330.a(board.o)
 .text.Chip_ENET_RMIIEnable
                0x140007c4       0x28 C:\nxp\LPCXpresso_8.0.0_526\lpcxpresso\Examples\LPCOpen\lpcopen_2_12_lpcxpresso_ngx_xplorer_4330\lpc_board_ngx_xplorer_4330\Debug\liblpc_board_ngx_xplorer_4330.a(board.o)
 .text.Chip_GPIO_SetPinState
                0x140007ec       0x38 C:\nxp\LPCXpresso_8.0.0_526\lpcxpresso\Examples\LPCOpen\lpcopen_2_12_lpcxpresso_ngx_xplorer_4330\lpc_board_ngx_xplorer_4330\Debug\liblpc_board_ngx_xplorer_4330.a(board.o)
 .text.Chip_GPIO_SetPinDIROutput
                0x14000824       0x3c C:\nxp\LPCXpresso_8.0.0_526\lpcxpresso\Examples\LPCOpen\lpcopen_2_12_lpcxpresso_ngx_xplorer_4330\lpc_board_ngx_xplorer_4330\Debug\liblpc_board_ngx_xplorer_4330.a(board.o)
 .text.Chip_UART_TXEnable
                0x14000860       0x18 C:\nxp\LPCXpresso_8.0.0_526\lpcxpresso\Examples\LPCOpen\lpcopen_2_12_lpcxpresso_ngx_xplorer_4330\lpc_board_ngx_xplorer_4330\Debug\liblpc_board_ngx_xplorer_4330.a(board.o)
 .text.Chip_UART_SendByte
                0x14000878       0x1c C:\nxp\LPCXpresso_8.0.0_526\lpcxpresso\Examples\LPCOpen\lpcopen_2_12_lpcxpresso_ngx_xplorer_4330\lpc_board_ngx_xplorer_4330\Debug\liblpc_board_ngx_xplorer_4330.a(board.o)
 .text.Chip_UART_ConfigData
                0x14000894       0x1c C:\nxp\LPCXpresso_8.0.0_526\lpcxpresso\Examples\LPCOpen\lpcopen_2_12_lpcxpresso_ngx_xplorer_4330\lpc_board_ngx_xplorer_4330\Debug\liblpc_board_ngx_xplorer_4330.a(board.o)
 .text.Chip_UART_ReadLineStatus
                0x140008b0       0x18 C:\nxp\LPCXpresso_8.0.0_526\lpcxpresso\Examples\LPCOpen\lpcopen_2_12_lpcxpresso_ngx_xplorer_4330\lpc_board_ngx_xplorer_4330\Debug\liblpc_board_ngx_xplorer_4330.a(board.o)
 .text.__sys_write
                0x140008c8       0x38 C:\nxp\LPCXpresso_8.0.0_526\lpcxpresso\Examples\LPCOpen\lpcopen_2_12_lpcxpresso_ngx_xplorer_4330\lpc_board_ngx_xplorer_4330\Debug\liblpc_board_ngx_xplorer_4330.a(board.o)
                0x140008c8                __sys_write
 .text.Board_UART_Init
                0x14000900       0x50 C:\nxp\LPCXpresso_8.0.0_526\lpcxpresso\Examples\LPCOpen\lpcopen_2_12_lpcxpresso_ngx_xplorer_4330\lpc_board_ngx_xplorer_4330\Debug\liblpc_board_ngx_xplorer_4330.a(board.o)
                0x14000900                Board_UART_Init
 .text.Board_Debug_Init
                0x14000950       0x30 C:\nxp\LPCXpresso_8.0.0_526\lpcxpresso\Examples\LPCOpen\lpcopen_2_12_lpcxpresso_ngx_xplorer_4330\lpc_board_ngx_xplorer_4330\Debug\liblpc_board_ngx_xplorer_4330.a(board.o)
                0x14000950                Board_Debug_Init
 .text.Board_UARTPutChar
                0x14000980       0x30 C:\nxp\LPCXpresso_8.0.0_526\lpcxpresso\Examples\LPCOpen\lpcopen_2_12_lpcxpresso_ngx_xplorer_4330\lpc_board_ngx_xplorer_4330\Debug\liblpc_board_ngx_xplorer_4330.a(board.o)
                0x14000980                Board_UARTPutChar
 .text.Board_UARTPutSTR
                0x140009b0       0x28 C:\nxp\LPCXpresso_8.0.0_526\lpcxpresso\Examples\LPCOpen\lpcopen_2_12_lpcxpresso_ngx_xplorer_4330\lpc_board_ngx_xplorer_4330\Debug\liblpc_board_ngx_xplorer_4330.a(board.o)
                0x140009b0                Board_UARTPutSTR
 .text.Board_LED_Init
                0x140009d8       0x38 C:\nxp\LPCXpresso_8.0.0_526\lpcxpresso\Examples\LPCOpen\lpcopen_2_12_lpcxpresso_ngx_xplorer_4330\lpc_board_ngx_xplorer_4330\Debug\liblpc_board_ngx_xplorer_4330.a(board.o)
 .text.Board_LED_Set
                0x14000a10       0x4c C:\nxp\LPCXpresso_8.0.0_526\lpcxpresso\Examples\LPCOpen\lpcopen_2_12_lpcxpresso_ngx_xplorer_4330\lpc_board_ngx_xplorer_4330\Debug\liblpc_board_ngx_xplorer_4330.a(board.o)
                0x14000a10                Board_LED_Set
 .text.Board_Init
                0x14000a5c       0x58 C:\nxp\LPCXpresso_8.0.0_526\lpcxpresso\Examples\LPCOpen\lpcopen_2_12_lpcxpresso_ngx_xplorer_4330\lpc_board_ngx_xplorer_4330\Debug\liblpc_board_ngx_xplorer_4330.a(board.o)
                0x14000a5c                Board_Init
 .text.Chip_SCU_PinMuxSet
                0x14000ab4       0x30 C:\nxp\LPCXpresso_8.0.0_526\lpcxpresso\Examples\LPCOpen\lpcopen_2_12_lpcxpresso_ngx_xplorer_4330\lpc_board_ngx_xplorer_4330\Debug\liblpc_board_ngx_xplorer_4330.a(board_sysinit.o)
 .text.Chip_SCU_SetPinMuxing
                0x14000ae4       0x48 C:\nxp\LPCXpresso_8.0.0_526\lpcxpresso\Examples\LPCOpen\lpcopen_2_12_lpcxpresso_ngx_xplorer_4330\lpc_board_ngx_xplorer_4330\Debug\liblpc_board_ngx_xplorer_4330.a(board_sysinit.o)
 .text.Board_SetupMuxing
                0x14000b2c       0x20 C:\nxp\LPCXpresso_8.0.0_526\lpcxpresso\Examples\LPCOpen\lpcopen_2_12_lpcxpresso_ngx_xplorer_4330\lpc_board_ngx_xplorer_4330\Debug\liblpc_board_ngx_xplorer_4330.a(board_sysinit.o)
                0x14000b2c                Board_SetupMuxing
 .text.Board_SetupClocking
                0x14000b4c       0x90 C:\nxp\LPCXpresso_8.0.0_526\lpcxpresso\Examples\LPCOpen\lpcopen_2_12_lpcxpresso_ngx_xplorer_4330\lpc_board_ngx_xplorer_4330\Debug\liblpc_board_ngx_xplorer_4330.a(board_sysinit.o)
                0x14000b4c                Board_SetupClocking
 .text.Board_SystemInit
                0x14000bdc       0x10 C:\nxp\LPCXpresso_8.0.0_526\lpcxpresso\Examples\LPCOpen\lpcopen_2_12_lpcxpresso_ngx_xplorer_4330\lpc_board_ngx_xplorer_4330\Debug\liblpc_board_ngx_xplorer_4330.a(board_sysinit.o)
                0x14000bdc                Board_SystemInit
 .text.getFullConvClk
                0x14000bec       0x10 C:\nxp\LPCXpresso_8.0.0_526\lpcxpresso\Examples\LPCOpen\lpcopen_2_12_lpcxpresso_ngx_xplorer_4330\lpc_chip_43xx\Debug\liblpc_chip_43xx.a(adc_18xx_43xx.o)
 .text.Chip_ADC_GetClockIndex
                0x14000bfc       0x2c C:\nxp\LPCXpresso_8.0.0_526\lpcxpresso\Examples\LPCOpen\lpcopen_2_12_lpcxpresso_ngx_xplorer_4330\lpc_chip_43xx\Debug\liblpc_chip_43xx.a(adc_18xx_43xx.o)
 .text.getClkDiv
                0x14000c28       0x68 C:\nxp\LPCXpresso_8.0.0_526\lpcxpresso\Examples\LPCOpen\lpcopen_2_12_lpcxpresso_ngx_xplorer_4330\lpc_chip_43xx\Debug\liblpc_chip_43xx.a(adc_18xx_43xx.o)
 .text.setStartMode
                0x14000c90       0x2c C:\nxp\LPCXpresso_8.0.0_526\lpcxpresso\Examples\LPCOpen\lpcopen_2_12_lpcxpresso_ngx_xplorer_4330\lpc_chip_43xx\Debug\liblpc_chip_43xx.a(adc_18xx_43xx.o)
                0x14000c90                setStartMode
 .text.readAdcVal
                0x14000cbc       0x44 C:\nxp\LPCXpresso_8.0.0_526\lpcxpresso\Examples\LPCOpen\lpcopen_2_12_lpcxpresso_ngx_xplorer_4330\lpc_chip_43xx\Debug\liblpc_chip_43xx.a(adc_18xx_43xx.o)
                0x14000cbc                readAdcVal
 .text.Chip_ADC_Init
                0x14000d00       0x88 C:\nxp\LPCXpresso_8.0.0_526\lpcxpresso\Examples\LPCOpen\lpcopen_2_12_lpcxpresso_ngx_xplorer_4330\lpc_chip_43xx\Debug\liblpc_chip_43xx.a(adc_18xx_43xx.o)
                0x14000d00                Chip_ADC_Init
 .text.Chip_ADC_ReadValue
                0x14000d88       0x24 C:\nxp\LPCXpresso_8.0.0_526\lpcxpresso\Examples\LPCOpen\lpcopen_2_12_lpcxpresso_ngx_xplorer_4330\lpc_chip_43xx\Debug\liblpc_chip_43xx.a(adc_18xx_43xx.o)
                0x14000d88                Chip_ADC_ReadValue
 .text.Chip_ADC_ReadStatus
                0x14000dac       0x78 C:\nxp\LPCXpresso_8.0.0_526\lpcxpresso\Examples\LPCOpen\lpcopen_2_12_lpcxpresso_ngx_xplorer_4330\lpc_chip_43xx\Debug\liblpc_chip_43xx.a(adc_18xx_43xx.o)
                0x14000dac                Chip_ADC_ReadStatus
 .text.Chip_ADC_SetStartMode
                0x14000e24       0x4c C:\nxp\LPCXpresso_8.0.0_526\lpcxpresso\Examples\LPCOpen\lpcopen_2_12_lpcxpresso_ngx_xplorer_4330\lpc_chip_43xx\Debug\liblpc_chip_43xx.a(adc_18xx_43xx.o)
                0x14000e24                Chip_ADC_SetStartMode
 .text.Chip_ADC_SetSampleRate
                0x14000e70       0x68 C:\nxp\LPCXpresso_8.0.0_526\lpcxpresso\Examples\LPCOpen\lpcopen_2_12_lpcxpresso_ngx_xplorer_4330\lpc_chip_43xx\Debug\liblpc_chip_43xx.a(adc_18xx_43xx.o)
                0x14000e70                Chip_ADC_SetSampleRate
 .text.Chip_ADC_SetResolution
                0x14000ed8       0x28 C:\nxp\LPCXpresso_8.0.0_526\lpcxpresso\Examples\LPCOpen\lpcopen_2_12_lpcxpresso_ngx_xplorer_4330\lpc_chip_43xx\Debug\liblpc_chip_43xx.a(adc_18xx_43xx.o)
                0x14000ed8                Chip_ADC_SetResolution
 .text.Chip_ADC_EnableChannel
                0x14000f00       0x54 C:\nxp\LPCXpresso_8.0.0_526\lpcxpresso\Examples\LPCOpen\lpcopen_2_12_lpcxpresso_ngx_xplorer_4330\lpc_chip_43xx\Debug\liblpc_chip_43xx.a(adc_18xx_43xx.o)
                0x14000f00                Chip_ADC_EnableChannel
 .text.Chip_CREG_EnableUSB0Phy
                0x14000f54       0x1c C:\nxp\LPCXpresso_8.0.0_526\lpcxpresso\Examples\LPCOpen\lpcopen_2_12_lpcxpresso_ngx_xplorer_4330\lpc_chip_43xx\Debug\liblpc_chip_43xx.a(chip_18xx_43xx.o)
 .text.Chip_USB_PllSetup
                0x14000f70       0x40 C:\nxp\LPCXpresso_8.0.0_526\lpcxpresso\Examples\LPCOpen\lpcopen_2_12_lpcxpresso_ngx_xplorer_4330\lpc_chip_43xx\Debug\liblpc_chip_43xx.a(chip_18xx_43xx.o)
 .text.Chip_USB0_Init
                0x14000fb0       0x2c C:\nxp\LPCXpresso_8.0.0_526\lpcxpresso\Examples\LPCOpen\lpcopen_2_12_lpcxpresso_ngx_xplorer_4330\lpc_chip_43xx\Debug\liblpc_chip_43xx.a(chip_18xx_43xx.o)
                0x14000fb0                Chip_USB0_Init
 .text.SystemCoreClockUpdate
                0x14000fdc       0x18 C:\nxp\LPCXpresso_8.0.0_526\lpcxpresso\Examples\LPCOpen\lpcopen_2_12_lpcxpresso_ngx_xplorer_4330\lpc_chip_43xx\Debug\liblpc_chip_43xx.a(chip_18xx_43xx.o)
                0x14000fdc                SystemCoreClockUpdate
 .text.Chip_Clock_TestMainPLLMultiplier
                0x14000ff4       0x48 C:\nxp\LPCXpresso_8.0.0_526\lpcxpresso\Examples\LPCOpen\lpcopen_2_12_lpcxpresso_ngx_xplorer_4330\lpc_chip_43xx\Debug\liblpc_chip_43xx.a(clock_18xx_43xx.o)
 .text.Chip_Clock_GetDivRate
                0x1400103c       0x40 C:\nxp\LPCXpresso_8.0.0_526\lpcxpresso\Examples\LPCOpen\lpcopen_2_12_lpcxpresso_ngx_xplorer_4330\lpc_chip_43xx\Debug\liblpc_chip_43xx.a(clock_18xx_43xx.o)
 .text.Chip_Clock_FindBaseClock
                0x1400107c       0x88 C:\nxp\LPCXpresso_8.0.0_526\lpcxpresso\Examples\LPCOpen\lpcopen_2_12_lpcxpresso_ngx_xplorer_4330\lpc_chip_43xx\Debug\liblpc_chip_43xx.a(clock_18xx_43xx.o)
 .text.Chip_Clock_EnableCrystal
                0x14001104       0x6c C:\nxp\LPCXpresso_8.0.0_526\lpcxpresso\Examples\LPCOpen\lpcopen_2_12_lpcxpresso_ngx_xplorer_4330\lpc_chip_43xx\Debug\liblpc_chip_43xx.a(clock_18xx_43xx.o)
                0x14001104                Chip_Clock_EnableCrystal
 .text.Chip_Clock_SetupMainPLLHz
                0x14001170      0x128 C:\nxp\LPCXpresso_8.0.0_526\lpcxpresso\Examples\LPCOpen\lpcopen_2_12_lpcxpresso_ngx_xplorer_4330\lpc_chip_43xx\Debug\liblpc_chip_43xx.a(clock_18xx_43xx.o)
                0x14001170                Chip_Clock_SetupMainPLLHz
 .text.Chip_Clock_SetupMainPLLMult
                0x14001298       0xfc C:\nxp\LPCXpresso_8.0.0_526\lpcxpresso\Examples\LPCOpen\lpcopen_2_12_lpcxpresso_ngx_xplorer_4330\lpc_chip_43xx\Debug\liblpc_chip_43xx.a(clock_18xx_43xx.o)
                0x14001298                Chip_Clock_SetupMainPLLMult
 .text.Chip_Clock_GetMainPLLHz
                0x14001394       0xc0 C:\nxp\LPCXpresso_8.0.0_526\lpcxpresso\Examples\LPCOpen\lpcopen_2_12_lpcxpresso_ngx_xplorer_4330\lpc_chip_43xx\Debug\liblpc_chip_43xx.a(clock_18xx_43xx.o)
                0x14001394                Chip_Clock_GetMainPLLHz
 .text.Chip_Clock_DisableMainPLL
                0x14001454       0x1c C:\nxp\LPCXpresso_8.0.0_526\lpcxpresso\Examples\LPCOpen\lpcopen_2_12_lpcxpresso_ngx_xplorer_4330\lpc_chip_43xx\Debug\liblpc_chip_43xx.a(clock_18xx_43xx.o)
                0x14001454                Chip_Clock_DisableMainPLL
 .text.Chip_Clock_SetDivider
                0x14001470       0x84 C:\nxp\LPCXpresso_8.0.0_526\lpcxpresso\Examples\LPCOpen\lpcopen_2_12_lpcxpresso_ngx_xplorer_4330\lpc_chip_43xx\Debug\liblpc_chip_43xx.a(clock_18xx_43xx.o)
                0x14001470                Chip_Clock_SetDivider
 .text.Chip_Clock_GetDividerSource
                0x140014f4       0x40 C:\nxp\LPCXpresso_8.0.0_526\lpcxpresso\Examples\LPCOpen\lpcopen_2_12_lpcxpresso_ngx_xplorer_4330\lpc_chip_43xx\Debug\liblpc_chip_43xx.a(clock_18xx_43xx.o)
                0x140014f4                Chip_Clock_GetDividerSource
 .text.Chip_Clock_GetDividerDivisor
                0x14001534       0x38 C:\nxp\LPCXpresso_8.0.0_526\lpcxpresso\Examples\LPCOpen\lpcopen_2_12_lpcxpresso_ngx_xplorer_4330\lpc_chip_43xx\Debug\liblpc_chip_43xx.a(clock_18xx_43xx.o)
                0x14001534                Chip_Clock_GetDividerDivisor
 .text.Chip_Clock_GetClockInputHz
                0x1400156c      0x140 C:\nxp\LPCXpresso_8.0.0_526\lpcxpresso\Examples\LPCOpen\lpcopen_2_12_lpcxpresso_ngx_xplorer_4330\lpc_chip_43xx\Debug\liblpc_chip_43xx.a(clock_18xx_43xx.o)
                0x1400156c                Chip_Clock_GetClockInputHz
 .text.Chip_Clock_GetBaseClocktHz
                0x140016ac       0x24 C:\nxp\LPCXpresso_8.0.0_526\lpcxpresso\Examples\LPCOpen\lpcopen_2_12_lpcxpresso_ngx_xplorer_4330\lpc_chip_43xx\Debug\liblpc_chip_43xx.a(clock_18xx_43xx.o)
                0x140016ac                Chip_Clock_GetBaseClocktHz
 .text.Chip_Clock_SetBaseClock
                0x140016d0       0x9c C:\nxp\LPCXpresso_8.0.0_526\lpcxpresso\Examples\LPCOpen\lpcopen_2_12_lpcxpresso_ngx_xplorer_4330\lpc_chip_43xx\Debug\liblpc_chip_43xx.a(clock_18xx_43xx.o)
                0x140016d0                Chip_Clock_SetBaseClock
 .text.Chip_Clock_EnableBaseClock
                0x1400176c       0x3c C:\nxp\LPCXpresso_8.0.0_526\lpcxpresso\Examples\LPCOpen\lpcopen_2_12_lpcxpresso_ngx_xplorer_4330\lpc_chip_43xx\Debug\liblpc_chip_43xx.a(clock_18xx_43xx.o)
                0x1400176c                Chip_Clock_EnableBaseClock
 .text.Chip_Clock_GetBaseClock
                0x140017a8       0x4c C:\nxp\LPCXpresso_8.0.0_526\lpcxpresso\Examples\LPCOpen\lpcopen_2_12_lpcxpresso_ngx_xplorer_4330\lpc_chip_43xx\Debug\liblpc_chip_43xx.a(clock_18xx_43xx.o)
                0x140017a8                Chip_Clock_GetBaseClock
 .text.Chip_Clock_EnableOpts
                0x140017f4       0x7c C:\nxp\LPCXpresso_8.0.0_526\lpcxpresso\Examples\LPCOpen\lpcopen_2_12_lpcxpresso_ngx_xplorer_4330\lpc_chip_43xx\Debug\liblpc_chip_43xx.a(clock_18xx_43xx.o)
                0x140017f4                Chip_Clock_EnableOpts
 .text.Chip_Clock_GetRate
                0x14001870       0x88 C:\nxp\LPCXpresso_8.0.0_526\lpcxpresso\Examples\LPCOpen\lpcopen_2_12_lpcxpresso_ngx_xplorer_4330\lpc_chip_43xx\Debug\liblpc_chip_43xx.a(clock_18xx_43xx.o)
                0x14001870                Chip_Clock_GetRate
 .text.Chip_Clock_SetupPLL
                0x140018f8       0x78 C:\nxp\LPCXpresso_8.0.0_526\lpcxpresso\Examples\LPCOpen\lpcopen_2_12_lpcxpresso_ngx_xplorer_4330\lpc_chip_43xx\Debug\liblpc_chip_43xx.a(clock_18xx_43xx.o)
                0x140018f8                Chip_Clock_SetupPLL
 .text.Chip_Clock_EnablePLL
                0x14001970       0x34 C:\nxp\LPCXpresso_8.0.0_526\lpcxpresso\Examples\LPCOpen\lpcopen_2_12_lpcxpresso_ngx_xplorer_4330\lpc_chip_43xx\Debug\liblpc_chip_43xx.a(clock_18xx_43xx.o)
                0x14001970                Chip_Clock_EnablePLL
 .text.Chip_Clock_GetPLLStatus
                0x140019a4       0x28 C:\nxp\LPCXpresso_8.0.0_526\lpcxpresso\Examples\LPCOpen\lpcopen_2_12_lpcxpresso_ngx_xplorer_4330\lpc_chip_43xx\Debug\liblpc_chip_43xx.a(clock_18xx_43xx.o)
                0x140019a4                Chip_Clock_GetPLLStatus
 .text.fpuInit  0x140019cc       0x74 C:\nxp\LPCXpresso_8.0.0_526\lpcxpresso\Examples\LPCOpen\lpcopen_2_12_lpcxpresso_ngx_xplorer_4330\lpc_chip_43xx\Debug\liblpc_chip_43xx.a(fpu_init.o)
                0x140019cc                fpuInit
 .text.Chip_GPIO_Init
                0x14001a40       0x14 C:\nxp\LPCXpresso_8.0.0_526\lpcxpresso\Examples\LPCOpen\lpcopen_2_12_lpcxpresso_ngx_xplorer_4330\lpc_chip_43xx\Debug\liblpc_chip_43xx.a(gpio_18xx_43xx.o)
                0x14001a40                Chip_GPIO_Init
 .text.Chip_SetupCoreClock
                0x14001a54       0xb8 C:\nxp\LPCXpresso_8.0.0_526\lpcxpresso\Examples\LPCOpen\lpcopen_2_12_lpcxpresso_ngx_xplorer_4330\lpc_chip_43xx\Debug\liblpc_chip_43xx.a(sysinit_18xx_43xx.o)
                0x14001a54                Chip_SetupCoreClock
 .text.Chip_UART_TXDisable
                0x14001b0c       0x18 C:\nxp\LPCXpresso_8.0.0_526\lpcxpresso\Examples\LPCOpen\lpcopen_2_12_lpcxpresso_ngx_xplorer_4330\lpc_chip_43xx\Debug\liblpc_chip_43xx.a(uart_18xx_43xx.o)
 .text.Chip_UART_SetupFIFOS
                0x14001b24       0x1c C:\nxp\LPCXpresso_8.0.0_526\lpcxpresso\Examples\LPCOpen\lpcopen_2_12_lpcxpresso_ngx_xplorer_4330\lpc_chip_43xx\Debug\liblpc_chip_43xx.a(uart_18xx_43xx.o)
 .text.Chip_UART_ConfigData
                0x14001b40       0x1c C:\nxp\LPCXpresso_8.0.0_526\lpcxpresso\Examples\LPCOpen\lpcopen_2_12_lpcxpresso_ngx_xplorer_4330\lpc_chip_43xx\Debug\liblpc_chip_43xx.a(uart_18xx_43xx.o)
 .text.Chip_UART_EnableDivisorAccess
                0x14001b5c       0x20 C:\nxp\LPCXpresso_8.0.0_526\lpcxpresso\Examples\LPCOpen\lpcopen_2_12_lpcxpresso_ngx_xplorer_4330\lpc_chip_43xx\Debug\liblpc_chip_43xx.a(uart_18xx_43xx.o)
 .text.Chip_UART_DisableDivisorAccess
                0x14001b7c       0x20 C:\nxp\LPCXpresso_8.0.0_526\lpcxpresso\Examples\LPCOpen\lpcopen_2_12_lpcxpresso_ngx_xplorer_4330\lpc_chip_43xx\Debug\liblpc_chip_43xx.a(uart_18xx_43xx.o)
 .text.Chip_UART_SetDivisorLatches
                0x14001b9c       0x28 C:\nxp\LPCXpresso_8.0.0_526\lpcxpresso\Examples\LPCOpen\lpcopen_2_12_lpcxpresso_ngx_xplorer_4330\lpc_chip_43xx\Debug\liblpc_chip_43xx.a(uart_18xx_43xx.o)
 .text.Chip_UART_GetClockIndex
                0x14001bc4       0x50 C:\nxp\LPCXpresso_8.0.0_526\lpcxpresso\Examples\LPCOpen\lpcopen_2_12_lpcxpresso_ngx_xplorer_4330\lpc_chip_43xx\Debug\liblpc_chip_43xx.a(uart_18xx_43xx.o)
 .text.Chip_UART_Init
                0x14001c14       0x7c C:\nxp\LPCXpresso_8.0.0_526\lpcxpresso\Examples\LPCOpen\lpcopen_2_12_lpcxpresso_ngx_xplorer_4330\lpc_chip_43xx\Debug\liblpc_chip_43xx.a(uart_18xx_43xx.o)
                0x14001c14                Chip_UART_Init
 .text.Chip_UART_SetBaud
                0x14001c90       0x64 C:\nxp\LPCXpresso_8.0.0_526\lpcxpresso\Examples\LPCOpen\lpcopen_2_12_lpcxpresso_ngx_xplorer_4330\lpc_chip_43xx\Debug\liblpc_chip_43xx.a(uart_18xx_43xx.o)
                0x14001c90                Chip_UART_SetBaud
 .text.__main   0x14001cf4       0x14 c:/nxp/lpcxpresso_8.0.0_526/lpcxpresso/tools/bin/../lib/gcc/arm-none-eabi/4.9.3/../../../../arm-none-eabi/lib/armv7e-m/softfp\libcr_nohost.a(_cr__main.o)
                0x14001cf4                __main
 .text.memset   0x14001d08        0x4 c:/nxp/lpcxpresso_8.0.0_526/lpcxpresso/tools/bin/../lib/gcc/arm-none-eabi/4.9.3/../../../../arm-none-eabi/lib/armv7e-m/softfp\libcr_c.a(memset.o)
                0x14001d08                memset
 .text._initio  0x14001d0c       0xa4 c:/nxp/lpcxpresso_8.0.0_526/lpcxpresso/tools/bin/../lib/gcc/arm-none-eabi/4.9.3/../../../../arm-none-eabi/lib/armv7e-m/softfp\libcr_c.a(initio.o)
                0x14001d0c                _initio
 .text.setvbuf  0x14001db0       0x40 c:/nxp/lpcxpresso_8.0.0_526/lpcxpresso/tools/bin/../lib/gcc/arm-none-eabi/4.9.3/../../../../arm-none-eabi/lib/armv7e-m/softfp\libcr_c.a(setvbuf.o)
                0x14001db0                setvbuf
 .text._deferredlazyseek
                0x14001df0       0x44 c:/nxp/lpcxpresso_8.0.0_526/lpcxpresso/tools/bin/../lib/gcc/arm-none-eabi/4.9.3/../../../../arm-none-eabi/lib/armv7e-m/softfp\libcr_c.a(_deferredlazyseek.o)
                0x14001df0                _deferredlazyseek
 .text._fdopen  0x14001e34       0x6a c:/nxp/lpcxpresso_8.0.0_526/lpcxpresso/tools/bin/../lib/gcc/arm-none-eabi/4.9.3/../../../../arm-none-eabi/lib/armv7e-m/softfp\libcr_c.a(_fdopen.o)
                0x14001e34                _fdopen
 .text._fflush  0x14001e9e       0x58 c:/nxp/lpcxpresso_8.0.0_526/lpcxpresso/tools/bin/../lib/gcc/arm-none-eabi/4.9.3/../../../../arm-none-eabi/lib/armv7e-m/softfp\libcr_c.a(_fflush.o)
                0x14001e9e                _fflush
 *fill*         0x14001ef6        0x2 
 .text._Cwritebuf
                0x14001ef8       0x68 c:/nxp/lpcxpresso_8.0.0_526/lpcxpresso/tools/bin/../lib/gcc/arm-none-eabi/4.9.3/../../../../arm-none-eabi/lib/armv7e-m/softfp\libcr_c.a(_writebuf.o)
                0x14001ef8                _Cwritebuf
 .text.malloc   0x14001f60       0xcc c:/nxp/lpcxpresso_8.0.0_526/lpcxpresso/tools/bin/../lib/gcc/arm-none-eabi/4.9.3/../../../../arm-none-eabi/lib/armv7e-m/softfp\libcr_c.a(alloc.o)
                0x14001f60                malloc
 .text.free     0x1400202c       0x30 c:/nxp/lpcxpresso_8.0.0_526/lpcxpresso/tools/bin/../lib/gcc/arm-none-eabi/4.9.3/../../../../arm-none-eabi/lib/armv7e-m/softfp\libcr_c.a(alloc.o)
                0x1400202c                free
 .text._Csys_alloc
                0x1400205c       0x20 c:/nxp/lpcxpresso_8.0.0_526/lpcxpresso/tools/bin/../lib/gcc/arm-none-eabi/4.9.3/../../../../arm-none-eabi/lib/armv7e-m/softfp\libcr_c.a(alloc.o)
                0x1400205c                _Csys_alloc
 .text.fclose   0x1400207c       0x6c c:/nxp/lpcxpresso_8.0.0_526/lpcxpresso/tools/bin/../lib/gcc/arm-none-eabi/4.9.3/../../../../arm-none-eabi/lib/armv7e-m/softfp\libcr_c.a(fclose.o)
                0x1400207c                fclose
 .text.fflush   0x140020e8       0x30 c:/nxp/lpcxpresso_8.0.0_526/lpcxpresso/tools/bin/../lib/gcc/arm-none-eabi/4.9.3/../../../../arm-none-eabi/lib/armv7e-m/softfp\libcr_c.a(fflush.o)
                0x140020e8                fflush
 .text.fseek    0x14002118      0x110 c:/nxp/lpcxpresso_8.0.0_526/lpcxpresso/tools/bin/../lib/gcc/arm-none-eabi/4.9.3/../../../../arm-none-eabi/lib/armv7e-m/softfp\libcr_c.a(fseek.o)
                0x14002118                fseek
 .text.ftell    0x14002228       0x4c c:/nxp/lpcxpresso_8.0.0_526/lpcxpresso/tools/bin/../lib/gcc/arm-none-eabi/4.9.3/../../../../arm-none-eabi/lib/armv7e-m/softfp\libcr_c.a(ftell.o)
                0x14002228                ftell
 .text.remove   0x14002274       0x14 c:/nxp/lpcxpresso_8.0.0_526/lpcxpresso/tools/bin/../lib/gcc/arm-none-eabi/4.9.3/../../../../arm-none-eabi/lib/armv7e-m/softfp\libcr_c.a(remove.o)
                0x14002274                remove
 .text.strlen   0x14002288       0x4a c:/nxp/lpcxpresso_8.0.0_526/lpcxpresso/tools/bin/../lib/gcc/arm-none-eabi/4.9.3/../../../../arm-none-eabi/lib/armv7e-m/softfp\libcr_c.a(strlen.o)
                0x14002288                strlen
 *fill*         0x140022d2        0x2 
 .text._sbrk    0x140022d4       0x40 c:/nxp/lpcxpresso_8.0.0_526/lpcxpresso/tools/bin/../lib/gcc/arm-none-eabi/4.9.3/../../../../arm-none-eabi/lib/armv7e-m/softfp\libcr_c.a(_cr_sbrk.o)
                0x140022d4                _sbrk
 .text._do_fflush
                0x14002314       0x44 c:/nxp/lpcxpresso_8.0.0_526/lpcxpresso/tools/bin/../lib/gcc/arm-none-eabi/4.9.3/../../../../arm-none-eabi/lib/armv7e-m/softfp\libcr_c.a(_do_fflush.o)
                0x14002314                _do_fflush
 .text.__check_heap_overflow
                0x14002358       0x18 c:/nxp/lpcxpresso_8.0.0_526/lpcxpresso/tools/bin/../lib/gcc/arm-none-eabi/4.9.3/../../../../arm-none-eabi/lib/armv7e-m/softfp\libcr_c.a(_cr_check_heap.o)
                0x14002358                __check_heap_overflow
 .text.__aeabi_memset_lowlevel
                0x14002370       0x32 c:/nxp/lpcxpresso_8.0.0_526/lpcxpresso/tools/bin/../lib/gcc/arm-none-eabi/4.9.3/armv7e-m/softfp\libcr_eabihelpers.a(memcpy.o)
                0x14002370                __aeabi_lowlevel_memset
 .text.__sys_appexit
                0x140023a2        0x2 c:/nxp/lpcxpresso_8.0.0_526/lpcxpresso/tools/bin/../lib/gcc/arm-none-eabi/4.9.3/../../../../arm-none-eabi/lib/armv7e-m/softfp\libcr_nohost.a(__sys_appexit.o)
                0x140023a2                __sys_appexit
                0x140023a2                __exit
 .text.__sys_close
                0x140023a4        0x6 c:/nxp/lpcxpresso_8.0.0_526/lpcxpresso/tools/bin/../lib/gcc/arm-none-eabi/4.9.3/../../../../arm-none-eabi/lib/armv7e-m/softfp\libcr_nohost.a(__sys_close.o)
                0x140023a4                __sys_close
 .text.__sys_flen
                0x140023aa        0x6 c:/nxp/lpcxpresso_8.0.0_526/lpcxpresso/tools/bin/../lib/gcc/arm-none-eabi/4.9.3/../../../../arm-none-eabi/lib/armv7e-m/softfp\libcr_nohost.a(__sys_flen.o)
                0x140023aa                __sys_flen
 .text.__sys_istty
                0x140023b0        0x6 c:/nxp/lpcxpresso_8.0.0_526/lpcxpresso/tools/bin/../lib/gcc/arm-none-eabi/4.9.3/../../../../arm-none-eabi/lib/armv7e-m/softfp\libcr_nohost.a(__sys_istty.o)
                0x140023b0                __sys_istty
 .text.__sys_remove
                0x140023b6        0x6 c:/nxp/lpcxpresso_8.0.0_526/lpcxpresso/tools/bin/../lib/gcc/arm-none-eabi/4.9.3/../../../../arm-none-eabi/lib/armv7e-m/softfp\libcr_nohost.a(__sys_remove.o)
                0x140023b6                __sys_remove
 .text.__sys_seek
                0x140023bc        0x6 c:/nxp/lpcxpresso_8.0.0_526/lpcxpresso/tools/bin/../lib/gcc/arm-none-eabi/4.9.3/../../../../arm-none-eabi/lib/armv7e-m/softfp\libcr_nohost.a(__sys_seek.o)
                0x140023bc                __sys_seek
 .text.__sys_tmpnam
                0x140023c2        0x6 c:/nxp/lpcxpresso_8.0.0_526/lpcxpresso/tools/bin/../lib/gcc/arm-none-eabi/4.9.3/../../../../arm-none-eabi/lib/armv7e-m/softfp\libcr_nohost.a(__sys_tmpnam.o)
                0x140023c2                __sys_tmpnam
 *(.rodata .rodata.* .constdata .constdata.*)
 .rodata.HID_ReportDescriptor
                0x140023c8       0x21 ./example/src/hid_desc.o
                0x140023c8                HID_ReportDescriptor
 *fill*         0x140023e9        0x1 
 .rodata.HID_ReportDescSize
                0x140023ea        0x2 ./example/src/hid_desc.o
                0x140023ea                HID_ReportDescSize
 .rodata.USB_DeviceDescriptor
                0x140023ec       0x12 ./example/src/hid_desc.o
                0x140023ec                USB_DeviceDescriptor
 *fill*         0x140023fe        0x2 
 .rodata.USB_DeviceQualifier
                0x14002400        0xa ./example/src/hid_desc.o
                0x14002400                USB_DeviceQualifier
 *fill*         0x1400240a        0x2 
 .rodata.USB_StringDescriptor
                0x1400240c       0x68 ./example/src/hid_desc.o
                0x1400240c                USB_StringDescriptor
 .rodata        0x14002474       0x15 ./example/src/main.o
 *fill*         0x14002489        0x3 
 .rodata.ExtRateIn
                0x1400248c        0x4 C:\nxp\LPCXpresso_8.0.0_526\lpcxpresso\Examples\LPCOpen\lpcopen_2_12_lpcxpresso_ngx_xplorer_4330\lpc_board_ngx_xplorer_4330\Debug\liblpc_board_ngx_xplorer_4330.a(board.o)
                0x1400248c                ExtRateIn
 .rodata.OscRateIn
                0x14002490        0x4 C:\nxp\LPCXpresso_8.0.0_526\lpcxpresso\Examples\LPCOpen\lpcopen_2_12_lpcxpresso_ngx_xplorer_4330\lpc_board_ngx_xplorer_4330\Debug\liblpc_board_ngx_xplorer_4330.a(board.o)
                0x14002490                OscRateIn
 .rodata.InitClkStates
                0x14002494       0x10 C:\nxp\LPCXpresso_8.0.0_526\lpcxpresso\Examples\LPCOpen\lpcopen_2_12_lpcxpresso_ngx_xplorer_4330\lpc_board_ngx_xplorer_4330\Debug\liblpc_board_ngx_xplorer_4330.a(board_sysinit.o)
 .rodata.spifipinmuxing
                0x140024a4       0x18 C:\nxp\LPCXpresso_8.0.0_526\lpcxpresso\Examples\LPCOpen\lpcopen_2_12_lpcxpresso_ngx_xplorer_4330\lpc_board_ngx_xplorer_4330\Debug\liblpc_board_ngx_xplorer_4330.a(board_sysinit.o)
 .rodata.pinmuxing
                0x140024bc       0x44 C:\nxp\LPCXpresso_8.0.0_526\lpcxpresso\Examples\LPCOpen\lpcopen_2_12_lpcxpresso_ngx_xplorer_4330\lpc_board_ngx_xplorer_4330\Debug\liblpc_board_ngx_xplorer_4330.a(board_sysinit.o)
 .rodata.usbPLLSetup
                0x14002500       0x14 C:\nxp\LPCXpresso_8.0.0_526\lpcxpresso\Examples\LPCOpen\lpcopen_2_12_lpcxpresso_ngx_xplorer_4330\lpc_chip_43xx\Debug\liblpc_chip_43xx.a(chip_18xx_43xx.o)
 .rodata.periph_to_base
                0x14002514       0x6c C:\nxp\LPCXpresso_8.0.0_526\lpcxpresso\Examples\LPCOpen\lpcopen_2_12_lpcxpresso_ngx_xplorer_4330\lpc_chip_43xx\Debug\liblpc_chip_43xx.a(clock_18xx_43xx.o)
 .rodata        0x14002580        0xa C:\nxp\LPCXpresso_8.0.0_526\lpcxpresso\Examples\LPCOpen\lpcopen_2_12_lpcxpresso_ngx_xplorer_4330\lpc_chip_43xx\Debug\liblpc_chip_43xx.a(clock_18xx_43xx.o)
 *fill*         0x1400258a        0x2 
 .rodata.InitClkStates
                0x1400258c       0x48 C:\nxp\LPCXpresso_8.0.0_526\lpcxpresso\Examples\LPCOpen\lpcopen_2_12_lpcxpresso_ngx_xplorer_4330\lpc_chip_43xx\Debug\liblpc_chip_43xx.a(sysinit_18xx_43xx.o)
 .rodata.str1.1
                0x140025d4        0x4 c:/nxp/lpcxpresso_8.0.0_526/lpcxpresso/tools/bin/../lib/gcc/arm-none-eabi/4.9.3/../../../../arm-none-eabi/lib/armv7e-m/softfp\libcr_c.a(initio.o)
 .rodata.str1.1
                0x140025d8       0x18 c:/nxp/lpcxpresso_8.0.0_526/lpcxpresso/tools/bin/../lib/gcc/arm-none-eabi/4.9.3/../../../../arm-none-eabi/lib/armv7e-m/softfp\libcr_c.a(alloc.o)
                0x140025f0                . = ALIGN (0x4)

.glue_7         0x140025f0        0x0
 .glue_7        0x00000000        0x0 linker stubs

.glue_7t        0x140025f0        0x0
 .glue_7t       0x00000000        0x0 linker stubs

.vfp11_veneer   0x140025f0        0x0
 .vfp11_veneer  0x00000000        0x0 linker stubs

.v4_bx          0x140025f0        0x0
 .v4_bx         0x00000000        0x0 linker stubs

.iplt           0x140025f0        0x0
 .iplt          0x00000000        0x0 ./example/src/cr_startup_lpc43xx.o

.rel.dyn        0x140025f0        0x0
 .rel.iplt      0x00000000        0x0 ./example/src/cr_startup_lpc43xx.o

.ARM.extab
 *(.ARM.extab* .gnu.linkonce.armextab.*)
                0x140025f0                __exidx_start = .

.ARM.exidx
 *(.ARM.exidx* .gnu.linkonce.armexidx.*)
                0x140025f0                __exidx_end = .
                0x140025f0                _etext = .

.data_RAM2      0x10080000        0x0 load address 0x140025f0
 FILL mask 0xff
                0x10080000                PROVIDE (__start_data_RAM2, .)
 *(.ramfunc.$RAM2)
 *(.ramfunc.$RamLoc72)
 *(.data.$RAM2*)
 *(.data.$RamLoc72*)
                0x10080000                . = ALIGN (0x4)
                0x10080000                PROVIDE (__end_data_RAM2, .)

.data_RAM3      0x20000000        0x0 load address 0x140025f0
 FILL mask 0xff
                0x20000000                PROVIDE (__start_data_RAM3, .)
 *(.ramfunc.$RAM3)
 *(.ramfunc.$RamAHB32)
 *(.data.$RAM3*)
 *(.data.$RamAHB32*)
                0x20000000                . = ALIGN (0x4)
                0x20000000                PROVIDE (__end_data_RAM3, .)

.data_RAM4      0x20008000        0x0 load address 0x140025f0
 FILL mask 0xff
                0x20008000                PROVIDE (__start_data_RAM4, .)
 *(.ramfunc.$RAM4)
 *(.ramfunc.$RamAHB16)
 *(.data.$RAM4*)
 *(.data.$RamAHB16*)
                0x20008000                . = ALIGN (0x4)
                0x20008000                PROVIDE (__end_data_RAM4, .)

.data_RAM5      0x2000c000        0x0 load address 0x140025f0
 FILL mask 0xff
                0x2000c000                PROVIDE (__start_data_RAM5, .)
 *(.ramfunc.$RAM5)
 *(.ramfunc.$RamAHB_ETB16)
 *(.data.$RAM5*)
 *(.data.$RamAHB_ETB16*)
                0x2000c000                . = ALIGN (0x4)
                0x2000c000                PROVIDE (__end_data_RAM5, .)

.uninit_RESERVED
                0x10000000        0x0
 *(.bss.$RESERVED*)
                0x10000000                . = ALIGN (0x4)
                0x10000000                _end_uninit_RESERVED = .

.data           0x10000000       0x58 load address 0x140025f0
 FILL mask 0xff
                0x10000000                _data = .
 *(vtable)
 *(.ramfunc*)
 *(.data*)
 .data.USB_HsConfigDescriptor
                0x10000000       0x2a ./example/src/hid_desc.o
                0x10000000                USB_HsConfigDescriptor
 *fill*         0x1000002a        0x2 
 .data.USB_FsConfigDescriptor
                0x1000002c       0x2a ./example/src/hid_desc.o
                0x1000002c                USB_FsConfigDescriptor
                0x10000058                . = ALIGN (0x4)
 *fill*         0x10000056        0x2 ff
                0x10000058                _edata = .

.igot.plt       0x10000058        0x0 load address 0x14002648
 .igot.plt      0x00000000        0x0 ./example/src/cr_startup_lpc43xx.o

.bss_RAM2       0x10080000        0x0
                0x10080000                PROVIDE (__start_bss_RAM2, .)
 *(.bss.$RAM2*)
 *(.bss.$RamLoc72*)
                0x10080000                . = ALIGN ((. != 0x0)?0x4:0x1)
                0x10080000                PROVIDE (__end_bss_RAM2, .)

.bss_RAM3       0x20000000        0x0
                0x20000000                PROVIDE (__start_bss_RAM3, .)
 *(.bss.$RAM3*)
 *(.bss.$RamAHB32*)
                0x20000000                . = ALIGN ((. != 0x0)?0x4:0x1)
                0x20000000                PROVIDE (__end_bss_RAM3, .)

.bss_RAM4       0x20008000        0x0
                0x20008000                PROVIDE (__start_bss_RAM4, .)
 *(.bss.$RAM4*)
 *(.bss.$RamAHB16*)
                0x20008000                . = ALIGN ((. != 0x0)?0x4:0x1)
                0x20008000                PROVIDE (__end_bss_RAM4, .)

.bss_RAM5       0x2000c000        0x0
                0x2000c000                PROVIDE (__start_bss_RAM5, .)
 *(.bss.$RAM5*)
 *(.bss.$RamAHB_ETB16*)
                0x2000c000                . = ALIGN ((. != 0x0)?0x4:0x1)
                0x2000c000                PROVIDE (__end_bss_RAM5, .)

.bss            0x10000058      0x174
                0x10000058                _bss = .
 *(.bss*)
 .bss.loopback_report
                0x10000058        0x4 ./example/src/hid_generic.o
 .bss.dataADC0  0x1000005c        0x2 ./example/src/main.o
 *fill*         0x1000005e        0x2 
 .bss.g_hUsb    0x10000060        0x4 ./example/src/main.o
 .bss.g_ep0RxBusy
                0x10000064        0x4 ./example/src/main.o
 .bss.g_Ep0BaseHdlr
                0x10000068        0x4 ./example/src/main.o
 .bss.audio_usb_pll_freq
                0x1000006c        0x8 C:\nxp\LPCXpresso_8.0.0_526\lpcxpresso\Examples\LPCOpen\lpcopen_2_12_lpcxpresso_ngx_xplorer_4330\lpc_chip_43xx\Debug\liblpc_chip_43xx.a(clock_18xx_43xx.o)
 .bss.errno     0x10000074        0x4 c:/nxp/lpcxpresso_8.0.0_526/lpcxpresso/tools/bin/../lib/gcc/arm-none-eabi/4.9.3/../../../../arm-none-eabi/lib/armv7e-m/softfp\libcr_c.a(errno.o)
                0x10000074                errno
 *(COMMON)
 COMMON         0x10000078        0x4 ./example/src/main.o
                0x10000078                g_pUsbApi
 COMMON         0x1000007c        0x4 C:\nxp\LPCXpresso_8.0.0_526\lpcxpresso\Examples\LPCOpen\lpcopen_2_12_lpcxpresso_ngx_xplorer_4330\lpc_chip_43xx\Debug\liblpc_chip_43xx.a(chip_18xx_43xx.o)
                0x1000007c                SystemCoreClock
 COMMON         0x10000080        0x4 c:/nxp/lpcxpresso_8.0.0_526/lpcxpresso/tools/bin/../lib/gcc/arm-none-eabi/4.9.3/../../../../arm-none-eabi/lib/armv7e-m/softfp\libcr_c.a(initio.o)
                0x10000080                _extra
 COMMON         0x10000084      0x140 c:/nxp/lpcxpresso_8.0.0_526/lpcxpresso/tools/bin/../lib/gcc/arm-none-eabi/4.9.3/../../../../arm-none-eabi/lib/armv7e-m/softfp\libcr_c.a(stdio.o)
                0x10000084                __Ciob
 COMMON         0x100001c4        0x8 c:/nxp/lpcxpresso_8.0.0_526/lpcxpresso/tools/bin/../lib/gcc/arm-none-eabi/4.9.3/../../../../arm-none-eabi/lib/armv7e-m/softfp\libcr_c.a(__init_alloc.o)
                0x100001c4                __heaps
                0x100001c8                __end_of_heap
                0x100001cc                . = ALIGN (0x4)
                0x100001cc                _ebss = .
                0x100001cc                PROVIDE (end, .)

.noinit_RAM2    0x10080000        0x0
 *(.noinit.$RAM2*)
 *(.noinit.$RamLoc72*)
                0x10080000                . = ALIGN (0x4)

.noinit_RAM3    0x20000000        0x0
 *(.noinit.$RAM3*)
 *(.noinit.$RamAHB32*)
                0x20000000                . = ALIGN (0x4)

.noinit_RAM4    0x20008000        0x0
 *(.noinit.$RAM4*)
 *(.noinit.$RamAHB16*)
                0x20008000                . = ALIGN (0x4)

.noinit_RAM5    0x2000c000        0x0
 *(.noinit.$RAM5*)
 *(.noinit.$RamAHB_ETB16*)
                0x2000c000                . = ALIGN (0x4)

.noinit         0x100001cc        0x0
                0x100001cc                _noinit = .
 *(.noinit*)
                0x100001cc                . = ALIGN (0x4)
                0x100001cc                _end_noinit = .
                0x100001cc                PROVIDE (_pvHeapStart, DEFINED (__user_heap_base)?__user_heap_base:.)
                0x10020000                PROVIDE (_vStackTop, DEFINED (__user_stack_top)?__user_stack_top:(__top_RamLoc128 - 0x0))
                0x77fdf3a2                PROVIDE (__valid_user_code_checksum, (0x0 - ((((((_vStackTop + (ResetISR + 0x1)) + (NMI_Handler + 0x1)) + (HardFault_Handler + 0x1)) + (DEFINED (MemManage_Handler)?MemManage_Handler:0x0 + 0x1)) + (DEFINED (BusFault_Handler)?BusFault_Handler:0x0 + 0x1)) + (DEFINED (UsageFault_Handler)?UsageFault_Handler:0x0 + 0x1))))
OUTPUT(contactless_monitor.axf elf32-littlearm)

.debug_info     0x00000000     0xb466
 .debug_info    0x00000000      0x292 ./example/src/cr_startup_lpc43xx.o
 .debug_info    0x00000292      0x16c ./example/src/hid_desc.o
 .debug_info    0x000003fe     0x1e78 ./example/src/hid_generic.o
 .debug_info    0x00002276     0x2ba7 ./example/src/main.o
 .debug_info    0x00004e1d       0xea ./example/src/sysinit.o
 .debug_info    0x00004f07     0x164f C:\nxp\LPCXpresso_8.0.0_526\lpcxpresso\Examples\LPCOpen\lpcopen_2_12_lpcxpresso_ngx_xplorer_4330\lpc_board_ngx_xplorer_4330\Debug\liblpc_board_ngx_xplorer_4330.a(board.o)
 .debug_info    0x00006556      0xb42 C:\nxp\LPCXpresso_8.0.0_526\lpcxpresso\Examples\LPCOpen\lpcopen_2_12_lpcxpresso_ngx_xplorer_4330\lpc_board_ngx_xplorer_4330\Debug\liblpc_board_ngx_xplorer_4330.a(board_sysinit.o)
 .debug_info    0x00007098      0x956 C:\nxp\LPCXpresso_8.0.0_526\lpcxpresso\Examples\LPCOpen\lpcopen_2_12_lpcxpresso_ngx_xplorer_4330\lpc_chip_43xx\Debug\liblpc_chip_43xx.a(adc_18xx_43xx.o)
 .debug_info    0x000079ee      0xa2d C:\nxp\LPCXpresso_8.0.0_526\lpcxpresso\Examples\LPCOpen\lpcopen_2_12_lpcxpresso_ngx_xplorer_4330\lpc_chip_43xx\Debug\liblpc_chip_43xx.a(chip_18xx_43xx.o)
 .debug_info    0x0000841b     0x13ae C:\nxp\LPCXpresso_8.0.0_526\lpcxpresso\Examples\LPCOpen\lpcopen_2_12_lpcxpresso_ngx_xplorer_4330\lpc_chip_43xx\Debug\liblpc_chip_43xx.a(clock_18xx_43xx.o)
 .debug_info    0x000097c9      0x128 C:\nxp\LPCXpresso_8.0.0_526\lpcxpresso\Examples\LPCOpen\lpcopen_2_12_lpcxpresso_ngx_xplorer_4330\lpc_chip_43xx\Debug\liblpc_chip_43xx.a(fpu_init.o)
 .debug_info    0x000098f1      0x42b C:\nxp\LPCXpresso_8.0.0_526\lpcxpresso\Examples\LPCOpen\lpcopen_2_12_lpcxpresso_ngx_xplorer_4330\lpc_chip_43xx\Debug\liblpc_chip_43xx.a(gpio_18xx_43xx.o)
 .debug_info    0x00009d1c      0x6da C:\nxp\LPCXpresso_8.0.0_526\lpcxpresso\Examples\LPCOpen\lpcopen_2_12_lpcxpresso_ngx_xplorer_4330\lpc_chip_43xx\Debug\liblpc_chip_43xx.a(sysinit_18xx_43xx.o)
 .debug_info    0x0000a3f6     0x1070 C:\nxp\LPCXpresso_8.0.0_526\lpcxpresso\Examples\LPCOpen\lpcopen_2_12_lpcxpresso_ngx_xplorer_4330\lpc_chip_43xx\Debug\liblpc_chip_43xx.a(uart_18xx_43xx.o)

.debug_abbrev   0x00000000     0x16e9
 .debug_abbrev  0x00000000       0xed ./example/src/cr_startup_lpc43xx.o
 .debug_abbrev  0x000000ed       0x60 ./example/src/hid_desc.o
 .debug_abbrev  0x0000014d      0x21a ./example/src/hid_generic.o
 .debug_abbrev  0x00000367      0x377 ./example/src/main.o
 .debug_abbrev  0x000006de       0x9c ./example/src/sysinit.o
 .debug_abbrev  0x0000077a      0x2d9 C:\nxp\LPCXpresso_8.0.0_526\lpcxpresso\Examples\LPCOpen\lpcopen_2_12_lpcxpresso_ngx_xplorer_4330\lpc_board_ngx_xplorer_4330\Debug\liblpc_board_ngx_xplorer_4330.a(board.o)
 .debug_abbrev  0x00000a53      0x18d C:\nxp\LPCXpresso_8.0.0_526\lpcxpresso\Examples\LPCOpen\lpcopen_2_12_lpcxpresso_ngx_xplorer_4330\lpc_board_ngx_xplorer_4330\Debug\liblpc_board_ngx_xplorer_4330.a(board_sysinit.o)
 .debug_abbrev  0x00000be0      0x1b2 C:\nxp\LPCXpresso_8.0.0_526\lpcxpresso\Examples\LPCOpen\lpcopen_2_12_lpcxpresso_ngx_xplorer_4330\lpc_chip_43xx\Debug\liblpc_chip_43xx.a(adc_18xx_43xx.o)
 .debug_abbrev  0x00000d92      0x148 C:\nxp\LPCXpresso_8.0.0_526\lpcxpresso\Examples\LPCOpen\lpcopen_2_12_lpcxpresso_ngx_xplorer_4330\lpc_chip_43xx\Debug\liblpc_chip_43xx.a(chip_18xx_43xx.o)
 .debug_abbrev  0x00000eda      0x2a1 C:\nxp\LPCXpresso_8.0.0_526\lpcxpresso\Examples\LPCOpen\lpcopen_2_12_lpcxpresso_ngx_xplorer_4330\lpc_chip_43xx\Debug\liblpc_chip_43xx.a(clock_18xx_43xx.o)
 .debug_abbrev  0x0000117b       0x84 C:\nxp\LPCXpresso_8.0.0_526\lpcxpresso\Examples\LPCOpen\lpcopen_2_12_lpcxpresso_ngx_xplorer_4330\lpc_chip_43xx\Debug\liblpc_chip_43xx.a(fpu_init.o)
 .debug_abbrev  0x000011ff      0x111 C:\nxp\LPCXpresso_8.0.0_526\lpcxpresso\Examples\LPCOpen\lpcopen_2_12_lpcxpresso_ngx_xplorer_4330\lpc_chip_43xx\Debug\liblpc_chip_43xx.a(gpio_18xx_43xx.o)
 .debug_abbrev  0x00001310      0x12d C:\nxp\LPCXpresso_8.0.0_526\lpcxpresso\Examples\LPCOpen\lpcopen_2_12_lpcxpresso_ngx_xplorer_4330\lpc_chip_43xx\Debug\liblpc_chip_43xx.a(sysinit_18xx_43xx.o)
 .debug_abbrev  0x0000143d      0x2ac C:\nxp\LPCXpresso_8.0.0_526\lpcxpresso\Examples\LPCOpen\lpcopen_2_12_lpcxpresso_ngx_xplorer_4330\lpc_chip_43xx\Debug\liblpc_chip_43xx.a(uart_18xx_43xx.o)

.debug_aranges  0x00000000      0x6e8
 .debug_aranges
                0x00000000       0x80 ./example/src/cr_startup_lpc43xx.o
 .debug_aranges
                0x00000080       0x18 ./example/src/hid_desc.o
 .debug_aranges
                0x00000098       0x38 ./example/src/hid_generic.o
 .debug_aranges
                0x000000d0       0xa8 ./example/src/main.o
 .debug_aranges
                0x00000178       0x20 ./example/src/sysinit.o
 .debug_aranges
                0x00000198      0x138 C:\nxp\LPCXpresso_8.0.0_526\lpcxpresso\Examples\LPCOpen\lpcopen_2_12_lpcxpresso_ngx_xplorer_4330\lpc_board_ngx_xplorer_4330\Debug\liblpc_board_ngx_xplorer_4330.a(board.o)
 .debug_aranges
                0x000002d0       0x40 C:\nxp\LPCXpresso_8.0.0_526\lpcxpresso\Examples\LPCOpen\lpcopen_2_12_lpcxpresso_ngx_xplorer_4330\lpc_board_ngx_xplorer_4330\Debug\liblpc_board_ngx_xplorer_4330.a(board_sysinit.o)
 .debug_aranges
                0x00000310       0x98 C:\nxp\LPCXpresso_8.0.0_526\lpcxpresso\Examples\LPCOpen\lpcopen_2_12_lpcxpresso_ngx_xplorer_4330\lpc_chip_43xx\Debug\liblpc_chip_43xx.a(adc_18xx_43xx.o)
 .debug_aranges
                0x000003a8       0x40 C:\nxp\LPCXpresso_8.0.0_526\lpcxpresso\Examples\LPCOpen\lpcopen_2_12_lpcxpresso_ngx_xplorer_4330\lpc_chip_43xx\Debug\liblpc_chip_43xx.a(chip_18xx_43xx.o)
 .debug_aranges
                0x000003e8      0x128 C:\nxp\LPCXpresso_8.0.0_526\lpcxpresso\Examples\LPCOpen\lpcopen_2_12_lpcxpresso_ngx_xplorer_4330\lpc_chip_43xx\Debug\liblpc_chip_43xx.a(clock_18xx_43xx.o)
 .debug_aranges
                0x00000510       0x20 C:\nxp\LPCXpresso_8.0.0_526\lpcxpresso\Examples\LPCOpen\lpcopen_2_12_lpcxpresso_ngx_xplorer_4330\lpc_chip_43xx\Debug\liblpc_chip_43xx.a(fpu_init.o)
 .debug_aranges
                0x00000530       0x68 C:\nxp\LPCXpresso_8.0.0_526\lpcxpresso\Examples\LPCOpen\lpcopen_2_12_lpcxpresso_ngx_xplorer_4330\lpc_chip_43xx\Debug\liblpc_chip_43xx.a(gpio_18xx_43xx.o)
 .debug_aranges
                0x00000598       0x38 C:\nxp\LPCXpresso_8.0.0_526\lpcxpresso\Examples\LPCOpen\lpcopen_2_12_lpcxpresso_ngx_xplorer_4330\lpc_chip_43xx\Debug\liblpc_chip_43xx.a(sysinit_18xx_43xx.o)
 .debug_aranges
                0x000005d0      0x118 C:\nxp\LPCXpresso_8.0.0_526\lpcxpresso\Examples\LPCOpen\lpcopen_2_12_lpcxpresso_ngx_xplorer_4330\lpc_chip_43xx\Debug\liblpc_chip_43xx.a(uart_18xx_43xx.o)

.debug_ranges   0x00000000      0x600
 .debug_ranges  0x00000000       0x70 ./example/src/cr_startup_lpc43xx.o
 .debug_ranges  0x00000070       0x28 ./example/src/hid_generic.o
 .debug_ranges  0x00000098       0x98 ./example/src/main.o
 .debug_ranges  0x00000130       0x10 ./example/src/sysinit.o
 .debug_ranges  0x00000140      0x128 C:\nxp\LPCXpresso_8.0.0_526\lpcxpresso\Examples\LPCOpen\lpcopen_2_12_lpcxpresso_ngx_xplorer_4330\lpc_board_ngx_xplorer_4330\Debug\liblpc_board_ngx_xplorer_4330.a(board.o)
 .debug_ranges  0x00000268       0x30 C:\nxp\LPCXpresso_8.0.0_526\lpcxpresso\Examples\LPCOpen\lpcopen_2_12_lpcxpresso_ngx_xplorer_4330\lpc_board_ngx_xplorer_4330\Debug\liblpc_board_ngx_xplorer_4330.a(board_sysinit.o)
 .debug_ranges  0x00000298       0x88 C:\nxp\LPCXpresso_8.0.0_526\lpcxpresso\Examples\LPCOpen\lpcopen_2_12_lpcxpresso_ngx_xplorer_4330\lpc_chip_43xx\Debug\liblpc_chip_43xx.a(adc_18xx_43xx.o)
 .debug_ranges  0x00000320       0x30 C:\nxp\LPCXpresso_8.0.0_526\lpcxpresso\Examples\LPCOpen\lpcopen_2_12_lpcxpresso_ngx_xplorer_4330\lpc_chip_43xx\Debug\liblpc_chip_43xx.a(chip_18xx_43xx.o)
 .debug_ranges  0x00000350      0x118 C:\nxp\LPCXpresso_8.0.0_526\lpcxpresso\Examples\LPCOpen\lpcopen_2_12_lpcxpresso_ngx_xplorer_4330\lpc_chip_43xx\Debug\liblpc_chip_43xx.a(clock_18xx_43xx.o)
 .debug_ranges  0x00000468       0x10 C:\nxp\LPCXpresso_8.0.0_526\lpcxpresso\Examples\LPCOpen\lpcopen_2_12_lpcxpresso_ngx_xplorer_4330\lpc_chip_43xx\Debug\liblpc_chip_43xx.a(fpu_init.o)
 .debug_ranges  0x00000478       0x58 C:\nxp\LPCXpresso_8.0.0_526\lpcxpresso\Examples\LPCOpen\lpcopen_2_12_lpcxpresso_ngx_xplorer_4330\lpc_chip_43xx\Debug\liblpc_chip_43xx.a(gpio_18xx_43xx.o)
 .debug_ranges  0x000004d0       0x28 C:\nxp\LPCXpresso_8.0.0_526\lpcxpresso\Examples\LPCOpen\lpcopen_2_12_lpcxpresso_ngx_xplorer_4330\lpc_chip_43xx\Debug\liblpc_chip_43xx.a(sysinit_18xx_43xx.o)
 .debug_ranges  0x000004f8      0x108 C:\nxp\LPCXpresso_8.0.0_526\lpcxpresso\Examples\LPCOpen\lpcopen_2_12_lpcxpresso_ngx_xplorer_4330\lpc_chip_43xx\Debug\liblpc_chip_43xx.a(uart_18xx_43xx.o)

.debug_macro    0x00000000     0x81c7
 .debug_macro   0x00000000       0x1d ./example/src/cr_startup_lpc43xx.o
 .debug_macro   0x0000001d      0x88c ./example/src/cr_startup_lpc43xx.o
 .debug_macro   0x000008a9      0x107 ./example/src/hid_desc.o
 .debug_macro   0x000009b0       0x10 ./example/src/hid_desc.o
 .debug_macro   0x000009c0      0x12d ./example/src/hid_desc.o
 .debug_macro   0x00000aed      0x5b2 ./example/src/hid_desc.o
 .debug_macro   0x0000109f       0x22 ./example/src/hid_desc.o
 .debug_macro   0x000010c1       0x7b ./example/src/hid_desc.o
 .debug_macro   0x0000113c       0x18 ./example/src/hid_desc.o
 .debug_macro   0x00001154      0x26c ./example/src/hid_desc.o
 .debug_macro   0x000013c0       0x6a ./example/src/hid_desc.o
 .debug_macro   0x0000142a       0x12 ./example/src/hid_desc.o
 .debug_macro   0x0000143c       0xfa ./example/src/hid_desc.o
 .debug_macro   0x00001536       0xee ./example/src/hid_desc.o
 .debug_macro   0x00001624      0x69a ./example/src/hid_desc.o
 .debug_macro   0x00001cbe      0x272 ./example/src/hid_desc.o
 .debug_macro   0x00001f30       0x10 ./example/src/hid_desc.o
 .debug_macro   0x00001f40      0x3ca ./example/src/hid_generic.o
 .debug_macro   0x0000230a       0x10 ./example/src/hid_generic.o
 .debug_macro   0x0000231a       0x28 ./example/src/hid_generic.o
 .debug_macro   0x00002342       0x3b ./example/src/hid_generic.o
 .debug_macro   0x0000237d       0x2d ./example/src/hid_generic.o
 .debug_macro   0x000023aa       0x42 ./example/src/hid_generic.o
 .debug_macro   0x000023ec      0xd39 ./example/src/hid_generic.o
 .debug_macro   0x00003125      0x2bc ./example/src/hid_generic.o
 .debug_macro   0x000033e1      0x112 ./example/src/hid_generic.o
 .debug_macro   0x000034f3       0x11 ./example/src/hid_generic.o
 .debug_macro   0x00003504       0x1e ./example/src/hid_generic.o
 .debug_macro   0x00003522       0x16 ./example/src/hid_generic.o
 .debug_macro   0x00003538      0x2e6 ./example/src/hid_generic.o
 .debug_macro   0x0000381e       0x82 ./example/src/hid_generic.o
 .debug_macro   0x000038a0      0x13d ./example/src/hid_generic.o
 .debug_macro   0x000039dd      0x198 ./example/src/hid_generic.o
 .debug_macro   0x00003b75       0x34 ./example/src/hid_generic.o
 .debug_macro   0x00003ba9       0x58 ./example/src/hid_generic.o
 .debug_macro   0x00003c01      0x236 ./example/src/hid_generic.o
 .debug_macro   0x00003e37      0x572 ./example/src/hid_generic.o
 .debug_macro   0x000043a9       0x16 ./example/src/hid_generic.o
 .debug_macro   0x000043bf      0x18a ./example/src/hid_generic.o
 .debug_macro   0x00004549       0x88 ./example/src/hid_generic.o
 .debug_macro   0x000045d1      0x1b9 ./example/src/hid_generic.o
 .debug_macro   0x0000478a      0x1da ./example/src/hid_generic.o
 .debug_macro   0x00004964       0x40 ./example/src/hid_generic.o
 .debug_macro   0x000049a4       0x1c ./example/src/hid_generic.o
 .debug_macro   0x000049c0       0x2e ./example/src/hid_generic.o
 .debug_macro   0x000049ee       0x2e ./example/src/hid_generic.o
 .debug_macro   0x00004a1c       0x22 ./example/src/hid_generic.o
 .debug_macro   0x00004a3e      0x201 ./example/src/hid_generic.o
 .debug_macro   0x00004c3f       0xe0 ./example/src/hid_generic.o
 .debug_macro   0x00004d1f      0x34c ./example/src/hid_generic.o
 .debug_macro   0x0000506b       0xdc ./example/src/hid_generic.o
 .debug_macro   0x00005147       0x94 ./example/src/hid_generic.o
 .debug_macro   0x000051db       0xb8 ./example/src/hid_generic.o
 .debug_macro   0x00005293       0x4c ./example/src/hid_generic.o
 .debug_macro   0x000052df       0x16 ./example/src/hid_generic.o
 .debug_macro   0x000052f5      0x328 ./example/src/hid_generic.o
 .debug_macro   0x0000561d       0x3a ./example/src/hid_generic.o
 .debug_macro   0x00005657       0xd0 ./example/src/hid_generic.o
 .debug_macro   0x00005727       0x22 ./example/src/hid_generic.o
 .debug_macro   0x00005749       0x40 ./example/src/hid_generic.o
 .debug_macro   0x00005789       0x94 ./example/src/hid_generic.o
 .debug_macro   0x0000581d       0x9a ./example/src/hid_generic.o
 .debug_macro   0x000058b7       0x20 ./example/src/hid_generic.o
 .debug_macro   0x000058d7       0x28 ./example/src/hid_generic.o
 .debug_macro   0x000058ff      0x124 ./example/src/hid_generic.o
 .debug_macro   0x00005a23      0x3e3 ./example/src/main.o
 .debug_macro   0x00005e06      0x324 ./example/src/sysinit.o
 .debug_macro   0x0000612a      0x33b C:\nxp\LPCXpresso_8.0.0_526\lpcxpresso\Examples\LPCOpen\lpcopen_2_12_lpcxpresso_ngx_xplorer_4330\lpc_board_ngx_xplorer_4330\Debug\liblpc_board_ngx_xplorer_4330.a(board.o)
 .debug_macro   0x00006465      0x886 C:\nxp\LPCXpresso_8.0.0_526\lpcxpresso\Examples\LPCOpen\lpcopen_2_12_lpcxpresso_ngx_xplorer_4330\lpc_board_ngx_xplorer_4330\Debug\liblpc_board_ngx_xplorer_4330.a(board.o)
 .debug_macro   0x00006ceb       0x12 C:\nxp\LPCXpresso_8.0.0_526\lpcxpresso\Examples\LPCOpen\lpcopen_2_12_lpcxpresso_ngx_xplorer_4330\lpc_board_ngx_xplorer_4330\Debug\liblpc_board_ngx_xplorer_4330.a(board.o)
 .debug_macro   0x00006cfd      0x324 C:\nxp\LPCXpresso_8.0.0_526\lpcxpresso\Examples\LPCOpen\lpcopen_2_12_lpcxpresso_ngx_xplorer_4330\lpc_board_ngx_xplorer_4330\Debug\liblpc_board_ngx_xplorer_4330.a(board_sysinit.o)
 .debug_macro   0x00007021      0x2d0 C:\nxp\LPCXpresso_8.0.0_526\lpcxpresso\Examples\LPCOpen\lpcopen_2_12_lpcxpresso_ngx_xplorer_4330\lpc_chip_43xx\Debug\liblpc_chip_43xx.a(adc_18xx_43xx.o)
 .debug_macro   0x000072f1      0x2d0 C:\nxp\LPCXpresso_8.0.0_526\lpcxpresso\Examples\LPCOpen\lpcopen_2_12_lpcxpresso_ngx_xplorer_4330\lpc_chip_43xx\Debug\liblpc_chip_43xx.a(chip_18xx_43xx.o)
 .debug_macro   0x000075c1      0x2d6 C:\nxp\LPCXpresso_8.0.0_526\lpcxpresso\Examples\LPCOpen\lpcopen_2_12_lpcxpresso_ngx_xplorer_4330\lpc_chip_43xx\Debug\liblpc_chip_43xx.a(clock_18xx_43xx.o)
 .debug_macro   0x00007897       0xc0 C:\nxp\LPCXpresso_8.0.0_526\lpcxpresso\Examples\LPCOpen\lpcopen_2_12_lpcxpresso_ngx_xplorer_4330\lpc_chip_43xx\Debug\liblpc_chip_43xx.a(fpu_init.o)
 .debug_macro   0x00007957      0x2d0 C:\nxp\LPCXpresso_8.0.0_526\lpcxpresso\Examples\LPCOpen\lpcopen_2_12_lpcxpresso_ngx_xplorer_4330\lpc_chip_43xx\Debug\liblpc_chip_43xx.a(gpio_18xx_43xx.o)
 .debug_macro   0x00007c27      0x2d0 C:\nxp\LPCXpresso_8.0.0_526\lpcxpresso\Examples\LPCOpen\lpcopen_2_12_lpcxpresso_ngx_xplorer_4330\lpc_chip_43xx\Debug\liblpc_chip_43xx.a(sysinit_18xx_43xx.o)
 .debug_macro   0x00007ef7      0x2d0 C:\nxp\LPCXpresso_8.0.0_526\lpcxpresso\Examples\LPCOpen\lpcopen_2_12_lpcxpresso_ngx_xplorer_4330\lpc_chip_43xx\Debug\liblpc_chip_43xx.a(uart_18xx_43xx.o)

.debug_line     0x00000000     0x5e76
 .debug_line    0x00000000      0x102 ./example/src/cr_startup_lpc43xx.o
 .debug_line    0x00000102      0x323 ./example/src/hid_desc.o
 .debug_line    0x00000425      0x8cd ./example/src/hid_generic.o
 .debug_line    0x00000cf2      0xa2f ./example/src/main.o
 .debug_line    0x00001721      0x6c1 ./example/src/sysinit.o
 .debug_line    0x00001de2      0x9ec C:\nxp\LPCXpresso_8.0.0_526\lpcxpresso\Examples\LPCOpen\lpcopen_2_12_lpcxpresso_ngx_xplorer_4330\lpc_board_ngx_xplorer_4330\Debug\liblpc_board_ngx_xplorer_4330.a(board.o)
 .debug_line    0x000027ce      0x734 C:\nxp\LPCXpresso_8.0.0_526\lpcxpresso\Examples\LPCOpen\lpcopen_2_12_lpcxpresso_ngx_xplorer_4330\lpc_board_ngx_xplorer_4330\Debug\liblpc_board_ngx_xplorer_4330.a(board_sysinit.o)
 .debug_line    0x00002f02      0x749 C:\nxp\LPCXpresso_8.0.0_526\lpcxpresso\Examples\LPCOpen\lpcopen_2_12_lpcxpresso_ngx_xplorer_4330\lpc_chip_43xx\Debug\liblpc_chip_43xx.a(adc_18xx_43xx.o)
 .debug_line    0x0000364b      0x661 C:\nxp\LPCXpresso_8.0.0_526\lpcxpresso\Examples\LPCOpen\lpcopen_2_12_lpcxpresso_ngx_xplorer_4330\lpc_chip_43xx\Debug\liblpc_chip_43xx.a(chip_18xx_43xx.o)
 .debug_line    0x00003cac      0x968 C:\nxp\LPCXpresso_8.0.0_526\lpcxpresso\Examples\LPCOpen\lpcopen_2_12_lpcxpresso_ngx_xplorer_4330\lpc_chip_43xx\Debug\liblpc_chip_43xx.a(clock_18xx_43xx.o)
 .debug_line    0x00004614      0x225 C:\nxp\LPCXpresso_8.0.0_526\lpcxpresso\Examples\LPCOpen\lpcopen_2_12_lpcxpresso_ngx_xplorer_4330\lpc_chip_43xx\Debug\liblpc_chip_43xx.a(fpu_init.o)
 .debug_line    0x00004839      0x6b2 C:\nxp\LPCXpresso_8.0.0_526\lpcxpresso\Examples\LPCOpen\lpcopen_2_12_lpcxpresso_ngx_xplorer_4330\lpc_chip_43xx\Debug\liblpc_chip_43xx.a(gpio_18xx_43xx.o)
 .debug_line    0x00004eeb      0x650 C:\nxp\LPCXpresso_8.0.0_526\lpcxpresso\Examples\LPCOpen\lpcopen_2_12_lpcxpresso_ngx_xplorer_4330\lpc_chip_43xx\Debug\liblpc_chip_43xx.a(sysinit_18xx_43xx.o)
 .debug_line    0x0000553b      0x93b C:\nxp\LPCXpresso_8.0.0_526\lpcxpresso\Examples\LPCOpen\lpcopen_2_12_lpcxpresso_ngx_xplorer_4330\lpc_chip_43xx\Debug\liblpc_chip_43xx.a(uart_18xx_43xx.o)

.debug_str      0x00000000    0x1d8fb
 .debug_str     0x00000000     0x26ee ./example/src/cr_startup_lpc43xx.o
                               0x2706 (size before relaxing)
 .debug_str     0x000026ee     0x57d5 ./example/src/hid_desc.o
                               0x7d6e (size before relaxing)
 .debug_str     0x00007ec3    0x1377e ./example/src/hid_generic.o
                              0x1b58b (size before relaxing)
 .debug_str     0x0001b641      0xbcf ./example/src/main.o
                              0x1c137 (size before relaxing)
 .debug_str     0x0001c210       0x23 ./example/src/sysinit.o
                              0x157da (size before relaxing)
 .debug_str     0x0001c233      0x7b0 C:\nxp\LPCXpresso_8.0.0_526\lpcxpresso\Examples\LPCOpen\lpcopen_2_12_lpcxpresso_ngx_xplorer_4330\lpc_board_ngx_xplorer_4330\Debug\liblpc_board_ngx_xplorer_4330.a(board.o)
                              0x16ace (size before relaxing)
 .debug_str     0x0001c9e3      0x103 C:\nxp\LPCXpresso_8.0.0_526\lpcxpresso\Examples\LPCOpen\lpcopen_2_12_lpcxpresso_ngx_xplorer_4330\lpc_board_ngx_xplorer_4330\Debug\liblpc_board_ngx_xplorer_4330.a(board_sysinit.o)
                              0x16597 (size before relaxing)
 .debug_str     0x0001cae6      0x28f C:\nxp\LPCXpresso_8.0.0_526\lpcxpresso\Examples\LPCOpen\lpcopen_2_12_lpcxpresso_ngx_xplorer_4330\lpc_chip_43xx\Debug\liblpc_chip_43xx.a(adc_18xx_43xx.o)
                              0x15548 (size before relaxing)
 .debug_str     0x0001cd75       0xb1 C:\nxp\LPCXpresso_8.0.0_526\lpcxpresso\Examples\LPCOpen\lpcopen_2_12_lpcxpresso_ngx_xplorer_4330\lpc_chip_43xx\Debug\liblpc_chip_43xx.a(chip_18xx_43xx.o)
                              0x15a3a (size before relaxing)
 .debug_str     0x0001ce26      0x5a7 C:\nxp\LPCXpresso_8.0.0_526\lpcxpresso\Examples\LPCOpen\lpcopen_2_12_lpcxpresso_ngx_xplorer_4330\lpc_chip_43xx\Debug\liblpc_chip_43xx.a(clock_18xx_43xx.o)
                              0x15f83 (size before relaxing)
 .debug_str     0x0001d3cd       0xb5 C:\nxp\LPCXpresso_8.0.0_526\lpcxpresso\Examples\LPCOpen\lpcopen_2_12_lpcxpresso_ngx_xplorer_4330\lpc_chip_43xx\Debug\liblpc_chip_43xx.a(fpu_init.o)
                               0x992f (size before relaxing)
 .debug_str     0x0001d482       0xe4 C:\nxp\LPCXpresso_8.0.0_526\lpcxpresso\Examples\LPCOpen\lpcopen_2_12_lpcxpresso_ngx_xplorer_4330\lpc_chip_43xx\Debug\liblpc_chip_43xx.a(gpio_18xx_43xx.o)
                              0x14e32 (size before relaxing)
 .debug_str     0x0001d566       0x7e C:\nxp\LPCXpresso_8.0.0_526\lpcxpresso\Examples\LPCOpen\lpcopen_2_12_lpcxpresso_ngx_xplorer_4330\lpc_chip_43xx\Debug\liblpc_chip_43xx.a(sysinit_18xx_43xx.o)
                              0x158e2 (size before relaxing)
 .debug_str     0x0001d5e4      0x317 C:\nxp\LPCXpresso_8.0.0_526\lpcxpresso\Examples\LPCOpen\lpcopen_2_12_lpcxpresso_ngx_xplorer_4330\lpc_chip_43xx\Debug\liblpc_chip_43xx.a(uart_18xx_43xx.o)
                              0x15b53 (size before relaxing)

.comment        0x00000000       0xe0
 .comment       0x00000000       0x70 ./example/src/cr_startup_lpc43xx.o
                                 0x71 (size before relaxing)
 .comment       0x00000000       0x71 ./example/src/hid_desc.o
 .comment       0x00000000       0x71 ./example/src/hid_generic.o
 .comment       0x00000000       0x71 ./example/src/main.o
 .comment       0x00000000       0x71 ./example/src/sysinit.o
 .comment       0x00000000       0x71 C:\nxp\LPCXpresso_8.0.0_526\lpcxpresso\Examples\LPCOpen\lpcopen_2_12_lpcxpresso_ngx_xplorer_4330\lpc_board_ngx_xplorer_4330\Debug\liblpc_board_ngx_xplorer_4330.a(board.o)
 .comment       0x00000000       0x71 C:\nxp\LPCXpresso_8.0.0_526\lpcxpresso\Examples\LPCOpen\lpcopen_2_12_lpcxpresso_ngx_xplorer_4330\lpc_board_ngx_xplorer_4330\Debug\liblpc_board_ngx_xplorer_4330.a(board_sysinit.o)
 .comment       0x00000000       0x71 C:\nxp\LPCXpresso_8.0.0_526\lpcxpresso\Examples\LPCOpen\lpcopen_2_12_lpcxpresso_ngx_xplorer_4330\lpc_chip_43xx\Debug\liblpc_chip_43xx.a(adc_18xx_43xx.o)
 .comment       0x00000000       0x71 C:\nxp\LPCXpresso_8.0.0_526\lpcxpresso\Examples\LPCOpen\lpcopen_2_12_lpcxpresso_ngx_xplorer_4330\lpc_chip_43xx\Debug\liblpc_chip_43xx.a(chip_18xx_43xx.o)
 .comment       0x00000000       0x71 C:\nxp\LPCXpresso_8.0.0_526\lpcxpresso\Examples\LPCOpen\lpcopen_2_12_lpcxpresso_ngx_xplorer_4330\lpc_chip_43xx\Debug\liblpc_chip_43xx.a(clock_18xx_43xx.o)
 .comment       0x00000000       0x71 C:\nxp\LPCXpresso_8.0.0_526\lpcxpresso\Examples\LPCOpen\lpcopen_2_12_lpcxpresso_ngx_xplorer_4330\lpc_chip_43xx\Debug\liblpc_chip_43xx.a(fpu_init.o)
 .comment       0x00000000       0x71 C:\nxp\LPCXpresso_8.0.0_526\lpcxpresso\Examples\LPCOpen\lpcopen_2_12_lpcxpresso_ngx_xplorer_4330\lpc_chip_43xx\Debug\liblpc_chip_43xx.a(gpio_18xx_43xx.o)
 .comment       0x00000000       0x71 C:\nxp\LPCXpresso_8.0.0_526\lpcxpresso\Examples\LPCOpen\lpcopen_2_12_lpcxpresso_ngx_xplorer_4330\lpc_chip_43xx\Debug\liblpc_chip_43xx.a(sysinit_18xx_43xx.o)
 .comment       0x00000000       0x71 C:\nxp\LPCXpresso_8.0.0_526\lpcxpresso\Examples\LPCOpen\lpcopen_2_12_lpcxpresso_ngx_xplorer_4330\lpc_chip_43xx\Debug\liblpc_chip_43xx.a(uart_18xx_43xx.o)
 .comment       0x00000070       0x70 c:/nxp/lpcxpresso_8.0.0_526/lpcxpresso/tools/bin/../lib/gcc/arm-none-eabi/4.9.3/../../../../arm-none-eabi/lib/armv7e-m/softfp\libcr_nohost.a(_cr__main.o)
                                 0x71 (size before relaxing)
 .comment       0x00000000       0x71 c:/nxp/lpcxpresso_8.0.0_526/lpcxpresso/tools/bin/../lib/gcc/arm-none-eabi/4.9.3/../../../../arm-none-eabi/lib/armv7e-m/softfp\libcr_c.a(memset.o)
 .comment       0x00000000       0x71 c:/nxp/lpcxpresso_8.0.0_526/lpcxpresso/tools/bin/../lib/gcc/arm-none-eabi/4.9.3/../../../../arm-none-eabi/lib/armv7e-m/softfp\libcr_c.a(initio.o)
 .comment       0x00000000       0x71 c:/nxp/lpcxpresso_8.0.0_526/lpcxpresso/tools/bin/../lib/gcc/arm-none-eabi/4.9.3/../../../../arm-none-eabi/lib/armv7e-m/softfp\libcr_c.a(setvbuf.o)
 .comment       0x00000000       0x71 c:/nxp/lpcxpresso_8.0.0_526/lpcxpresso/tools/bin/../lib/gcc/arm-none-eabi/4.9.3/../../../../arm-none-eabi/lib/armv7e-m/softfp\libcr_c.a(stdio.o)
 .comment       0x00000000       0x71 c:/nxp/lpcxpresso_8.0.0_526/lpcxpresso/tools/bin/../lib/gcc/arm-none-eabi/4.9.3/../../../../arm-none-eabi/lib/armv7e-m/softfp\libcr_c.a(_deferredlazyseek.o)
 .comment       0x00000000       0x71 c:/nxp/lpcxpresso_8.0.0_526/lpcxpresso/tools/bin/../lib/gcc/arm-none-eabi/4.9.3/../../../../arm-none-eabi/lib/armv7e-m/softfp\libcr_c.a(_fdopen.o)
 .comment       0x00000000       0x71 c:/nxp/lpcxpresso_8.0.0_526/lpcxpresso/tools/bin/../lib/gcc/arm-none-eabi/4.9.3/../../../../arm-none-eabi/lib/armv7e-m/softfp\libcr_c.a(_fflush.o)
 .comment       0x00000000       0x71 c:/nxp/lpcxpresso_8.0.0_526/lpcxpresso/tools/bin/../lib/gcc/arm-none-eabi/4.9.3/../../../../arm-none-eabi/lib/armv7e-m/softfp\libcr_c.a(_writebuf.o)
 .comment       0x00000000       0x71 c:/nxp/lpcxpresso_8.0.0_526/lpcxpresso/tools/bin/../lib/gcc/arm-none-eabi/4.9.3/../../../../arm-none-eabi/lib/armv7e-m/softfp\libcr_c.a(alloc.o)
 .comment       0x00000000       0x71 c:/nxp/lpcxpresso_8.0.0_526/lpcxpresso/tools/bin/../lib/gcc/arm-none-eabi/4.9.3/../../../../arm-none-eabi/lib/armv7e-m/softfp\libcr_c.a(fclose.o)
 .comment       0x00000000       0x71 c:/nxp/lpcxpresso_8.0.0_526/lpcxpresso/tools/bin/../lib/gcc/arm-none-eabi/4.9.3/../../../../arm-none-eabi/lib/armv7e-m/softfp\libcr_c.a(fflush.o)
 .comment       0x00000000       0x71 c:/nxp/lpcxpresso_8.0.0_526/lpcxpresso/tools/bin/../lib/gcc/arm-none-eabi/4.9.3/../../../../arm-none-eabi/lib/armv7e-m/softfp\libcr_c.a(fseek.o)
 .comment       0x00000000       0x71 c:/nxp/lpcxpresso_8.0.0_526/lpcxpresso/tools/bin/../lib/gcc/arm-none-eabi/4.9.3/../../../../arm-none-eabi/lib/armv7e-m/softfp\libcr_c.a(ftell.o)
 .comment       0x00000000       0x71 c:/nxp/lpcxpresso_8.0.0_526/lpcxpresso/tools/bin/../lib/gcc/arm-none-eabi/4.9.3/../../../../arm-none-eabi/lib/armv7e-m/softfp\libcr_c.a(remove.o)
 .comment       0x00000000       0x71 c:/nxp/lpcxpresso_8.0.0_526/lpcxpresso/tools/bin/../lib/gcc/arm-none-eabi/4.9.3/../../../../arm-none-eabi/lib/armv7e-m/softfp\libcr_c.a(strlen.o)
 .comment       0x00000000       0x71 c:/nxp/lpcxpresso_8.0.0_526/lpcxpresso/tools/bin/../lib/gcc/arm-none-eabi/4.9.3/../../../../arm-none-eabi/lib/armv7e-m/softfp\libcr_c.a(__init_alloc.o)
 .comment       0x00000000       0x71 c:/nxp/lpcxpresso_8.0.0_526/lpcxpresso/tools/bin/../lib/gcc/arm-none-eabi/4.9.3/../../../../arm-none-eabi/lib/armv7e-m/softfp\libcr_c.a(_cr_sbrk.o)
 .comment       0x00000000       0x71 c:/nxp/lpcxpresso_8.0.0_526/lpcxpresso/tools/bin/../lib/gcc/arm-none-eabi/4.9.3/../../../../arm-none-eabi/lib/armv7e-m/softfp\libcr_c.a(_do_fflush.o)
 .comment       0x00000000       0x71 c:/nxp/lpcxpresso_8.0.0_526/lpcxpresso/tools/bin/../lib/gcc/arm-none-eabi/4.9.3/../../../../arm-none-eabi/lib/armv7e-m/softfp\libcr_c.a(errno.o)
 .comment       0x00000000       0x71 c:/nxp/lpcxpresso_8.0.0_526/lpcxpresso/tools/bin/../lib/gcc/arm-none-eabi/4.9.3/../../../../arm-none-eabi/lib/armv7e-m/softfp\libcr_c.a(_cr_check_heap.o)
 .comment       0x00000000       0x71 c:/nxp/lpcxpresso_8.0.0_526/lpcxpresso/tools/bin/../lib/gcc/arm-none-eabi/4.9.3/../../../../arm-none-eabi/lib/armv7e-m/softfp\libcr_nohost.a(__sys_appexit.o)
 .comment       0x00000000       0x71 c:/nxp/lpcxpresso_8.0.0_526/lpcxpresso/tools/bin/../lib/gcc/arm-none-eabi/4.9.3/../../../../arm-none-eabi/lib/armv7e-m/softfp\libcr_nohost.a(__sys_close.o)
 .comment       0x00000000       0x71 c:/nxp/lpcxpresso_8.0.0_526/lpcxpresso/tools/bin/../lib/gcc/arm-none-eabi/4.9.3/../../../../arm-none-eabi/lib/armv7e-m/softfp\libcr_nohost.a(__sys_flen.o)
 .comment       0x00000000       0x71 c:/nxp/lpcxpresso_8.0.0_526/lpcxpresso/tools/bin/../lib/gcc/arm-none-eabi/4.9.3/../../../../arm-none-eabi/lib/armv7e-m/softfp\libcr_nohost.a(__sys_istty.o)
 .comment       0x00000000       0x71 c:/nxp/lpcxpresso_8.0.0_526/lpcxpresso/tools/bin/../lib/gcc/arm-none-eabi/4.9.3/../../../../arm-none-eabi/lib/armv7e-m/softfp\libcr_nohost.a(__sys_remove.o)
 .comment       0x00000000       0x71 c:/nxp/lpcxpresso_8.0.0_526/lpcxpresso/tools/bin/../lib/gcc/arm-none-eabi/4.9.3/../../../../arm-none-eabi/lib/armv7e-m/softfp\libcr_nohost.a(__sys_seek.o)
 .comment       0x00000000       0x71 c:/nxp/lpcxpresso_8.0.0_526/lpcxpresso/tools/bin/../lib/gcc/arm-none-eabi/4.9.3/../../../../arm-none-eabi/lib/armv7e-m/softfp\libcr_nohost.a(__sys_tmpnam.o)

.ARM.attributes
                0x00000000       0x35
 .ARM.attributes
                0x00000000       0x37 ./example/src/cr_startup_lpc43xx.o
 .ARM.attributes
                0x00000037       0x37 ./example/src/hid_desc.o
 .ARM.attributes
                0x0000006e       0x37 ./example/src/hid_generic.o
 .ARM.attributes
                0x000000a5       0x37 ./example/src/main.o
 .ARM.attributes
                0x000000dc       0x37 ./example/src/sysinit.o
 .ARM.attributes
                0x00000113       0x37 C:\nxp\LPCXpresso_8.0.0_526\lpcxpresso\Examples\LPCOpen\lpcopen_2_12_lpcxpresso_ngx_xplorer_4330\lpc_board_ngx_xplorer_4330\Debug\liblpc_board_ngx_xplorer_4330.a(board.o)
 .ARM.attributes
                0x0000014a       0x37 C:\nxp\LPCXpresso_8.0.0_526\lpcxpresso\Examples\LPCOpen\lpcopen_2_12_lpcxpresso_ngx_xplorer_4330\lpc_board_ngx_xplorer_4330\Debug\liblpc_board_ngx_xplorer_4330.a(board_sysinit.o)
 .ARM.attributes
                0x00000181       0x37 C:\nxp\LPCXpresso_8.0.0_526\lpcxpresso\Examples\LPCOpen\lpcopen_2_12_lpcxpresso_ngx_xplorer_4330\lpc_chip_43xx\Debug\liblpc_chip_43xx.a(adc_18xx_43xx.o)
 .ARM.attributes
                0x000001b8       0x37 C:\nxp\LPCXpresso_8.0.0_526\lpcxpresso\Examples\LPCOpen\lpcopen_2_12_lpcxpresso_ngx_xplorer_4330\lpc_chip_43xx\Debug\liblpc_chip_43xx.a(chip_18xx_43xx.o)
 .ARM.attributes
                0x000001ef       0x37 C:\nxp\LPCXpresso_8.0.0_526\lpcxpresso\Examples\LPCOpen\lpcopen_2_12_lpcxpresso_ngx_xplorer_4330\lpc_chip_43xx\Debug\liblpc_chip_43xx.a(clock_18xx_43xx.o)
 .ARM.attributes
                0x00000226       0x37 C:\nxp\LPCXpresso_8.0.0_526\lpcxpresso\Examples\LPCOpen\lpcopen_2_12_lpcxpresso_ngx_xplorer_4330\lpc_chip_43xx\Debug\liblpc_chip_43xx.a(fpu_init.o)
 .ARM.attributes
                0x0000025d       0x37 C:\nxp\LPCXpresso_8.0.0_526\lpcxpresso\Examples\LPCOpen\lpcopen_2_12_lpcxpresso_ngx_xplorer_4330\lpc_chip_43xx\Debug\liblpc_chip_43xx.a(gpio_18xx_43xx.o)
 .ARM.attributes
                0x00000294       0x37 C:\nxp\LPCXpresso_8.0.0_526\lpcxpresso\Examples\LPCOpen\lpcopen_2_12_lpcxpresso_ngx_xplorer_4330\lpc_chip_43xx\Debug\liblpc_chip_43xx.a(sysinit_18xx_43xx.o)
 .ARM.attributes
                0x000002cb       0x37 C:\nxp\LPCXpresso_8.0.0_526\lpcxpresso\Examples\LPCOpen\lpcopen_2_12_lpcxpresso_ngx_xplorer_4330\lpc_chip_43xx\Debug\liblpc_chip_43xx.a(uart_18xx_43xx.o)
 .ARM.attributes
                0x00000302       0x37 c:/nxp/lpcxpresso_8.0.0_526/lpcxpresso/tools/bin/../lib/gcc/arm-none-eabi/4.9.3/../../../../arm-none-eabi/lib/armv7e-m/softfp\libcr_nohost.a(_cr__main.o)
 .ARM.attributes
                0x00000339       0x37 c:/nxp/lpcxpresso_8.0.0_526/lpcxpresso/tools/bin/../lib/gcc/arm-none-eabi/4.9.3/../../../../arm-none-eabi/lib/armv7e-m/softfp\libcr_c.a(memset.o)
 .ARM.attributes
                0x00000370       0x37 c:/nxp/lpcxpresso_8.0.0_526/lpcxpresso/tools/bin/../lib/gcc/arm-none-eabi/4.9.3/../../../../arm-none-eabi/lib/armv7e-m/softfp\libcr_c.a(initio.o)
 .ARM.attributes
                0x000003a7       0x37 c:/nxp/lpcxpresso_8.0.0_526/lpcxpresso/tools/bin/../lib/gcc/arm-none-eabi/4.9.3/../../../../arm-none-eabi/lib/armv7e-m/softfp\libcr_c.a(setvbuf.o)
 .ARM.attributes
                0x000003de       0x37 c:/nxp/lpcxpresso_8.0.0_526/lpcxpresso/tools/bin/../lib/gcc/arm-none-eabi/4.9.3/../../../../arm-none-eabi/lib/armv7e-m/softfp\libcr_c.a(stdio.o)
 .ARM.attributes
                0x00000415       0x37 c:/nxp/lpcxpresso_8.0.0_526/lpcxpresso/tools/bin/../lib/gcc/arm-none-eabi/4.9.3/../../../../arm-none-eabi/lib/armv7e-m/softfp\libcr_c.a(_deferredlazyseek.o)
 .ARM.attributes
                0x0000044c       0x37 c:/nxp/lpcxpresso_8.0.0_526/lpcxpresso/tools/bin/../lib/gcc/arm-none-eabi/4.9.3/../../../../arm-none-eabi/lib/armv7e-m/softfp\libcr_c.a(_fdopen.o)
 .ARM.attributes
                0x00000483       0x37 c:/nxp/lpcxpresso_8.0.0_526/lpcxpresso/tools/bin/../lib/gcc/arm-none-eabi/4.9.3/../../../../arm-none-eabi/lib/armv7e-m/softfp\libcr_c.a(_fflush.o)
 .ARM.attributes
                0x000004ba       0x37 c:/nxp/lpcxpresso_8.0.0_526/lpcxpresso/tools/bin/../lib/gcc/arm-none-eabi/4.9.3/../../../../arm-none-eabi/lib/armv7e-m/softfp\libcr_c.a(_writebuf.o)
 .ARM.attributes
                0x000004f1       0x37 c:/nxp/lpcxpresso_8.0.0_526/lpcxpresso/tools/bin/../lib/gcc/arm-none-eabi/4.9.3/../../../../arm-none-eabi/lib/armv7e-m/softfp\libcr_c.a(alloc.o)
 .ARM.attributes
                0x00000528       0x37 c:/nxp/lpcxpresso_8.0.0_526/lpcxpresso/tools/bin/../lib/gcc/arm-none-eabi/4.9.3/../../../../arm-none-eabi/lib/armv7e-m/softfp\libcr_c.a(fclose.o)
 .ARM.attributes
                0x0000055f       0x37 c:/nxp/lpcxpresso_8.0.0_526/lpcxpresso/tools/bin/../lib/gcc/arm-none-eabi/4.9.3/../../../../arm-none-eabi/lib/armv7e-m/softfp\libcr_c.a(fflush.o)
 .ARM.attributes
                0x00000596       0x37 c:/nxp/lpcxpresso_8.0.0_526/lpcxpresso/tools/bin/../lib/gcc/arm-none-eabi/4.9.3/../../../../arm-none-eabi/lib/armv7e-m/softfp\libcr_c.a(fseek.o)
 .ARM.attributes
                0x000005cd       0x37 c:/nxp/lpcxpresso_8.0.0_526/lpcxpresso/tools/bin/../lib/gcc/arm-none-eabi/4.9.3/../../../../arm-none-eabi/lib/armv7e-m/softfp\libcr_c.a(ftell.o)
 .ARM.attributes
                0x00000604       0x37 c:/nxp/lpcxpresso_8.0.0_526/lpcxpresso/tools/bin/../lib/gcc/arm-none-eabi/4.9.3/../../../../arm-none-eabi/lib/armv7e-m/softfp\libcr_c.a(remove.o)
 .ARM.attributes
                0x0000063b       0x37 c:/nxp/lpcxpresso_8.0.0_526/lpcxpresso/tools/bin/../lib/gcc/arm-none-eabi/4.9.3/../../../../arm-none-eabi/lib/armv7e-m/softfp\libcr_c.a(strlen.o)
 .ARM.attributes
                0x00000672       0x37 c:/nxp/lpcxpresso_8.0.0_526/lpcxpresso/tools/bin/../lib/gcc/arm-none-eabi/4.9.3/../../../../arm-none-eabi/lib/armv7e-m/softfp\libcr_c.a(__init_alloc.o)
 .ARM.attributes
                0x000006a9       0x37 c:/nxp/lpcxpresso_8.0.0_526/lpcxpresso/tools/bin/../lib/gcc/arm-none-eabi/4.9.3/../../../../arm-none-eabi/lib/armv7e-m/softfp\libcr_c.a(_cr_sbrk.o)
 .ARM.attributes
                0x000006e0       0x37 c:/nxp/lpcxpresso_8.0.0_526/lpcxpresso/tools/bin/../lib/gcc/arm-none-eabi/4.9.3/../../../../arm-none-eabi/lib/armv7e-m/softfp\libcr_c.a(_do_fflush.o)
 .ARM.attributes
                0x00000717       0x37 c:/nxp/lpcxpresso_8.0.0_526/lpcxpresso/tools/bin/../lib/gcc/arm-none-eabi/4.9.3/../../../../arm-none-eabi/lib/armv7e-m/softfp\libcr_c.a(errno.o)
 .ARM.attributes
                0x0000074e       0x37 c:/nxp/lpcxpresso_8.0.0_526/lpcxpresso/tools/bin/../lib/gcc/arm-none-eabi/4.9.3/../../../../arm-none-eabi/lib/armv7e-m/softfp\libcr_c.a(_cr_check_heap.o)
 .ARM.attributes
                0x00000785       0x25 c:/nxp/lpcxpresso_8.0.0_526/lpcxpresso/tools/bin/../lib/gcc/arm-none-eabi/4.9.3/armv7e-m/softfp\libcr_eabihelpers.a(memcpy.o)
 .ARM.attributes
                0x000007aa       0x37 c:/nxp/lpcxpresso_8.0.0_526/lpcxpresso/tools/bin/../lib/gcc/arm-none-eabi/4.9.3/../../../../arm-none-eabi/lib/armv7e-m/softfp\libcr_nohost.a(__sys_appexit.o)
 .ARM.attributes
                0x000007e1       0x37 c:/nxp/lpcxpresso_8.0.0_526/lpcxpresso/tools/bin/../lib/gcc/arm-none-eabi/4.9.3/../../../../arm-none-eabi/lib/armv7e-m/softfp\libcr_nohost.a(__sys_close.o)
 .ARM.attributes
                0x00000818       0x37 c:/nxp/lpcxpresso_8.0.0_526/lpcxpresso/tools/bin/../lib/gcc/arm-none-eabi/4.9.3/../../../../arm-none-eabi/lib/armv7e-m/softfp\libcr_nohost.a(__sys_flen.o)
 .ARM.attributes
                0x0000084f       0x37 c:/nxp/lpcxpresso_8.0.0_526/lpcxpresso/tools/bin/../lib/gcc/arm-none-eabi/4.9.3/../../../../arm-none-eabi/lib/armv7e-m/softfp\libcr_nohost.a(__sys_istty.o)
 .ARM.attributes
                0x00000886       0x37 c:/nxp/lpcxpresso_8.0.0_526/lpcxpresso/tools/bin/../lib/gcc/arm-none-eabi/4.9.3/../../../../arm-none-eabi/lib/armv7e-m/softfp\libcr_nohost.a(__sys_remove.o)
 .ARM.attributes
                0x000008bd       0x37 c:/nxp/lpcxpresso_8.0.0_526/lpcxpresso/tools/bin/../lib/gcc/arm-none-eabi/4.9.3/../../../../arm-none-eabi/lib/armv7e-m/softfp\libcr_nohost.a(__sys_seek.o)
 .ARM.attributes
                0x000008f4       0x37 c:/nxp/lpcxpresso_8.0.0_526/lpcxpresso/tools/bin/../lib/gcc/arm-none-eabi/4.9.3/../../../../arm-none-eabi/lib/armv7e-m/softfp\libcr_nohost.a(__sys_tmpnam.o)

.debug_frame    0x00000000     0x1a08
 .debug_frame   0x00000000      0x170 ./example/src/cr_startup_lpc43xx.o
 .debug_frame   0x00000170       0xac ./example/src/hid_generic.o
 .debug_frame   0x0000021c      0x28c ./example/src/main.o
 .debug_frame   0x000004a8       0x34 ./example/src/sysinit.o
 .debug_frame   0x000004dc      0x520 C:\nxp\LPCXpresso_8.0.0_526\lpcxpresso\Examples\LPCOpen\lpcopen_2_12_lpcxpresso_ngx_xplorer_4330\lpc_board_ngx_xplorer_4330\Debug\liblpc_board_ngx_xplorer_4330.a(board.o)
 .debug_frame   0x000009fc       0xbc C:\nxp\LPCXpresso_8.0.0_526\lpcxpresso\Examples\LPCOpen\lpcopen_2_12_lpcxpresso_ngx_xplorer_4330\lpc_board_ngx_xplorer_4330\Debug\liblpc_board_ngx_xplorer_4330.a(board_sysinit.o)
 .debug_frame   0x00000ab8      0x264 C:\nxp\LPCXpresso_8.0.0_526\lpcxpresso\Examples\LPCOpen\lpcopen_2_12_lpcxpresso_ngx_xplorer_4330\lpc_chip_43xx\Debug\liblpc_chip_43xx.a(adc_18xx_43xx.o)
 .debug_frame   0x00000d1c       0xa0 C:\nxp\LPCXpresso_8.0.0_526\lpcxpresso\Examples\LPCOpen\lpcopen_2_12_lpcxpresso_ngx_xplorer_4330\lpc_chip_43xx\Debug\liblpc_chip_43xx.a(chip_18xx_43xx.o)
 .debug_frame   0x00000dbc      0x50c C:\nxp\LPCXpresso_8.0.0_526\lpcxpresso\Examples\LPCOpen\lpcopen_2_12_lpcxpresso_ngx_xplorer_4330\lpc_chip_43xx\Debug\liblpc_chip_43xx.a(clock_18xx_43xx.o)
 .debug_frame   0x000012c8       0x38 C:\nxp\LPCXpresso_8.0.0_526\lpcxpresso\Examples\LPCOpen\lpcopen_2_12_lpcxpresso_ngx_xplorer_4330\lpc_chip_43xx\Debug\liblpc_chip_43xx.a(fpu_init.o)
 .debug_frame   0x00001300      0x198 C:\nxp\LPCXpresso_8.0.0_526\lpcxpresso\Examples\LPCOpen\lpcopen_2_12_lpcxpresso_ngx_xplorer_4330\lpc_chip_43xx\Debug\liblpc_chip_43xx.a(gpio_18xx_43xx.o)
 .debug_frame   0x00001498       0x8c C:\nxp\LPCXpresso_8.0.0_526\lpcxpresso\Examples\LPCOpen\lpcopen_2_12_lpcxpresso_ngx_xplorer_4330\lpc_chip_43xx\Debug\liblpc_chip_43xx.a(sysinit_18xx_43xx.o)
 .debug_frame   0x00001524      0x4e4 C:\nxp\LPCXpresso_8.0.0_526\lpcxpresso\Examples\LPCOpen\lpcopen_2_12_lpcxpresso_ngx_xplorer_4330\lpc_chip_43xx\Debug\liblpc_chip_43xx.a(uart_18xx_43xx.o)
