Archive member included because of file (symbol)

C:\Users\Team04\Documents\LPCXpresso_8.0.0_526\workspace\lpc_board_ngx_xplorer_4330\Debug\liblpc_board_ngx_xplorer_4330.a(board.o)
                              ./example/src/hid_main.o (Board_Init)
C:\Users\Team04\Documents\LPCXpresso_8.0.0_526\workspace\lpc_board_ngx_xplorer_4330\Debug\liblpc_board_ngx_xplorer_4330.a(board_sysinit.o)
                              ./example/src/sysinit.o (Board_SystemInit)
C:\Users\Team04\Documents\LPCXpresso_8.0.0_526\workspace\lpc_board_ngx_xplorer_4330\Debug\liblpc_board_ngx_xplorer_4330.a(uda1380.o)
                              C:\Users\Team04\Documents\LPCXpresso_8.0.0_526\workspace\lpc_board_ngx_xplorer_4330\Debug\liblpc_board_ngx_xplorer_4330.a(board.o) (UDA1380_Init)
C:\Users\Team04\Documents\LPCXpresso_8.0.0_526\workspace\lpc_chip_43xx\Debug\liblpc_chip_43xx.a(chip_18xx_43xx.o)
                              ./example/src/hid_main.o (Chip_USB0_Init)
C:\Users\Team04\Documents\LPCXpresso_8.0.0_526\workspace\lpc_chip_43xx\Debug\liblpc_chip_43xx.a(clock_18xx_43xx.o)
                              C:\Users\Team04\Documents\LPCXpresso_8.0.0_526\workspace\lpc_chip_43xx\Debug\liblpc_chip_43xx.a(chip_18xx_43xx.o) (Chip_Clock_GetClockInputHz)
C:\Users\Team04\Documents\LPCXpresso_8.0.0_526\workspace\lpc_chip_43xx\Debug\liblpc_chip_43xx.a(fpu_init.o)
                              ./example/src/sysinit.o (fpuInit)
C:\Users\Team04\Documents\LPCXpresso_8.0.0_526\workspace\lpc_chip_43xx\Debug\liblpc_chip_43xx.a(gpio_18xx_43xx.o)
                              C:\Users\Team04\Documents\LPCXpresso_8.0.0_526\workspace\lpc_board_ngx_xplorer_4330\Debug\liblpc_board_ngx_xplorer_4330.a(board.o) (Chip_GPIO_Init)
C:\Users\Team04\Documents\LPCXpresso_8.0.0_526\workspace\lpc_chip_43xx\Debug\liblpc_chip_43xx.a(i2c_18xx_43xx.o)
                              C:\Users\Team04\Documents\LPCXpresso_8.0.0_526\workspace\lpc_board_ngx_xplorer_4330\Debug\liblpc_board_ngx_xplorer_4330.a(uda1380.o) (Chip_I2C_EventHandlerPolling)
C:\Users\Team04\Documents\LPCXpresso_8.0.0_526\workspace\lpc_chip_43xx\Debug\liblpc_chip_43xx.a(i2s_18xx_43xx.o)
                              C:\Users\Team04\Documents\LPCXpresso_8.0.0_526\workspace\lpc_board_ngx_xplorer_4330\Debug\liblpc_board_ngx_xplorer_4330.a(board.o) (Chip_I2S_Init)
C:\Users\Team04\Documents\LPCXpresso_8.0.0_526\workspace\lpc_chip_43xx\Debug\liblpc_chip_43xx.a(sysinit_18xx_43xx.o)
                              C:\Users\Team04\Documents\LPCXpresso_8.0.0_526\workspace\lpc_board_ngx_xplorer_4330\Debug\liblpc_board_ngx_xplorer_4330.a(board_sysinit.o) (Chip_SetupCoreClock)
C:\Users\Team04\Documents\LPCXpresso_8.0.0_526\workspace\lpc_chip_43xx\Debug\liblpc_chip_43xx.a(uart_18xx_43xx.o)
                              C:\Users\Team04\Documents\LPCXpresso_8.0.0_526\workspace\lpc_board_ngx_xplorer_4330\Debug\liblpc_board_ngx_xplorer_4330.a(board.o) (Chip_UART_Init)
C:\Users\Team04\Documents\LPCXpresso_8.0.0_526\workspace\lpc_chip_43xx\Debug\liblpc_chip_43xx.a(ring_buffer.o)
                              C:\Users\Team04\Documents\LPCXpresso_8.0.0_526\workspace\lpc_chip_43xx\Debug\liblpc_chip_43xx.a(uart_18xx_43xx.o) (RingBuffer_Insert)
c:/nxp/lpcxpresso_8.0.0_526/lpcxpresso/tools/bin/../lib/gcc/arm-none-eabi/4.9.3/../../../../arm-none-eabi/lib/armv7e-m/softfp\libcr_nohost.a(_cr__main.o)
                              ./example/src/cr_startup_lpc43xx.o (__main)
c:/nxp/lpcxpresso_8.0.0_526/lpcxpresso/tools/bin/../lib/gcc/arm-none-eabi/4.9.3/../../../../arm-none-eabi/lib/armv7e-m/softfp\libcr_c.a(memcpy.o)
                              C:\Users\Team04\Documents\LPCXpresso_8.0.0_526\workspace\lpc_board_ngx_xplorer_4330\Debug\liblpc_board_ngx_xplorer_4330.a(board.o) (memcpy)
c:/nxp/lpcxpresso_8.0.0_526/lpcxpresso/tools/bin/../lib/gcc/arm-none-eabi/4.9.3/../../../../arm-none-eabi/lib/armv7e-m/softfp\libcr_c.a(memset.o)
                              ./example/src/hid_generic.o (memset)
c:/nxp/lpcxpresso_8.0.0_526/lpcxpresso/tools/bin/../lib/gcc/arm-none-eabi/4.9.3/../../../../arm-none-eabi/lib/armv7e-m/softfp\libcr_c.a(initio.o)
                              c:/nxp/lpcxpresso_8.0.0_526/lpcxpresso/tools/bin/../lib/gcc/arm-none-eabi/4.9.3/../../../../arm-none-eabi/lib/armv7e-m/softfp\libcr_nohost.a(_cr__main.o) (_initio)
c:/nxp/lpcxpresso_8.0.0_526/lpcxpresso/tools/bin/../lib/gcc/arm-none-eabi/4.9.3/../../../../arm-none-eabi/lib/armv7e-m/softfp\libcr_c.a(setvbuf.o)
                              c:/nxp/lpcxpresso_8.0.0_526/lpcxpresso/tools/bin/../lib/gcc/arm-none-eabi/4.9.3/../../../../arm-none-eabi/lib/armv7e-m/softfp\libcr_c.a(initio.o) (setvbuf)
c:/nxp/lpcxpresso_8.0.0_526/lpcxpresso/tools/bin/../lib/gcc/arm-none-eabi/4.9.3/../../../../arm-none-eabi/lib/armv7e-m/softfp\libcr_c.a(stdio.o)
                              c:/nxp/lpcxpresso_8.0.0_526/lpcxpresso/tools/bin/../lib/gcc/arm-none-eabi/4.9.3/../../../../arm-none-eabi/lib/armv7e-m/softfp\libcr_c.a(initio.o) (__Ciob)
[...]
Memory Configuration

Name             Origin             Length             Attributes
RamLoc128        0x10000000         0x00020000         xrw
RamLoc72         0x10080000         0x00012000         xrw
RamAHB32         0x20000000         0x00008000         xrw
RamAHB16         0x20008000         0x00004000         xrw
RamAHB_ETB16     0x2000c000         0x00004000         xrw
SPIFI            0x14000000         0x00400000         xr
*default*        0x00000000         0xffffffff

Linker script and memory map

LOAD ./example/src/cr_startup_lpc43xx.o
LOAD ./example/src/hid_desc.o
LOAD ./example/src/hid_generic.o
LOAD ./example/src/hid_main.o
LOAD ./example/src/sysinit.o
LOAD C:\Users\Team04\Documents\LPCXpresso_8.0.0_526\workspace\lpc_board_ngx_xplorer_4330\Debug\liblpc_board_ngx_xplorer_4330.a
LOAD C:\Users\Team04\Documents\LPCXpresso_8.0.0_526\workspace\lpc_chip_43xx\Debug\liblpc_chip_43xx.a
START GROUP
LOAD c:/nxp/lpcxpresso_8.0.0_526/lpcxpresso/tools/bin/../lib/gcc/arm-none-eabi/4.9.3/../../../../arm-none-eabi/lib/armv7e-m/softfp\libcr_nohost.a
LOAD c:/nxp/lpcxpresso_8.0.0_526/lpcxpresso/tools/bin/../lib/gcc/arm-none-eabi/4.9.3/../../../../arm-none-eabi/lib/armv7e-m/softfp\libcr_c.a
LOAD c:/nxp/lpcxpresso_8.0.0_526/lpcxpresso/tools/bin/../lib/gcc/arm-none-eabi/4.9.3/armv7e-m/softfp\libcr_eabihelpers.a
END GROUP
                0x10000000                __base_RamLoc128 = 0x10000000
                0x10000000                __base_RAM = 0x10000000
                0x10020000                __top_RamLoc128 = 0x10020000
                0x10020000                __top_RAM = 0x10020000
                0x10080000                __base_RamLoc72 = 0x10080000
                0x10080000                __base_RAM2 = 0x10080000
                0x10092000                __top_RamLoc72 = 0x10092000
                0x10092000                __top_RAM2 = 0x10092000
                0x20000000                __base_RamAHB32 = 0x20000000
                0x20000000                __base_RAM3 = 0x20000000
                0x20008000                __top_RamAHB32 = 0x20008000
                0x20008000                __top_RAM3 = 0x20008000
                0x20008000                __base_RamAHB16 = 0x20008000
                0x20008000                __base_RAM4 = 0x20008000
                0x2000c000                __top_RamAHB16 = 0x2000c000
                0x2000c000                __top_RAM4 = 0x2000c000
                0x2000c000                __base_RamAHB_ETB16 = 0x2000c000
                0x2000c000                __base_RAM5 = 0x2000c000
                0x20010000                __top_RamAHB_ETB16 = 0x20010000
                0x20010000                __top_RAM5 = 0x20010000
                0x14000000                __base_SPIFI = 0x14000000
                0x14000000                __base_Flash = 0x14000000
                0x14400000                __top_SPIFI = 0x14400000
                0x14400000                __top_Flash = 0x14400000

.text           0x14000000     0x2138
 FILL mask 0xff
                0x14000000                __vectors_start__ = ABSOLUTE (.)
 *(.isr_vector)
 .isr_vector    0x14000000      0x114 ./example/src/cr_startup_lpc43xx.o
                0x14000000                g_pfnVectors
                0x14000114                . = ALIGN (0x4)
                0x14000114                __section_table_start = .
                0x14000114                __data_section_table = .
                0x14000114        0x4 LONG 0x14002138 LOADADDR (.data)
                0x14000118        0x4 LONG 0x10000000 ADDR (.data)
                0x1400011c        0x4 LONG 0x58 SIZEOF (.data)
                0x14000120        0x4 LONG 0x14002138 LOADADDR (.data_RAM2)
                0x14000124        0x4 LONG 0x10080000 ADDR (.data_RAM2)
                0x14000128        0x4 LONG 0x0 SIZEOF (.data_RAM2)
                0x1400012c        0x4 LONG 0x14002138 LOADADDR (.data_RAM3)
                0x14000130        0x4 LONG 0x20000000 ADDR (.data_RAM3)
                0x14000134        0x4 LONG 0x0 SIZEOF (.data_RAM3)
                0x14000138        0x4 LONG 0x14002138 LOADADDR (.data_RAM4)
                0x1400013c        0x4 LONG 0x20008000 ADDR (.data_RAM4)
                0x14000140        0x4 LONG 0x0 SIZEOF (.data_RAM4)
                0x14000144        0x4 LONG 0x14002138 LOADADDR (.data_RAM5)
                0x14000148        0x4 LONG 0x2000c000 ADDR (.data_RAM5)
                0x1400014c        0x4 LONG 0x0 SIZEOF (.data_RAM5)
                0x14000150                __data_section_table_end = .
                0x14000150                __bss_section_table = .
                0x14000150        0x4 LONG 0x10000058 ADDR (.bss)
                0x14000154        0x4 LONG 0x170 SIZEOF (.bss)
                0x14000158        0x4 LONG 0x10080000 ADDR (.bss_RAM2)
                0x1400015c        0x4 LONG 0x0 SIZEOF (.bss_RAM2)
                0x14000160        0x4 LONG 0x20000000 ADDR (.bss_RAM3)
                0x14000164        0x4 LONG 0x0 SIZEOF (.bss_RAM3)
                0x14000168        0x4 LONG 0x20008000 ADDR (.bss_RAM4)
                0x1400016c        0x4 LONG 0x0 SIZEOF (.bss_RAM4)
                0x14000170        0x4 LONG 0x2000c000 ADDR (.bss_RAM5)
                0x14000174        0x4 LONG 0x0 SIZEOF (.bss_RAM5)
                0x14000178                __bss_section_table_end = .
                0x14000178                __section_table_end = .
 *(.after_vectors*)
 .after_vectors
                0x14000178       0xcc ./example/src/cr_startup_lpc43xx.o
                0x14000178                data_init
                0x140001bc                bss_init
                0x140001f4                NMI_Handler
                0x140001fc                HardFault_Handler
                0x14000204                MemManage_Handler
                0x1400020c                BusFault_Handler
                0x14000214                UsageFault_Handler
                0x1400021c                SVC_Handler
                0x14000224                DebugMon_Handler
                0x1400022c                PendSV_Handler
                0x14000234                SysTick_Handler
                0x1400023c                ATIMER_IRQHandler
                0x1400023c                I2C1_IRQHandler
                0x1400023c                UART1_IRQHandler
                0x1400023c                GPIO5_IRQHandler
                0x1400023c                CAN1_IRQHandler
                0x1400023c                USB1_IRQHandler
                0x1400023c                I2S0_IRQHandler
                0x1400023c                TIMER3_IRQHandler
                0x1400023c                UART0_IRQHandler
                0x1400023c                I2C0_IRQHandler
                0x1400023c                SGPIO_IRQHandler
                0x1400023c                FLASH_EEPROM_IRQHandler
                0x1400023c                ADCHS_IRQHandler
                0x1400023c                GPIO6_IRQHandler
                0x1400023c                IntDefaultHandler
                0x1400023c                GPIO1_IRQHandler
                0x1400023c                SSP0_IRQHandler
                0x1400023c                ADC1_IRQHandler
                0x1400023c                RTC_IRQHandler
                0x1400023c                TIMER0_IRQHandler
                0x1400023c                SPI_IRQHandler
                0x1400023c                LCD_IRQHandler
                0x1400023c                RIT_IRQHandler
                0x1400023c                TIMER1_IRQHandler
                0x1400023c                UART2_IRQHandler
                0x1400023c                GPIO2_IRQHandler
                0x1400023c                I2S1_IRQHandler
                0x1400023c                SSP1_IRQHandler
                0x1400023c                GPIO3_IRQHandler
                0x1400023c                SCT_IRQHandler
                0x1400023c                SDIO_IRQHandler
                0x1400023c                WDT_IRQHandler
                0x1400023c                ADC0_IRQHandler
                0x1400023c                GPIO7_IRQHandler
                0x1400023c                SPIFI_IRQHandler
                0x1400023c                QEI_IRQHandler
                0x1400023c                ETH_IRQHandler
                0x1400023c                CAN0_IRQHandler
                0x1400023c                GINT0_IRQHandler
                0x1400023c                DAC_IRQHandler
                0x1400023c                M0SUB_IRQHandler
                0x1400023c                GPIO0_IRQHandler
                0x1400023c                DMA_IRQHandler
                0x1400023c                EVRT_IRQHandler
                0x1400023c                TIMER2_IRQHandler
                0x1400023c                UART3_IRQHandler
                0x1400023c                MCPWM_IRQHandler
                0x1400023c                M0APP_IRQHandler
                0x1400023c                GINT1_IRQHandler
                0x1400023c                GPIO4_IRQHandler
 *(.text*)
 .text.ResetISR
                0x14000244       0xc4 ./example/src/cr_startup_lpc43xx.o
                0x14000244                ResetISR
 .text.HID_GetReport
                0x14000308       0x50 ./example/src/hid_generic.o
 .text.HID_SetReport
                0x14000358       0x54 ./example/src/hid_generic.o
 .text.HID_Ep_Hdlr
                0x140003ac       0x9c ./example/src/hid_generic.o
 .text.usb_hid_init
                0x14000448       0xc8 ./example/src/hid_generic.o
                0x14000448                usb_hid_init
 .text.NVIC_EnableIRQ
                0x14000510       0x30 ./example/src/hid_main.o
 .text.EP0_patch
                0x14000540       0x54 ./example/src/hid_main.o
                0x14000540                EP0_patch
 .text.USB0_IRQHandler
                0x14000594       0x20 ./example/src/hid_main.o
                0x14000594                USB0_IRQHandler
 .text.main     0x140005b4       0xf4 ./example/src/hid_main.o
                0x140005b4                main
 .text.SystemInit
                0x140006a8       0x28 ./example/src/sysinit.o
                0x140006a8                SystemInit
 .text.Chip_SCU_PinMuxSet
                0x140006d0       0x30 C:\Users\Team04\Documents\LPCXpresso_8.0.0_526\workspace\lpc_board_ngx_xplorer_4330\Debug\liblpc_board_ngx_xplorer_4330.a(board.o)
 .text.Chip_ENET_RMIIEnable
                0x14000700       0x28 C:\Users\Team04\Documents\LPCXpresso_8.0.0_526\workspace\lpc_board_ngx_xplorer_4330\Debug\liblpc_board_ngx_xplorer_4330.a(board.o)
 .text.Chip_GPIO_SetPinState
                0x14000728       0x38 C:\Users\Team04\Documents\LPCXpresso_8.0.0_526\workspace\lpc_board_ngx_xplorer_4330\Debug\liblpc_board_ngx_xplorer_4330.a(board.o)
 .text.Chip_GPIO_SetPinDIROutput
                0x14000760       0x3c C:\Users\Team04\Documents\LPCXpresso_8.0.0_526\workspace\lpc_board_ngx_xplorer_4330\Debug\liblpc_board_ngx_xplorer_4330.a(board.o)
 .text.Chip_UART_TXEnable
                0x1400079c       0x18 C:\Users\Team04\Documents\LPCXpresso_8.0.0_526\workspace\lpc_board_ngx_xplorer_4330\Debug\liblpc_board_ngx_xplorer_4330.a(board.o)
 .text.Chip_UART_SendByte
                0x140007b4       0x1c C:\Users\Team04\Documents\LPCXpresso_8.0.0_526\workspace\lpc_board_ngx_xplorer_4330\Debug\liblpc_board_ngx_xplorer_4330.a(board.o)
 .text.Chip_UART_ConfigData
                0x140007d0       0x1c C:\Users\Team04\Documents\LPCXpresso_8.0.0_526\workspace\lpc_board_ngx_xplorer_4330\Debug\liblpc_board_ngx_xplorer_4330.a(board.o)
 .text.Chip_UART_ReadLineStatus
                0x140007ec       0x18 C:\Users\Team04\Documents\LPCXpresso_8.0.0_526\workspace\lpc_board_ngx_xplorer_4330\Debug\liblpc_board_ngx_xplorer_4330.a(board.o)
 .text.__sys_write
                0x14000804       0x38 C:\Users\Team04\Documents\LPCXpresso_8.0.0_526\workspace\lpc_board_ngx_xplorer_4330\Debug\liblpc_board_ngx_xplorer_4330.a(board.o)
                0x14000804                __sys_write
 .text.Board_UART_Init
                0x1400083c       0x50 C:\Users\Team04\Documents\LPCXpresso_8.0.0_526\workspace\lpc_board_ngx_xplorer_4330\Debug\liblpc_board_ngx_xplorer_4330.a(board.o)
                0x1400083c                Board_UART_Init
 .text.Board_Debug_Init
                0x1400088c       0x30 C:\Users\Team04\Documents\LPCXpresso_8.0.0_526\workspace\lpc_board_ngx_xplorer_4330\Debug\liblpc_board_ngx_xplorer_4330.a(board.o)
                0x1400088c                Board_Debug_Init
 .text.Board_UARTPutChar
                0x140008bc       0x30 C:\Users\Team04\Documents\LPCXpresso_8.0.0_526\workspace\lpc_board_ngx_xplorer_4330\Debug\liblpc_board_ngx_xplorer_4330.a(board.o)
                0x140008bc                Board_UARTPutChar
 .text.Board_LED_Init
                0x140008ec       0x38 C:\Users\Team04\Documents\LPCXpresso_8.0.0_526\workspace\lpc_board_ngx_xplorer_4330\Debug\liblpc_board_ngx_xplorer_4330.a(board.o)
 .text.Board_Init
                0x14000924       0x58 C:\Users\Team04\Documents\LPCXpresso_8.0.0_526\workspace\lpc_board_ngx_xplorer_4330\Debug\liblpc_board_ngx_xplorer_4330.a(board.o)
                0x14000924                Board_Init
 .text.Chip_SCU_PinMuxSet
                0x1400097c       0x30 C:\Users\Team04\Documents\LPCXpresso_8.0.0_526\workspace\lpc_board_ngx_xplorer_4330\Debug\liblpc_board_ngx_xplorer_4330.a(board_sysinit.o)
 .text.Chip_SCU_SetPinMuxing
                0x140009ac       0x48 C:\Users\Team04\Documents\LPCXpresso_8.0.0_526\workspace\lpc_board_ngx_xplorer_4330\Debug\liblpc_board_ngx_xplorer_4330.a(board_sysinit.o)
 .text.Board_SetupMuxing
                0x140009f4       0x20 C:\Users\Team04\Documents\LPCXpresso_8.0.0_526\workspace\lpc_board_ngx_xplorer_4330\Debug\liblpc_board_ngx_xplorer_4330.a(board_sysinit.o)
                0x140009f4                Board_SetupMuxing
 .text.Board_SetupClocking
                0x14000a14       0x90 C:\Users\Team04\Documents\LPCXpresso_8.0.0_526\workspace\lpc_board_ngx_xplorer_4330\Debug\liblpc_board_ngx_xplorer_4330.a(board_sysinit.o)
                0x14000a14                Board_SetupClocking
 .text.Board_SystemInit
                0x14000aa4       0x10 C:\Users\Team04\Documents\LPCXpresso_8.0.0_526\workspace\lpc_board_ngx_xplorer_4330\Debug\liblpc_board_ngx_xplorer_4330.a(board_sysinit.o)
                0x14000aa4                Board_SystemInit
 .text.Chip_CREG_EnableUSB0Phy
                0x14000ab4       0x1c C:\Users\Team04\Documents\LPCXpresso_8.0.0_526\workspace\lpc_chip_43xx\Debug\liblpc_chip_43xx.a(chip_18xx_43xx.o)
 .text.Chip_USB_PllSetup
                0x14000ad0       0x40 C:\Users\Team04\Documents\LPCXpresso_8.0.0_526\workspace\lpc_chip_43xx\Debug\liblpc_chip_43xx.a(chip_18xx_43xx.o)
 .text.Chip_USB0_Init
                0x14000b10       0x2c C:\Users\Team04\Documents\LPCXpresso_8.0.0_526\workspace\lpc_chip_43xx\Debug\liblpc_chip_43xx.a(chip_18xx_43xx.o)
                0x14000b10                Chip_USB0_Init
 .text.SystemCoreClockUpdate
                0x14000b3c       0x18 C:\Users\Team04\Documents\LPCXpresso_8.0.0_526\workspace\lpc_chip_43xx\Debug\liblpc_chip_43xx.a(chip_18xx_43xx.o)
                0x14000b3c                SystemCoreClockUpdate
 .text.Chip_Clock_TestMainPLLMultiplier
                0x14000b54       0x48 C:\Users\Team04\Documents\LPCXpresso_8.0.0_526\workspace\lpc_chip_43xx\Debug\liblpc_chip_43xx.a(clock_18xx_43xx.o)
 .text.Chip_Clock_GetDivRate
                0x14000b9c       0x40 C:\Users\Team04\Documents\LPCXpresso_8.0.0_526\workspace\lpc_chip_43xx\Debug\liblpc_chip_43xx.a(clock_18xx_43xx.o)
 .text.Chip_Clock_FindBaseClock
                0x14000bdc       0x88 C:\Users\Team04\Documents\LPCXpresso_8.0.0_526\workspace\lpc_chip_43xx\Debug\liblpc_chip_43xx.a(clock_18xx_43xx.o)
 .text.Chip_Clock_EnableCrystal
                0x14000c64       0x6c C:\Users\Team04\Documents\LPCXpresso_8.0.0_526\workspace\lpc_chip_43xx\Debug\liblpc_chip_43xx.a(clock_18xx_43xx.o)
                0x14000c64                Chip_Clock_EnableCrystal
 .text.Chip_Clock_SetupMainPLLHz
                0x14000cd0      0x128 C:\Users\Team04\Documents\LPCXpresso_8.0.0_526\workspace\lpc_chip_43xx\Debug\liblpc_chip_43xx.a(clock_18xx_43xx.o)
                0x14000cd0                Chip_Clock_SetupMainPLLHz
 .text.Chip_Clock_SetupMainPLLMult
                0x14000df8       0xfc C:\Users\Team04\Documents\LPCXpresso_8.0.0_526\workspace\lpc_chip_43xx\Debug\liblpc_chip_43xx.a(clock_18xx_43xx.o)
                0x14000df8                Chip_Clock_SetupMainPLLMult
 .text.Chip_Clock_GetMainPLLHz
                0x14000ef4       0xc0 C:\Users\Team04\Documents\LPCXpresso_8.0.0_526\workspace\lpc_chip_43xx\Debug\liblpc_chip_43xx.a(clock_18xx_43xx.o)
                0x14000ef4                Chip_Clock_GetMainPLLHz
 .text.Chip_Clock_DisableMainPLL
                0x14000fb4       0x1c C:\Users\Team04\Documents\LPCXpresso_8.0.0_526\workspace\lpc_chip_43xx\Debug\liblpc_chip_43xx.a(clock_18xx_43xx.o)
                0x14000fb4                Chip_Clock_DisableMainPLL
 .text.Chip_Clock_SetDivider
                0x14000fd0       0x84 C:\Users\Team04\Documents\LPCXpresso_8.0.0_526\workspace\lpc_chip_43xx\Debug\liblpc_chip_43xx.a(clock_18xx_43xx.o)
                0x14000fd0                Chip_Clock_SetDivider
 .text.Chip_Clock_GetDividerSource
                0x14001054       0x40 C:\Users\Team04\Documents\LPCXpresso_8.0.0_526\workspace\lpc_chip_43xx\Debug\liblpc_chip_43xx.a(clock_18xx_43xx.o)
                0x14001054                Chip_Clock_GetDividerSource
 .text.Chip_Clock_GetDividerDivisor
                0x14001094       0x38 C:\Users\Team04\Documents\LPCXpresso_8.0.0_526\workspace\lpc_chip_43xx\Debug\liblpc_chip_43xx.a(clock_18xx_43xx.o)
                0x14001094                Chip_Clock_GetDividerDivisor
 .text.Chip_Clock_GetClockInputHz
                0x140010cc      0x140 C:\Users\Team04\Documents\LPCXpresso_8.0.0_526\workspace\lpc_chip_43xx\Debug\liblpc_chip_43xx.a(clock_18xx_43xx.o)
                0x140010cc                Chip_Clock_GetClockInputHz
 .text.Chip_Clock_GetBaseClocktHz
                0x1400120c       0x24 C:\Users\Team04\Documents\LPCXpresso_8.0.0_526\workspace\lpc_chip_43xx\Debug\liblpc_chip_43xx.a(clock_18xx_43xx.o)
                0x1400120c                Chip_Clock_GetBaseClocktHz
 .text.Chip_Clock_SetBaseClock
                0x14001230       0x9c C:\Users\Team04\Documents\LPCXpresso_8.0.0_526\workspace\lpc_chip_43xx\Debug\liblpc_chip_43xx.a(clock_18xx_43xx.o)
                0x14001230                Chip_Clock_SetBaseClock
 .text.Chip_Clock_EnableBaseClock
                0x140012cc       0x3c C:\Users\Team04\Documents\LPCXpresso_8.0.0_526\workspace\lpc_chip_43xx\Debug\liblpc_chip_43xx.a(clock_18xx_43xx.o)
                0x140012cc                Chip_Clock_EnableBaseClock
 .text.Chip_Clock_GetBaseClock
                0x14001308       0x4c C:\Users\Team04\Documents\LPCXpresso_8.0.0_526\workspace\lpc_chip_43xx\Debug\liblpc_chip_43xx.a(clock_18xx_43xx.o)
                0x14001308                Chip_Clock_GetBaseClock
 .text.Chip_Clock_EnableOpts
                0x14001354       0x7c C:\Users\Team04\Documents\LPCXpresso_8.0.0_526\workspace\lpc_chip_43xx\Debug\liblpc_chip_43xx.a(clock_18xx_43xx.o)
                0x14001354                Chip_Clock_EnableOpts
 .text.Chip_Clock_GetRate
                0x140013d0       0x88 C:\Users\Team04\Documents\LPCXpresso_8.0.0_526\workspace\lpc_chip_43xx\Debug\liblpc_chip_43xx.a(clock_18xx_43xx.o)
                0x140013d0                Chip_Clock_GetRate
 .text.Chip_Clock_SetupPLL
                0x14001458       0x78 C:\Users\Team04\Documents\LPCXpresso_8.0.0_526\workspace\lpc_chip_43xx\Debug\liblpc_chip_43xx.a(clock_18xx_43xx.o)
                0x14001458                Chip_Clock_SetupPLL
 .text.Chip_Clock_EnablePLL
                0x140014d0       0x34 C:\Users\Team04\Documents\LPCXpresso_8.0.0_526\workspace\lpc_chip_43xx\Debug\liblpc_chip_43xx.a(clock_18xx_43xx.o)
                0x140014d0                Chip_Clock_EnablePLL
 .text.Chip_Clock_GetPLLStatus
                0x14001504       0x28 C:\Users\Team04\Documents\LPCXpresso_8.0.0_526\workspace\lpc_chip_43xx\Debug\liblpc_chip_43xx.a(clock_18xx_43xx.o)
                0x14001504                Chip_Clock_GetPLLStatus
 .text.fpuInit  0x1400152c       0x74 C:\Users\Team04\Documents\LPCXpresso_8.0.0_526\workspace\lpc_chip_43xx\Debug\liblpc_chip_43xx.a(fpu_init.o)
                0x1400152c                fpuInit
 .text.Chip_GPIO_Init
                0x140015a0       0x14 C:\Users\Team04\Documents\LPCXpresso_8.0.0_526\workspace\lpc_chip_43xx\Debug\liblpc_chip_43xx.a(gpio_18xx_43xx.o)
                0x140015a0                Chip_GPIO_Init
 .text.Chip_SetupCoreClock
                0x140015b4       0xb8 C:\Users\Team04\Documents\LPCXpresso_8.0.0_526\workspace\lpc_chip_43xx\Debug\liblpc_chip_43xx.a(sysinit_18xx_43xx.o)
                0x140015b4                Chip_SetupCoreClock
 .text.Chip_UART_TXDisable
                0x1400166c       0x18 C:\Users\Team04\Documents\LPCXpresso_8.0.0_526\workspace\lpc_chip_43xx\Debug\liblpc_chip_43xx.a(uart_18xx_43xx.o)
 .text.Chip_UART_SetupFIFOS
                0x14001684       0x1c C:\Users\Team04\Documents\LPCXpresso_8.0.0_526\workspace\lpc_chip_43xx\Debug\liblpc_chip_43xx.a(uart_18xx_43xx.o)
 .text.Chip_UART_ConfigData
                0x140016a0       0x1c C:\Users\Team04\Documents\LPCXpresso_8.0.0_526\workspace\lpc_chip_43xx\Debug\liblpc_chip_43xx.a(uart_18xx_43xx.o)
 .text.Chip_UART_EnableDivisorAccess
                0x140016bc       0x20 C:\Users\Team04\Documents\LPCXpresso_8.0.0_526\workspace\lpc_chip_43xx\Debug\liblpc_chip_43xx.a(uart_18xx_43xx.o)
 .text.Chip_UART_DisableDivisorAccess
                0x140016dc       0x20 C:\Users\Team04\Documents\LPCXpresso_8.0.0_526\workspace\lpc_chip_43xx\Debug\liblpc_chip_43xx.a(uart_18xx_43xx.o)
 .text.Chip_UART_SetDivisorLatches
                0x140016fc       0x28 C:\Users\Team04\Documents\LPCXpresso_8.0.0_526\workspace\lpc_chip_43xx\Debug\liblpc_chip_43xx.a(uart_18xx_43xx.o)
 .text.Chip_UART_GetClockIndex
                0x14001724       0x50 C:\Users\Team04\Documents\LPCXpresso_8.0.0_526\workspace\lpc_chip_43xx\Debug\liblpc_chip_43xx.a(uart_18xx_43xx.o)
 .text.Chip_UART_Init
                0x14001774       0x7c C:\Users\Team04\Documents\LPCXpresso_8.0.0_526\workspace\lpc_chip_43xx\Debug\liblpc_chip_43xx.a(uart_18xx_43xx.o)
                0x14001774                Chip_UART_Init
 .text.Chip_UART_SetBaud
                0x140017f0       0x64 C:\Users\Team04\Documents\LPCXpresso_8.0.0_526\workspace\lpc_chip_43xx\Debug\liblpc_chip_43xx.a(uart_18xx_43xx.o)
                0x140017f0                Chip_UART_SetBaud
 .text.__main   0x14001854       0x14 c:/nxp/lpcxpresso_8.0.0_526/lpcxpresso/tools/bin/../lib/gcc/arm-none-eabi/4.9.3/../../../../arm-none-eabi/lib/armv7e-m/softfp\libcr_nohost.a(_cr__main.o)
                0x14001854                __main
 .text.memset   0x14001868        0x4 c:/nxp/lpcxpresso_8.0.0_526/lpcxpresso/tools/bin/../lib/gcc/arm-none-eabi/4.9.3/../../../../arm-none-eabi/lib/armv7e-m/softfp\libcr_c.a(memset.o)
                0x14001868                memset
 .text._initio  0x1400186c       0xa4 c:/nxp/lpcxpresso_8.0.0_526/lpcxpresso/tools/bin/../lib/gcc/arm-none-eabi/4.9.3/../../../../arm-none-eabi/lib/armv7e-m/softfp\libcr_c.a(initio.o)
                0x1400186c                _initio
 .text.setvbuf  0x14001910       0x40 c:/nxp/lpcxpresso_8.0.0_526/lpcxpresso/tools/bin/../lib/gcc/arm-none-eabi/4.9.3/../../../../arm-none-eabi/lib/armv7e-m/softfp\libcr_c.a(setvbuf.o)
                0x14001910                setvbuf
 .text._deferredlazyseek
                0x14001950       0x44 c:/nxp/lpcxpresso_8.0.0_526/lpcxpresso/tools/bin/../lib/gcc/arm-none-eabi/4.9.3/../../../../arm-none-eabi/lib/armv7e-m/softfp\libcr_c.a(_deferredlazyseek.o)
                0x14001950                _deferredlazyseek
 .text._fdopen  0x14001994       0x6a c:/nxp/lpcxpresso_8.0.0_526/lpcxpresso/tools/bin/../lib/gcc/arm-none-eabi/4.9.3/../../../../arm-none-eabi/lib/armv7e-m/softfp\libcr_c.a(_fdopen.o)
                0x14001994                _fdopen
 .text._fflush  0x140019fe       0x58 c:/nxp/lpcxpresso_8.0.0_526/lpcxpresso/tools/bin/../lib/gcc/arm-none-eabi/4.9.3/../../../../arm-none-eabi/lib/armv7e-m/softfp\libcr_c.a(_fflush.o)
                0x140019fe                _fflush
 *fill*         0x14001a56        0x2 
 .text._Cwritebuf
                0x14001a58       0x68 c:/nxp/lpcxpresso_8.0.0_526/lpcxpresso/tools/bin/../lib/gcc/arm-none-eabi/4.9.3/../../../../arm-none-eabi/lib/armv7e-m/softfp\libcr_c.a(_writebuf.o)
                0x14001a58                _Cwritebuf
 .text.malloc   0x14001ac0       0xcc c:/nxp/lpcxpresso_8.0.0_526/lpcxpresso/tools/bin/../lib/gcc/arm-none-eabi/4.9.3/../../../../arm-none-eabi/lib/armv7e-m/softfp\libcr_c.a(alloc.o)
                0x14001ac0                malloc
 .text.free     0x14001b8c       0x30 c:/nxp/lpcxpresso_8.0.0_526/lpcxpresso/tools/bin/../lib/gcc/arm-none-eabi/4.9.3/../../../../arm-none-eabi/lib/armv7e-m/softfp\libcr_c.a(alloc.o)
                0x14001b8c                free
 .text._Csys_alloc
                0x14001bbc       0x20 c:/nxp/lpcxpresso_8.0.0_526/lpcxpresso/tools/bin/../lib/gcc/arm-none-eabi/4.9.3/../../../../arm-none-eabi/lib/armv7e-m/softfp\libcr_c.a(alloc.o)
                0x14001bbc                _Csys_alloc
 .text.fclose   0x14001bdc       0x6c c:/nxp/lpcxpresso_8.0.0_526/lpcxpresso/tools/bin/../lib/gcc/arm-none-eabi/4.9.3/../../../../arm-none-eabi/lib/armv7e-m/softfp\libcr_c.a(fclose.o)
                0x14001bdc                fclose
 .text.fflush   0x14001c48       0x30 c:/nxp/lpcxpresso_8.0.0_526/lpcxpresso/tools/bin/../lib/gcc/arm-none-eabi/4.9.3/../../../../arm-none-eabi/lib/armv7e-m/softfp\libcr_c.a(fflush.o)
                0x14001c48                fflush
 .text.fseek    0x14001c78      0x110 c:/nxp/lpcxpresso_8.0.0_526/lpcxpresso/tools/bin/../lib/gcc/arm-none-eabi/4.9.3/../../../../arm-none-eabi/lib/armv7e-m/softfp\libcr_c.a(fseek.o)
                0x14001c78                fseek
 .text.ftell    0x14001d88       0x4c c:/nxp/lpcxpresso_8.0.0_526/lpcxpresso/tools/bin/../lib/gcc/arm-none-eabi/4.9.3/../../../../arm-none-eabi/lib/armv7e-m/softfp\libcr_c.a(ftell.o)
                0x14001d88                ftell
 .text.remove   0x14001dd4       0x14 c:/nxp/lpcxpresso_8.0.0_526/lpcxpresso/tools/bin/../lib/gcc/arm-none-eabi/4.9.3/../../../../arm-none-eabi/lib/armv7e-m/softfp\libcr_c.a(remove.o)
                0x14001dd4                remove
 .text.strlen   0x14001de8       0x4a c:/nxp/lpcxpresso_8.0.0_526/lpcxpresso/tools/bin/../lib/gcc/arm-none-eabi/4.9.3/../../../../arm-none-eabi/lib/armv7e-m/softfp\libcr_c.a(strlen.o)
                0x14001de8                strlen
 *fill*         0x14001e32        0x2 
 .text._sbrk    0x14001e34       0x40 c:/nxp/lpcxpresso_8.0.0_526/lpcxpresso/tools/bin/../lib/gcc/arm-none-eabi/4.9.3/../../../../arm-none-eabi/lib/armv7e-m/softfp\libcr_c.a(_cr_sbrk.o)
                0x14001e34                _sbrk
 .text._do_fflush
                0x14001e74       0x44 c:/nxp/lpcxpresso_8.0.0_526/lpcxpresso/tools/bin/../lib/gcc/arm-none-eabi/4.9.3/../../../../arm-none-eabi/lib/armv7e-m/softfp\libcr_c.a(_do_fflush.o)
                0x14001e74                _do_fflush
 .text.__check_heap_overflow
                0x14001eb8       0x18 c:/nxp/lpcxpresso_8.0.0_526/lpcxpresso/tools/bin/../lib/gcc/arm-none-eabi/4.9.3/../../../../arm-none-eabi/lib/armv7e-m/softfp\libcr_c.a(_cr_check_heap.o)
                0x14001eb8                __check_heap_overflow
 .text.__aeabi_memset_lowlevel
                0x14001ed0       0x32 c:/nxp/lpcxpresso_8.0.0_526/lpcxpresso/tools/bin/../lib/gcc/arm-none-eabi/4.9.3/armv7e-m/softfp\libcr_eabihelpers.a(memcpy.o)
                0x14001ed0                __aeabi_lowlevel_memset
 .text.__sys_appexit
                0x14001f02        0x2 c:/nxp/lpcxpresso_8.0.0_526/lpcxpresso/tools/bin/../lib/gcc/arm-none-eabi/4.9.3/../../../../arm-none-eabi/lib/armv7e-m/softfp\libcr_nohost.a(__sys_appexit.o)
                0x14001f02                __sys_appexit
                0x14001f02                __exit
 .text.__sys_close
                0x14001f04        0x6 c:/nxp/lpcxpresso_8.0.0_526/lpcxpresso/tools/bin/../lib/gcc/arm-none-eabi/4.9.3/../../../../arm-none-eabi/lib/armv7e-m/softfp\libcr_nohost.a(__sys_close.o)
                0x14001f04                __sys_close
 .text.__sys_flen
                0x14001f0a        0x6 c:/nxp/lpcxpresso_8.0.0_526/lpcxpresso/tools/bin/../lib/gcc/arm-none-eabi/4.9.3/../../../../arm-none-eabi/lib/armv7e-m/softfp\libcr_nohost.a(__sys_flen.o)
                0x14001f0a                __sys_flen
 .text.__sys_istty
                0x14001f10        0x6 c:/nxp/lpcxpresso_8.0.0_526/lpcxpresso/tools/bin/../lib/gcc/arm-none-eabi/4.9.3/../../../../arm-none-eabi/lib/armv7e-m/softfp\libcr_nohost.a(__sys_istty.o)
                0x14001f10                __sys_istty
 .text.__sys_remove
                0x14001f16        0x6 c:/nxp/lpcxpresso_8.0.0_526/lpcxpresso/tools/bin/../lib/gcc/arm-none-eabi/4.9.3/../../../../arm-none-eabi/lib/armv7e-m/softfp\libcr_nohost.a(__sys_remove.o)
                0x14001f16                __sys_remove
 .text.__sys_seek
                0x14001f1c        0x6 c:/nxp/lpcxpresso_8.0.0_526/lpcxpresso/tools/bin/../lib/gcc/arm-none-eabi/4.9.3/../../../../arm-none-eabi/lib/armv7e-m/softfp\libcr_nohost.a(__sys_seek.o)
                0x14001f1c                __sys_seek
 .text.__sys_tmpnam
                0x14001f22        0x6 c:/nxp/lpcxpresso_8.0.0_526/lpcxpresso/tools/bin/../lib/gcc/arm-none-eabi/4.9.3/../../../../arm-none-eabi/lib/armv7e-m/softfp\libcr_nohost.a(__sys_tmpnam.o)
                0x14001f22                __sys_tmpnam
 *(.rodata .rodata.* .constdata .constdata.*)
 .rodata.HID_ReportDescriptor
                0x14001f28       0x21 ./example/src/hid_desc.o
                0x14001f28                HID_ReportDescriptor
 *fill*         0x14001f49        0x1 
 .rodata.HID_ReportDescSize
                0x14001f4a        0x2 ./example/src/hid_desc.o
                0x14001f4a                HID_ReportDescSize
 .rodata.USB_DeviceDescriptor
                0x14001f4c       0x12 ./example/src/hid_desc.o
                0x14001f4c                USB_DeviceDescriptor
 *fill*         0x14001f5e        0x2 
 .rodata.USB_DeviceQualifier
                0x14001f60        0xa ./example/src/hid_desc.o
                0x14001f60                USB_DeviceQualifier
 *fill*         0x14001f6a        0x2 
 .rodata.USB_StringDescriptor
                0x14001f6c       0x68 ./example/src/hid_desc.o
                0x14001f6c                USB_StringDescriptor
 .rodata.ExtRateIn
                0x14001fd4        0x4 C:\Users\Team04\Documents\LPCXpresso_8.0.0_526\workspace\lpc_board_ngx_xplorer_4330\Debug\liblpc_board_ngx_xplorer_4330.a(board.o)
                0x14001fd4                ExtRateIn
 .rodata.OscRateIn
                0x14001fd8        0x4 C:\Users\Team04\Documents\LPCXpresso_8.0.0_526\workspace\lpc_board_ngx_xplorer_4330\Debug\liblpc_board_ngx_xplorer_4330.a(board.o)
                0x14001fd8                OscRateIn
 .rodata.InitClkStates
                0x14001fdc       0x10 C:\Users\Team04\Documents\LPCXpresso_8.0.0_526\workspace\lpc_board_ngx_xplorer_4330\Debug\liblpc_board_ngx_xplorer_4330.a(board_sysinit.o)
 .rodata.spifipinmuxing
                0x14001fec       0x18 C:\Users\Team04\Documents\LPCXpresso_8.0.0_526\workspace\lpc_board_ngx_xplorer_4330\Debug\liblpc_board_ngx_xplorer_4330.a(board_sysinit.o)
 .rodata.pinmuxing
                0x14002004       0x44 C:\Users\Team04\Documents\LPCXpresso_8.0.0_526\workspace\lpc_board_ngx_xplorer_4330\Debug\liblpc_board_ngx_xplorer_4330.a(board_sysinit.o)
 .rodata.usbPLLSetup
                0x14002048       0x14 C:\Users\Team04\Documents\LPCXpresso_8.0.0_526\workspace\lpc_chip_43xx\Debug\liblpc_chip_43xx.a(chip_18xx_43xx.o)
 .rodata.periph_to_base
                0x1400205c       0x6c C:\Users\Team04\Documents\LPCXpresso_8.0.0_526\workspace\lpc_chip_43xx\Debug\liblpc_chip_43xx.a(clock_18xx_43xx.o)
 .rodata        0x140020c8        0xa C:\Users\Team04\Documents\LPCXpresso_8.0.0_526\workspace\lpc_chip_43xx\Debug\liblpc_chip_43xx.a(clock_18xx_43xx.o)
 *fill*         0x140020d2        0x2 
 .rodata.InitClkStates
                0x140020d4       0x48 C:\Users\Team04\Documents\LPCXpresso_8.0.0_526\workspace\lpc_chip_43xx\Debug\liblpc_chip_43xx.a(sysinit_18xx_43xx.o)
 .rodata.str1.1
                0x1400211c        0x4 c:/nxp/lpcxpresso_8.0.0_526/lpcxpresso/tools/bin/../lib/gcc/arm-none-eabi/4.9.3/../../../../arm-none-eabi/lib/armv7e-m/softfp\libcr_c.a(initio.o)
 .rodata.str1.1
                0x14002120       0x18 c:/nxp/lpcxpresso_8.0.0_526/lpcxpresso/tools/bin/../lib/gcc/arm-none-eabi/4.9.3/../../../../arm-none-eabi/lib/armv7e-m/softfp\libcr_c.a(alloc.o)
                0x14002138                . = ALIGN (0x4)

.glue_7         0x14002138        0x0
 .glue_7        0x00000000        0x0 linker stubs

.glue_7t        0x14002138        0x0
 .glue_7t       0x00000000        0x0 linker stubs

.vfp11_veneer   0x14002138        0x0
 .vfp11_veneer  0x00000000        0x0 linker stubs

.v4_bx          0x14002138        0x0
 .v4_bx         0x00000000        0x0 linker stubs

.iplt           0x14002138        0x0
 .iplt          0x00000000        0x0 ./example/src/cr_startup_lpc43xx.o

.rel.dyn        0x14002138        0x0
 .rel.iplt      0x00000000        0x0 ./example/src/cr_startup_lpc43xx.o

.ARM.extab
 *(.ARM.extab* .gnu.linkonce.armextab.*)
                0x14002138                __exidx_start = .

.ARM.exidx
 *(.ARM.exidx* .gnu.linkonce.armexidx.*)
                0x14002138                __exidx_end = .
                0x14002138                _etext = .

.data_RAM2      0x10080000        0x0 load address 0x14002138
 FILL mask 0xff
                0x10080000                PROVIDE (__start_data_RAM2, .)
 *(.ramfunc.$RAM2)
 *(.ramfunc.$RamLoc72)
 *(.data.$RAM2*)
 *(.data.$RamLoc72*)
                0x10080000                . = ALIGN (0x4)
                0x10080000                PROVIDE (__end_data_RAM2, .)

.data_RAM3      0x20000000        0x0 load address 0x14002138
 FILL mask 0xff
                0x20000000                PROVIDE (__start_data_RAM3, .)
 *(.ramfunc.$RAM3)
 *(.ramfunc.$RamAHB32)
 *(.data.$RAM3*)
 *(.data.$RamAHB32*)
                0x20000000                . = ALIGN (0x4)
                0x20000000                PROVIDE (__end_data_RAM3, .)

.data_RAM4      0x20008000        0x0 load address 0x14002138
 FILL mask 0xff
                0x20008000                PROVIDE (__start_data_RAM4, .)
 *(.ramfunc.$RAM4)
 *(.ramfunc.$RamAHB16)
 *(.data.$RAM4*)
 *(.data.$RamAHB16*)
                0x20008000                . = ALIGN (0x4)
                0x20008000                PROVIDE (__end_data_RAM4, .)

.data_RAM5      0x2000c000        0x0 load address 0x14002138
 FILL mask 0xff
                0x2000c000                PROVIDE (__start_data_RAM5, .)
 *(.ramfunc.$RAM5)
 *(.ramfunc.$RamAHB_ETB16)
 *(.data.$RAM5*)
 *(.data.$RamAHB_ETB16*)
                0x2000c000                . = ALIGN (0x4)
                0x2000c000                PROVIDE (__end_data_RAM5, .)

.uninit_RESERVED
                0x10000000        0x0
 *(.bss.$RESERVED*)
                0x10000000                . = ALIGN (0x4)
                0x10000000                _end_uninit_RESERVED = .

.data           0x10000000       0x58 load address 0x14002138
 FILL mask 0xff
                0x10000000                _data = .
 *(vtable)
 *(.ramfunc*)
 *(.data*)
 .data.USB_HsConfigDescriptor
                0x10000000       0x2a ./example/src/hid_desc.o
                0x10000000                USB_HsConfigDescriptor
 *fill*         0x1000002a        0x2 
 .data.USB_FsConfigDescriptor
                0x1000002c       0x2a ./example/src/hid_desc.o
                0x1000002c                USB_FsConfigDescriptor
                0x10000058                . = ALIGN (0x4)
 *fill*         0x10000056        0x2 ff
                0x10000058                _edata = .

.igot.plt       0x10000058        0x0 load address 0x14002190
 .igot.plt      0x00000000        0x0 ./example/src/cr_startup_lpc43xx.o

.bss_RAM2       0x10080000        0x0
                0x10080000                PROVIDE (__start_bss_RAM2, .)
 *(.bss.$RAM2*)
 *(.bss.$RamLoc72*)
                0x10080000                . = ALIGN ((. != 0x0)?0x4:0x1)
                0x10080000                PROVIDE (__end_bss_RAM2, .)

.bss_RAM3       0x20000000        0x0
                0x20000000                PROVIDE (__start_bss_RAM3, .)
 *(.bss.$RAM3*)
 *(.bss.$RamAHB32*)
                0x20000000                . = ALIGN ((. != 0x0)?0x4:0x1)
                0x20000000                PROVIDE (__end_bss_RAM3, .)

.bss_RAM4       0x20008000        0x0
                0x20008000                PROVIDE (__start_bss_RAM4, .)
 *(.bss.$RAM4*)
 *(.bss.$RamAHB16*)
                0x20008000                . = ALIGN ((. != 0x0)?0x4:0x1)
                0x20008000                PROVIDE (__end_bss_RAM4, .)

.bss_RAM5       0x2000c000        0x0
                0x2000c000                PROVIDE (__start_bss_RAM5, .)
 *(.bss.$RAM5*)
 *(.bss.$RamAHB_ETB16*)
                0x2000c000                . = ALIGN ((. != 0x0)?0x4:0x1)
                0x2000c000                PROVIDE (__end_bss_RAM5, .)

.bss            0x10000058      0x170
                0x10000058                _bss = .
 *(.bss*)
 .bss.loopback_report
                0x10000058        0x4 ./example/src/hid_generic.o
 .bss.g_hUsb    0x1000005c        0x4 ./example/src/hid_main.o
 .bss.g_ep0RxBusy
                0x10000060        0x4 ./example/src/hid_main.o
 .bss.g_Ep0BaseHdlr
                0x10000064        0x4 ./example/src/hid_main.o
 .bss.audio_usb_pll_freq
                0x10000068        0x8 C:\Users\Team04\Documents\LPCXpresso_8.0.0_526\workspace\lpc_chip_43xx\Debug\liblpc_chip_43xx.a(clock_18xx_43xx.o)
 .bss.errno     0x10000070        0x4 c:/nxp/lpcxpresso_8.0.0_526/lpcxpresso/tools/bin/../lib/gcc/arm-none-eabi/4.9.3/../../../../arm-none-eabi/lib/armv7e-m/softfp\libcr_c.a(errno.o)
                0x10000070                errno
 *(COMMON)
 COMMON         0x10000074        0x4 ./example/src/hid_main.o
                0x10000074                g_pUsbApi
 COMMON         0x10000078        0x4 C:\Users\Team04\Documents\LPCXpresso_8.0.0_526\workspace\lpc_chip_43xx\Debug\liblpc_chip_43xx.a(chip_18xx_43xx.o)
                0x10000078                SystemCoreClock
 COMMON         0x1000007c        0x4 c:/nxp/lpcxpresso_8.0.0_526/lpcxpresso/tools/bin/../lib/gcc/arm-none-eabi/4.9.3/../../../../arm-none-eabi/lib/armv7e-m/softfp\libcr_c.a(initio.o)
                0x1000007c                _extra
 COMMON         0x10000080      0x140 c:/nxp/lpcxpresso_8.0.0_526/lpcxpresso/tools/bin/../lib/gcc/arm-none-eabi/4.9.3/../../../../arm-none-eabi/lib/armv7e-m/softfp\libcr_c.a(stdio.o)
                0x10000080                __Ciob
 COMMON         0x100001c0        0x8 c:/nxp/lpcxpresso_8.0.0_526/lpcxpresso/tools/bin/../lib/gcc/arm-none-eabi/4.9.3/../../../../arm-none-eabi/lib/armv7e-m/softfp\libcr_c.a(__init_alloc.o)
                0x100001c0                __heaps
                0x100001c4                __end_of_heap
                0x100001c8                . = ALIGN (0x4)
                0x100001c8                _ebss = .
                0x100001c8                PROVIDE (end, .)

.noinit_RAM2    0x10080000        0x0
 *(.noinit.$RAM2*)
 *(.noinit.$RamLoc72*)
                0x10080000                . = ALIGN (0x4)

.noinit_RAM3    0x20000000        0x0
 *(.noinit.$RAM3*)
 *(.noinit.$RamAHB32*)
                0x20000000                . = ALIGN (0x4)

.noinit_RAM4    0x20008000        0x0
 *(.noinit.$RAM4*)
 *(.noinit.$RamAHB16*)
                0x20008000                . = ALIGN (0x4)

.noinit_RAM5    0x2000c000        0x0
 *(.noinit.$RAM5*)
 *(.noinit.$RamAHB_ETB16*)
                0x2000c000                . = ALIGN (0x4)

.noinit         0x100001c8        0x0
                0x100001c8                _noinit = .
 *(.noinit*)
                0x100001c8                . = ALIGN (0x4)
                0x100001c8                _end_noinit = .
                0x100001c8                PROVIDE (_pvHeapStart, DEFINED (__user_heap_base)?__user_heap_base:.)
                0x10020000                PROVIDE (_vStackTop, DEFINED (__user_stack_top)?__user_stack_top:(__top_RamLoc128 - 0x0))
                0x77fdf3a2                PROVIDE (__valid_user_code_checksum, (0x0 - ((((((_vStackTop + (ResetISR + 0x1)) + (NMI_Handler + 0x1)) + (HardFault_Handler + 0x1)) + (DEFINED (MemManage_Handler)?MemManage_Handler:0x0 + 0x1)) + (DEFINED (BusFault_Handler)?BusFault_Handler:0x0 + 0x1)) + (DEFINED (UsageFault_Handler)?UsageFault_Handler:0x0 + 0x1))))
OUTPUT(usbd_rom_hid_generic.axf elf32-littlearm)

.debug_info     0x00000000     0xa2c2
 .debug_info    0x00000000      0x292 ./example/src/cr_startup_lpc43xx.o
 .debug_info    0x00000292      0x16c ./example/src/hid_desc.o
 .debug_info    0x000003fe     0x1e62 ./example/src/hid_generic.o
 .debug_info    0x00002260     0x236f ./example/src/hid_main.o
 .debug_info    0x000045cf       0xea ./example/src/sysinit.o
 .debug_info    0x000046b9     0x164f C:\Users\Team04\Documents\LPCXpresso_8.0.0_526\workspace\lpc_board_ngx_xplorer_4330\Debug\liblpc_board_ngx_xplorer_4330.a(board.o)
 .debug_info    0x00005d08      0xb42 C:\Users\Team04\Documents\LPCXpresso_8.0.0_526\workspace\lpc_board_ngx_xplorer_4330\Debug\liblpc_board_ngx_xplorer_4330.a(board_sysinit.o)
 .debug_info    0x0000684a      0xa2d C:\Users\Team04\Documents\LPCXpresso_8.0.0_526\workspace\lpc_chip_43xx\Debug\liblpc_chip_43xx.a(chip_18xx_43xx.o)
 .debug_info    0x00007277     0x13ae C:\Users\Team04\Documents\LPCXpresso_8.0.0_526\workspace\lpc_chip_43xx\Debug\liblpc_chip_43xx.a(clock_18xx_43xx.o)
 .debug_info    0x00008625      0x128 C:\Users\Team04\Documents\LPCXpresso_8.0.0_526\workspace\lpc_chip_43xx\Debug\liblpc_chip_43xx.a(fpu_init.o)
 .debug_info    0x0000874d      0x42b C:\Users\Team04\Documents\LPCXpresso_8.0.0_526\workspace\lpc_chip_43xx\Debug\liblpc_chip_43xx.a(gpio_18xx_43xx.o)
 .debug_info    0x00008b78      0x6da C:\Users\Team04\Documents\LPCXpresso_8.0.0_526\workspace\lpc_chip_43xx\Debug\liblpc_chip_43xx.a(sysinit_18xx_43xx.o)
 .debug_info    0x00009252     0x1070 C:\Users\Team04\Documents\LPCXpresso_8.0.0_526\workspace\lpc_chip_43xx\Debug\liblpc_chip_43xx.a(uart_18xx_43xx.o)

.debug_abbrev   0x00000000     0x1459
 .debug_abbrev  0x00000000       0xed ./example/src/cr_startup_lpc43xx.o
 .debug_abbrev  0x000000ed       0x60 ./example/src/hid_desc.o
 .debug_abbrev  0x0000014d      0x211 ./example/src/hid_generic.o
 .debug_abbrev  0x0000035e      0x2a2 ./example/src/hid_main.o
 .debug_abbrev  0x00000600       0x9c ./example/src/sysinit.o
 .debug_abbrev  0x0000069c      0x2d9 C:\Users\Team04\Documents\LPCXpresso_8.0.0_526\workspace\lpc_board_ngx_xplorer_4330\Debug\liblpc_board_ngx_xplorer_4330.a(board.o)
 .debug_abbrev  0x00000975      0x18d C:\Users\Team04\Documents\LPCXpresso_8.0.0_526\workspace\lpc_board_ngx_xplorer_4330\Debug\liblpc_board_ngx_xplorer_4330.a(board_sysinit.o)
 .debug_abbrev  0x00000b02      0x148 C:\Users\Team04\Documents\LPCXpresso_8.0.0_526\workspace\lpc_chip_43xx\Debug\liblpc_chip_43xx.a(chip_18xx_43xx.o)
 .debug_abbrev  0x00000c4a      0x2a1 C:\Users\Team04\Documents\LPCXpresso_8.0.0_526\workspace\lpc_chip_43xx\Debug\liblpc_chip_43xx.a(clock_18xx_43xx.o)
 .debug_abbrev  0x00000eeb       0x84 C:\Users\Team04\Documents\LPCXpresso_8.0.0_526\workspace\lpc_chip_43xx\Debug\liblpc_chip_43xx.a(fpu_init.o)
 .debug_abbrev  0x00000f6f      0x111 C:\Users\Team04\Documents\LPCXpresso_8.0.0_526\workspace\lpc_chip_43xx\Debug\liblpc_chip_43xx.a(gpio_18xx_43xx.o)
 .debug_abbrev  0x00001080      0x12d C:\Users\Team04\Documents\LPCXpresso_8.0.0_526\workspace\lpc_chip_43xx\Debug\liblpc_chip_43xx.a(sysinit_18xx_43xx.o)
 .debug_abbrev  0x000011ad      0x2ac C:\Users\Team04\Documents\LPCXpresso_8.0.0_526\workspace\lpc_chip_43xx\Debug\liblpc_chip_43xx.a(uart_18xx_43xx.o)

.debug_aranges  0x00000000      0x5e8
 .debug_aranges
                0x00000000       0x80 ./example/src/cr_startup_lpc43xx.o
 .debug_aranges
                0x00000080       0x18 ./example/src/hid_desc.o
 .debug_aranges
                0x00000098       0x38 ./example/src/hid_generic.o
 .debug_aranges
                0x000000d0       0x40 ./example/src/hid_main.o
 .debug_aranges
                0x00000110       0x20 ./example/src/sysinit.o
 .debug_aranges
                0x00000130      0x138 C:\Users\Team04\Documents\LPCXpresso_8.0.0_526\workspace\lpc_board_ngx_xplorer_4330\Debug\liblpc_board_ngx_xplorer_4330.a(board.o)
 .debug_aranges
                0x00000268       0x40 C:\Users\Team04\Documents\LPCXpresso_8.0.0_526\workspace\lpc_board_ngx_xplorer_4330\Debug\liblpc_board_ngx_xplorer_4330.a(board_sysinit.o)
 .debug_aranges
                0x000002a8       0x40 C:\Users\Team04\Documents\LPCXpresso_8.0.0_526\workspace\lpc_chip_43xx\Debug\liblpc_chip_43xx.a(chip_18xx_43xx.o)
 .debug_aranges
                0x000002e8      0x128 C:\Users\Team04\Documents\LPCXpresso_8.0.0_526\workspace\lpc_chip_43xx\Debug\liblpc_chip_43xx.a(clock_18xx_43xx.o)
 .debug_aranges
                0x00000410       0x20 C:\Users\Team04\Documents\LPCXpresso_8.0.0_526\workspace\lpc_chip_43xx\Debug\liblpc_chip_43xx.a(fpu_init.o)
 .debug_aranges
                0x00000430       0x68 C:\Users\Team04\Documents\LPCXpresso_8.0.0_526\workspace\lpc_chip_43xx\Debug\liblpc_chip_43xx.a(gpio_18xx_43xx.o)
 .debug_aranges
                0x00000498       0x38 C:\Users\Team04\Documents\LPCXpresso_8.0.0_526\workspace\lpc_chip_43xx\Debug\liblpc_chip_43xx.a(sysinit_18xx_43xx.o)
 .debug_aranges
                0x000004d0      0x118 C:\Users\Team04\Documents\LPCXpresso_8.0.0_526\workspace\lpc_chip_43xx\Debug\liblpc_chip_43xx.a(uart_18xx_43xx.o)

.debug_ranges   0x00000000      0x510
 .debug_ranges  0x00000000       0x70 ./example/src/cr_startup_lpc43xx.o
 .debug_ranges  0x00000070       0x28 ./example/src/hid_generic.o
 .debug_ranges  0x00000098       0x30 ./example/src/hid_main.o
 .debug_ranges  0x000000c8       0x10 ./example/src/sysinit.o
 .debug_ranges  0x000000d8      0x128 C:\Users\Team04\Documents\LPCXpresso_8.0.0_526\workspace\lpc_board_ngx_xplorer_4330\Debug\liblpc_board_ngx_xplorer_4330.a(board.o)
 .debug_ranges  0x00000200       0x30 C:\Users\Team04\Documents\LPCXpresso_8.0.0_526\workspace\lpc_board_ngx_xplorer_4330\Debug\liblpc_board_ngx_xplorer_4330.a(board_sysinit.o)
 .debug_ranges  0x00000230       0x30 C:\Users\Team04\Documents\LPCXpresso_8.0.0_526\workspace\lpc_chip_43xx\Debug\liblpc_chip_43xx.a(chip_18xx_43xx.o)
 .debug_ranges  0x00000260      0x118 C:\Users\Team04\Documents\LPCXpresso_8.0.0_526\workspace\lpc_chip_43xx\Debug\liblpc_chip_43xx.a(clock_18xx_43xx.o)
 .debug_ranges  0x00000378       0x10 C:\Users\Team04\Documents\LPCXpresso_8.0.0_526\workspace\lpc_chip_43xx\Debug\liblpc_chip_43xx.a(fpu_init.o)
 .debug_ranges  0x00000388       0x58 C:\Users\Team04\Documents\LPCXpresso_8.0.0_526\workspace\lpc_chip_43xx\Debug\liblpc_chip_43xx.a(gpio_18xx_43xx.o)
 .debug_ranges  0x000003e0       0x28 C:\Users\Team04\Documents\LPCXpresso_8.0.0_526\workspace\lpc_chip_43xx\Debug\liblpc_chip_43xx.a(sysinit_18xx_43xx.o)
 .debug_ranges  0x00000408      0x108 C:\Users\Team04\Documents\LPCXpresso_8.0.0_526\workspace\lpc_chip_43xx\Debug\liblpc_chip_43xx.a(uart_18xx_43xx.o)

.debug_macro    0x00000000     0x7ef0
 .debug_macro   0x00000000       0x1d ./example/src/cr_startup_lpc43xx.o
 .debug_macro   0x0000001d      0x88c ./example/src/cr_startup_lpc43xx.o
 .debug_macro   0x000008a9      0x107 ./example/src/hid_desc.o
 .debug_macro   0x000009b0       0x10 ./example/src/hid_desc.o
 .debug_macro   0x000009c0      0x12d ./example/src/hid_desc.o
 .debug_macro   0x00000aed      0x5b2 ./example/src/hid_desc.o
 .debug_macro   0x0000109f       0x22 ./example/src/hid_desc.o
 .debug_macro   0x000010c1       0x7b ./example/src/hid_desc.o
 .debug_macro   0x0000113c       0x18 ./example/src/hid_desc.o
 .debug_macro   0x00001154      0x26c ./example/src/hid_desc.o
 .debug_macro   0x000013c0       0x6a ./example/src/hid_desc.o
 .debug_macro   0x0000142a       0x12 ./example/src/hid_desc.o
 .debug_macro   0x0000143c       0xfa ./example/src/hid_desc.o
 .debug_macro   0x00001536       0xee ./example/src/hid_desc.o
 .debug_macro   0x00001624      0x69a ./example/src/hid_desc.o
 .debug_macro   0x00001cbe      0x272 ./example/src/hid_desc.o
 .debug_macro   0x00001f30       0x10 ./example/src/hid_desc.o
 .debug_macro   0x00001f40      0x3ca ./example/src/hid_generic.o
 .debug_macro   0x0000230a       0x10 ./example/src/hid_generic.o
 .debug_macro   0x0000231a       0x28 ./example/src/hid_generic.o
 .debug_macro   0x00002342       0x3b ./example/src/hid_generic.o
 .debug_macro   0x0000237d       0x2d ./example/src/hid_generic.o
 .debug_macro   0x000023aa       0x42 ./example/src/hid_generic.o
 .debug_macro   0x000023ec      0xd39 ./example/src/hid_generic.o
 .debug_macro   0x00003125      0x2bc ./example/src/hid_generic.o
 .debug_macro   0x000033e1      0x112 ./example/src/hid_generic.o
 .debug_macro   0x000034f3       0x11 ./example/src/hid_generic.o
 .debug_macro   0x00003504       0x1e ./example/src/hid_generic.o
 .debug_macro   0x00003522       0x16 ./example/src/hid_generic.o
 .debug_macro   0x00003538      0x2e6 ./example/src/hid_generic.o
 .debug_macro   0x0000381e       0x82 ./example/src/hid_generic.o
 .debug_macro   0x000038a0      0x13d ./example/src/hid_generic.o
 .debug_macro   0x000039dd      0x198 ./example/src/hid_generic.o
 .debug_macro   0x00003b75       0x34 ./example/src/hid_generic.o
 .debug_macro   0x00003ba9       0x58 ./example/src/hid_generic.o
 .debug_macro   0x00003c01      0x236 ./example/src/hid_generic.o
 .debug_macro   0x00003e37      0x572 ./example/src/hid_generic.o
 .debug_macro   0x000043a9       0x16 ./example/src/hid_generic.o
 .debug_macro   0x000043bf      0x18a ./example/src/hid_generic.o
 .debug_macro   0x00004549       0x88 ./example/src/hid_generic.o
 .debug_macro   0x000045d1      0x1b9 ./example/src/hid_generic.o
 .debug_macro   0x0000478a      0x1da ./example/src/hid_generic.o
 .debug_macro   0x00004964       0x40 ./example/src/hid_generic.o
 .debug_macro   0x000049a4       0x1c ./example/src/hid_generic.o
 .debug_macro   0x000049c0       0x2e ./example/src/hid_generic.o
 .debug_macro   0x000049ee       0x2e ./example/src/hid_generic.o
 .debug_macro   0x00004a1c       0x22 ./example/src/hid_generic.o
 .debug_macro   0x00004a3e      0x201 ./example/src/hid_generic.o
 .debug_macro   0x00004c3f       0xe0 ./example/src/hid_generic.o
 .debug_macro   0x00004d1f      0x34c ./example/src/hid_generic.o
 .debug_macro   0x0000506b       0xdc ./example/src/hid_generic.o
 .debug_macro   0x00005147       0x94 ./example/src/hid_generic.o
 .debug_macro   0x000051db       0xb8 ./example/src/hid_generic.o
 .debug_macro   0x00005293       0x4c ./example/src/hid_generic.o
 .debug_macro   0x000052df       0x16 ./example/src/hid_generic.o
 .debug_macro   0x000052f5      0x328 ./example/src/hid_generic.o
 .debug_macro   0x0000561d       0x3a ./example/src/hid_generic.o
 .debug_macro   0x00005657       0xd0 ./example/src/hid_generic.o
 .debug_macro   0x00005727       0x22 ./example/src/hid_generic.o
 .debug_macro   0x00005749       0x40 ./example/src/hid_generic.o
 .debug_macro   0x00005789       0x94 ./example/src/hid_generic.o
 .debug_macro   0x0000581d       0x9a ./example/src/hid_generic.o
 .debug_macro   0x000058b7       0x20 ./example/src/hid_generic.o
 .debug_macro   0x000058d7       0x28 ./example/src/hid_generic.o
 .debug_macro   0x000058ff      0x124 ./example/src/hid_generic.o
 .debug_macro   0x00005a23      0x3dc ./example/src/hid_main.o
 .debug_macro   0x00005dff      0x324 ./example/src/sysinit.o
 .debug_macro   0x00006123      0x33b C:\Users\Team04\Documents\LPCXpresso_8.0.0_526\workspace\lpc_board_ngx_xplorer_4330\Debug\liblpc_board_ngx_xplorer_4330.a(board.o)
 .debug_macro   0x0000645e      0x886 C:\Users\Team04\Documents\LPCXpresso_8.0.0_526\workspace\lpc_board_ngx_xplorer_4330\Debug\liblpc_board_ngx_xplorer_4330.a(board.o)
 .debug_macro   0x00006ce4       0x12 C:\Users\Team04\Documents\LPCXpresso_8.0.0_526\workspace\lpc_board_ngx_xplorer_4330\Debug\liblpc_board_ngx_xplorer_4330.a(board.o)
 .debug_macro   0x00006cf6      0x324 C:\Users\Team04\Documents\LPCXpresso_8.0.0_526\workspace\lpc_board_ngx_xplorer_4330\Debug\liblpc_board_ngx_xplorer_4330.a(board_sysinit.o)
 .debug_macro   0x0000701a      0x2d0 C:\Users\Team04\Documents\LPCXpresso_8.0.0_526\workspace\lpc_chip_43xx\Debug\liblpc_chip_43xx.a(chip_18xx_43xx.o)
 .debug_macro   0x000072ea      0x2d6 C:\Users\Team04\Documents\LPCXpresso_8.0.0_526\workspace\lpc_chip_43xx\Debug\liblpc_chip_43xx.a(clock_18xx_43xx.o)
 .debug_macro   0x000075c0       0xc0 C:\Users\Team04\Documents\LPCXpresso_8.0.0_526\workspace\lpc_chip_43xx\Debug\liblpc_chip_43xx.a(fpu_init.o)
 .debug_macro   0x00007680      0x2d0 C:\Users\Team04\Documents\LPCXpresso_8.0.0_526\workspace\lpc_chip_43xx\Debug\liblpc_chip_43xx.a(gpio_18xx_43xx.o)
 .debug_macro   0x00007950      0x2d0 C:\Users\Team04\Documents\LPCXpresso_8.0.0_526\workspace\lpc_chip_43xx\Debug\liblpc_chip_43xx.a(sysinit_18xx_43xx.o)
 .debug_macro   0x00007c20      0x2d0 C:\Users\Team04\Documents\LPCXpresso_8.0.0_526\workspace\lpc_chip_43xx\Debug\liblpc_chip_43xx.a(uart_18xx_43xx.o)

.debug_line     0x00000000     0x52ff
 .debug_line    0x00000000      0x102 ./example/src/cr_startup_lpc43xx.o
 .debug_line    0x00000102      0x2de ./example/src/hid_desc.o
 .debug_line    0x000003e0      0x860 ./example/src/hid_generic.o
 .debug_line    0x00000c40      0x893 ./example/src/hid_main.o
 .debug_line    0x000014d3      0x671 ./example/src/sysinit.o
 .debug_line    0x00001b44      0x99c C:\Users\Team04\Documents\LPCXpresso_8.0.0_526\workspace\lpc_board_ngx_xplorer_4330\Debug\liblpc_board_ngx_xplorer_4330.a(board.o)
 .debug_line    0x000024e0      0x6e4 C:\Users\Team04\Documents\LPCXpresso_8.0.0_526\workspace\lpc_board_ngx_xplorer_4330\Debug\liblpc_board_ngx_xplorer_4330.a(board_sysinit.o)
 .debug_line    0x00002bc4      0x639 C:\Users\Team04\Documents\LPCXpresso_8.0.0_526\workspace\lpc_chip_43xx\Debug\liblpc_chip_43xx.a(chip_18xx_43xx.o)
 .debug_line    0x000031fd      0x940 C:\Users\Team04\Documents\LPCXpresso_8.0.0_526\workspace\lpc_chip_43xx\Debug\liblpc_chip_43xx.a(clock_18xx_43xx.o)
 .debug_line    0x00003b3d      0x1fd C:\Users\Team04\Documents\LPCXpresso_8.0.0_526\workspace\lpc_chip_43xx\Debug\liblpc_chip_43xx.a(fpu_init.o)
 .debug_line    0x00003d3a      0x68a C:\Users\Team04\Documents\LPCXpresso_8.0.0_526\workspace\lpc_chip_43xx\Debug\liblpc_chip_43xx.a(gpio_18xx_43xx.o)
 .debug_line    0x000043c4      0x628 C:\Users\Team04\Documents\LPCXpresso_8.0.0_526\workspace\lpc_chip_43xx\Debug\liblpc_chip_43xx.a(sysinit_18xx_43xx.o)
 .debug_line    0x000049ec      0x913 C:\Users\Team04\Documents\LPCXpresso_8.0.0_526\workspace\lpc_chip_43xx\Debug\liblpc_chip_43xx.a(uart_18xx_43xx.o)

.debug_str      0x00000000    0x1d345
 .debug_str     0x00000000     0x26f9 ./example/src/cr_startup_lpc43xx.o
                               0x2711 (size before relaxing)
 .debug_str     0x000026f9     0x57d5 ./example/src/hid_desc.o
                               0x7d79 (size before relaxing)
 .debug_str     0x00007ece    0x1377e ./example/src/hid_generic.o
                              0x1b596 (size before relaxing)
 .debug_str     0x0001b64c      0x65c ./example/src/hid_main.o
                              0x1bbba (size before relaxing)
 .debug_str     0x0001bca8       0x23 ./example/src/sysinit.o
                              0x157e5 (size before relaxing)
 .debug_str     0x0001bccb      0x862 C:\Users\Team04\Documents\LPCXpresso_8.0.0_526\workspace\lpc_board_ngx_xplorer_4330\Debug\liblpc_board_ngx_xplorer_4330.a(board.o)
                              0x16aa6 (size before relaxing)
 .debug_str     0x0001c52d      0x1fe C:\Users\Team04\Documents\LPCXpresso_8.0.0_526\workspace\lpc_board_ngx_xplorer_4330\Debug\liblpc_board_ngx_xplorer_4330.a(board_sysinit.o)
                              0x1656f (size before relaxing)
 .debug_str     0x0001c72b       0xfe C:\Users\Team04\Documents\LPCXpresso_8.0.0_526\workspace\lpc_chip_43xx\Debug\liblpc_chip_43xx.a(chip_18xx_43xx.o)
                              0x15a12 (size before relaxing)
 .debug_str     0x0001c829      0x5b6 C:\Users\Team04\Documents\LPCXpresso_8.0.0_526\workspace\lpc_chip_43xx\Debug\liblpc_chip_43xx.a(clock_18xx_43xx.o)
                              0x15f5b (size before relaxing)
 .debug_str     0x0001cddf       0xb5 C:\Users\Team04\Documents\LPCXpresso_8.0.0_526\workspace\lpc_chip_43xx\Debug\liblpc_chip_43xx.a(fpu_init.o)
                               0x9907 (size before relaxing)
 .debug_str     0x0001ce94       0xe4 C:\Users\Team04\Documents\LPCXpresso_8.0.0_526\workspace\lpc_chip_43xx\Debug\liblpc_chip_43xx.a(gpio_18xx_43xx.o)
                              0x14e0a (size before relaxing)
 .debug_str     0x0001cf78       0x7e C:\Users\Team04\Documents\LPCXpresso_8.0.0_526\workspace\lpc_chip_43xx\Debug\liblpc_chip_43xx.a(sysinit_18xx_43xx.o)
                              0x158ba (size before relaxing)
 .debug_str     0x0001cff6      0x34f C:\Users\Team04\Documents\LPCXpresso_8.0.0_526\workspace\lpc_chip_43xx\Debug\liblpc_chip_43xx.a(uart_18xx_43xx.o)
                              0x15b2b (size before relaxing)

.comment        0x00000000       0xe0
 .comment       0x00000000       0x70 ./example/src/cr_startup_lpc43xx.o
                                 0x71 (size before relaxing)
 .comment       0x00000000       0x71 ./example/src/hid_desc.o
 .comment       0x00000000       0x71 ./example/src/hid_generic.o
 .comment       0x00000000       0x71 ./example/src/hid_main.o
 .comment       0x00000000       0x71 ./example/src/sysinit.o
 .comment       0x00000000       0x71 C:\Users\Team04\Documents\LPCXpresso_8.0.0_526\workspace\lpc_board_ngx_xplorer_4330\Debug\liblpc_board_ngx_xplorer_4330.a(board.o)
 .comment       0x00000000       0x71 C:\Users\Team04\Documents\LPCXpresso_8.0.0_526\workspace\lpc_board_ngx_xplorer_4330\Debug\liblpc_board_ngx_xplorer_4330.a(board_sysinit.o)
 .comment       0x00000000       0x71 C:\Users\Team04\Documents\LPCXpresso_8.0.0_526\workspace\lpc_chip_43xx\Debug\liblpc_chip_43xx.a(chip_18xx_43xx.o)
 .comment       0x00000000       0x71 C:\Users\Team04\Documents\LPCXpresso_8.0.0_526\workspace\lpc_chip_43xx\Debug\liblpc_chip_43xx.a(clock_18xx_43xx.o)
 .comment       0x00000000       0x71 C:\Users\Team04\Documents\LPCXpresso_8.0.0_526\workspace\lpc_chip_43xx\Debug\liblpc_chip_43xx.a(fpu_init.o)
 .comment       0x00000000       0x71 C:\Users\Team04\Documents\LPCXpresso_8.0.0_526\workspace\lpc_chip_43xx\Debug\liblpc_chip_43xx.a(gpio_18xx_43xx.o)
 .comment       0x00000000       0x71 C:\Users\Team04\Documents\LPCXpresso_8.0.0_526\workspace\lpc_chip_43xx\Debug\liblpc_chip_43xx.a(sysinit_18xx_43xx.o)
 .comment       0x00000000       0x71 C:\Users\Team04\Documents\LPCXpresso_8.0.0_526\workspace\lpc_chip_43xx\Debug\liblpc_chip_43xx.a(uart_18xx_43xx.o)
 .comment       0x00000070       0x70 c:/nxp/lpcxpresso_8.0.0_526/lpcxpresso/tools/bin/../lib/gcc/arm-none-eabi/4.9.3/../../../../arm-none-eabi/lib/armv7e-m/softfp\libcr_nohost.a(_cr__main.o)
                                 0x71 (size before relaxing)
 .comment       0x00000000       0x71 c:/nxp/lpcxpresso_8.0.0_526/lpcxpresso/tools/bin/../lib/gcc/arm-none-eabi/4.9.3/../../../../arm-none-eabi/lib/armv7e-m/softfp\libcr_c.a(memset.o)
 .comment       0x00000000       0x71 c:/nxp/lpcxpresso_8.0.0_526/lpcxpresso/tools/bin/../lib/gcc/arm-none-eabi/4.9.3/../../../../arm-none-eabi/lib/armv7e-m/softfp\libcr_c.a(initio.o)
 .comment       0x00000000       0x71 c:/nxp/lpcxpresso_8.0.0_526/lpcxpresso/tools/bin/../lib/gcc/arm-none-eabi/4.9.3/../../../../arm-none-eabi/lib/armv7e-m/softfp\libcr_c.a(setvbuf.o)
 .comment       0x00000000       0x71 c:/nxp/lpcxpresso_8.0.0_526/lpcxpresso/tools/bin/../lib/gcc/arm-none-eabi/4.9.3/../../../../arm-none-eabi/lib/armv7e-m/softfp\libcr_c.a(stdio.o)
 .comment       0x00000000       0x71 c:/nxp/lpcxpresso_8.0.0_526/lpcxpresso/tools/bin/../lib/gcc/arm-none-eabi/4.9.3/../../../../arm-none-eabi/lib/armv7e-m/softfp\libcr_c.a(_deferredlazyseek.o)
 .comment       0x00000000       0x71 c:/nxp/lpcxpresso_8.0.0_526/lpcxpresso/tools/bin/../lib/gcc/arm-none-eabi/4.9.3/../../../../arm-none-eabi/lib/armv7e-m/softfp\libcr_c.a(_fdopen.o)
 .comment       0x00000000       0x71 c:/nxp/lpcxpresso_8.0.0_526/lpcxpresso/tools/bin/../lib/gcc/arm-none-eabi/4.9.3/../../../../arm-none-eabi/lib/armv7e-m/softfp\libcr_c.a(_fflush.o)
 .comment       0x00000000       0x71 c:/nxp/lpcxpresso_8.0.0_526/lpcxpresso/tools/bin/../lib/gcc/arm-none-eabi/4.9.3/../../../../arm-none-eabi/lib/armv7e-m/softfp\libcr_c.a(_writebuf.o)
 .comment       0x00000000       0x71 c:/nxp/lpcxpresso_8.0.0_526/lpcxpresso/tools/bin/../lib/gcc/arm-none-eabi/4.9.3/../../../../arm-none-eabi/lib/armv7e-m/softfp\libcr_c.a(alloc.o)
 .comment       0x00000000       0x71 c:/nxp/lpcxpresso_8.0.0_526/lpcxpresso/tools/bin/../lib/gcc/arm-none-eabi/4.9.3/../../../../arm-none-eabi/lib/armv7e-m/softfp\libcr_c.a(fclose.o)
 .comment       0x00000000       0x71 c:/nxp/lpcxpresso_8.0.0_526/lpcxpresso/tools/bin/../lib/gcc/arm-none-eabi/4.9.3/../../../../arm-none-eabi/lib/armv7e-m/softfp\libcr_c.a(fflush.o)
 .comment       0x00000000       0x71 c:/nxp/lpcxpresso_8.0.0_526/lpcxpresso/tools/bin/../lib/gcc/arm-none-eabi/4.9.3/../../../../arm-none-eabi/lib/armv7e-m/softfp\libcr_c.a(fseek.o)
 .comment       0x00000000       0x71 c:/nxp/lpcxpresso_8.0.0_526/lpcxpresso/tools/bin/../lib/gcc/arm-none-eabi/4.9.3/../../../../arm-none-eabi/lib/armv7e-m/softfp\libcr_c.a(ftell.o)
 .comment       0x00000000       0x71 c:/nxp/lpcxpresso_8.0.0_526/lpcxpresso/tools/bin/../lib/gcc/arm-none-eabi/4.9.3/../../../../arm-none-eabi/lib/armv7e-m/softfp\libcr_c.a(remove.o)
 .comment       0x00000000       0x71 c:/nxp/lpcxpresso_8.0.0_526/lpcxpresso/tools/bin/../lib/gcc/arm-none-eabi/4.9.3/../../../../arm-none-eabi/lib/armv7e-m/softfp\libcr_c.a(strlen.o)
 .comment       0x00000000       0x71 c:/nxp/lpcxpresso_8.0.0_526/lpcxpresso/tools/bin/../lib/gcc/arm-none-eabi/4.9.3/../../../../arm-none-eabi/lib/armv7e-m/softfp\libcr_c.a(__init_alloc.o)
 .comment       0x00000000       0x71 c:/nxp/lpcxpresso_8.0.0_526/lpcxpresso/tools/bin/../lib/gcc/arm-none-eabi/4.9.3/../../../../arm-none-eabi/lib/armv7e-m/softfp\libcr_c.a(_cr_sbrk.o)
 .comment       0x00000000       0x71 c:/nxp/lpcxpresso_8.0.0_526/lpcxpresso/tools/bin/../lib/gcc/arm-none-eabi/4.9.3/../../../../arm-none-eabi/lib/armv7e-m/softfp\libcr_c.a(_do_fflush.o)
 .comment       0x00000000       0x71 c:/nxp/lpcxpresso_8.0.0_526/lpcxpresso/tools/bin/../lib/gcc/arm-none-eabi/4.9.3/../../../../arm-none-eabi/lib/armv7e-m/softfp\libcr_c.a(errno.o)
 .comment       0x00000000       0x71 c:/nxp/lpcxpresso_8.0.0_526/lpcxpresso/tools/bin/../lib/gcc/arm-none-eabi/4.9.3/../../../../arm-none-eabi/lib/armv7e-m/softfp\libcr_c.a(_cr_check_heap.o)
 .comment       0x00000000       0x71 c:/nxp/lpcxpresso_8.0.0_526/lpcxpresso/tools/bin/../lib/gcc/arm-none-eabi/4.9.3/../../../../arm-none-eabi/lib/armv7e-m/softfp\libcr_nohost.a(__sys_appexit.o)
 .comment       0x00000000       0x71 c:/nxp/lpcxpresso_8.0.0_526/lpcxpresso/tools/bin/../lib/gcc/arm-none-eabi/4.9.3/../../../../arm-none-eabi/lib/armv7e-m/softfp\libcr_nohost.a(__sys_close.o)
 .comment       0x00000000       0x71 c:/nxp/lpcxpresso_8.0.0_526/lpcxpresso/tools/bin/../lib/gcc/arm-none-eabi/4.9.3/../../../../arm-none-eabi/lib/armv7e-m/softfp\libcr_nohost.a(__sys_flen.o)
 .comment       0x00000000       0x71 c:/nxp/lpcxpresso_8.0.0_526/lpcxpresso/tools/bin/../lib/gcc/arm-none-eabi/4.9.3/../../../../arm-none-eabi/lib/armv7e-m/softfp\libcr_nohost.a(__sys_istty.o)
 .comment       0x00000000       0x71 c:/nxp/lpcxpresso_8.0.0_526/lpcxpresso/tools/bin/../lib/gcc/arm-none-eabi/4.9.3/../../../../arm-none-eabi/lib/armv7e-m/softfp\libcr_nohost.a(__sys_remove.o)
 .comment       0x00000000       0x71 c:/nxp/lpcxpresso_8.0.0_526/lpcxpresso/tools/bin/../lib/gcc/arm-none-eabi/4.9.3/../../../../arm-none-eabi/lib/armv7e-m/softfp\libcr_nohost.a(__sys_seek.o)
 .comment       0x00000000       0x71 c:/nxp/lpcxpresso_8.0.0_526/lpcxpresso/tools/bin/../lib/gcc/arm-none-eabi/4.9.3/../../../../arm-none-eabi/lib/armv7e-m/softfp\libcr_nohost.a(__sys_tmpnam.o)

.ARM.attributes
                0x00000000       0x35
 .ARM.attributes
                0x00000000       0x37 ./example/src/cr_startup_lpc43xx.o
 .ARM.attributes
                0x00000037       0x37 ./example/src/hid_desc.o
 .ARM.attributes
                0x0000006e       0x37 ./example/src/hid_generic.o
 .ARM.attributes
                0x000000a5       0x37 ./example/src/hid_main.o
 .ARM.attributes
                0x000000dc       0x37 ./example/src/sysinit.o
 .ARM.attributes
                0x00000113       0x37 C:\Users\Team04\Documents\LPCXpresso_8.0.0_526\workspace\lpc_board_ngx_xplorer_4330\Debug\liblpc_board_ngx_xplorer_4330.a(board.o)
 .ARM.attributes
                0x0000014a       0x37 C:\Users\Team04\Documents\LPCXpresso_8.0.0_526\workspace\lpc_board_ngx_xplorer_4330\Debug\liblpc_board_ngx_xplorer_4330.a(board_sysinit.o)
 .ARM.attributes
                0x00000181       0x37 C:\Users\Team04\Documents\LPCXpresso_8.0.0_526\workspace\lpc_chip_43xx\Debug\liblpc_chip_43xx.a(chip_18xx_43xx.o)
 .ARM.attributes
                0x000001b8       0x37 C:\Users\Team04\Documents\LPCXpresso_8.0.0_526\workspace\lpc_chip_43xx\Debug\liblpc_chip_43xx.a(clock_18xx_43xx.o)
 .ARM.attributes
                0x000001ef       0x37 C:\Users\Team04\Documents\LPCXpresso_8.0.0_526\workspace\lpc_chip_43xx\Debug\liblpc_chip_43xx.a(fpu_init.o)
 .ARM.attributes
                0x00000226       0x37 C:\Users\Team04\Documents\LPCXpresso_8.0.0_526\workspace\lpc_chip_43xx\Debug\liblpc_chip_43xx.a(gpio_18xx_43xx.o)
 .ARM.attributes
                0x0000025d       0x37 C:\Users\Team04\Documents\LPCXpresso_8.0.0_526\workspace\lpc_chip_43xx\Debug\liblpc_chip_43xx.a(sysinit_18xx_43xx.o)
 .ARM.attributes
                0x00000294       0x37 C:\Users\Team04\Documents\LPCXpresso_8.0.0_526\workspace\lpc_chip_43xx\Debug\liblpc_chip_43xx.a(uart_18xx_43xx.o)
 .ARM.attributes
                0x000002cb       0x37 c:/nxp/lpcxpresso_8.0.0_526/lpcxpresso/tools/bin/../lib/gcc/arm-none-eabi/4.9.3/../../../../arm-none-eabi/lib/armv7e-m/softfp\libcr_nohost.a(_cr__main.o)
 .ARM.attributes
                0x00000302       0x37 c:/nxp/lpcxpresso_8.0.0_526/lpcxpresso/tools/bin/../lib/gcc/arm-none-eabi/4.9.3/../../../../arm-none-eabi/lib/armv7e-m/softfp\libcr_c.a(memset.o)
 .ARM.attributes
                0x00000339       0x37 c:/nxp/lpcxpresso_8.0.0_526/lpcxpresso/tools/bin/../lib/gcc/arm-none-eabi/4.9.3/../../../../arm-none-eabi/lib/armv7e-m/softfp\libcr_c.a(initio.o)
 .ARM.attributes
                0x00000370       0x37 c:/nxp/lpcxpresso_8.0.0_526/lpcxpresso/tools/bin/../lib/gcc/arm-none-eabi/4.9.3/../../../../arm-none-eabi/lib/armv7e-m/softfp\libcr_c.a(setvbuf.o)
 .ARM.attributes
                0x000003a7       0x37 c:/nxp/lpcxpresso_8.0.0_526/lpcxpresso/tools/bin/../lib/gcc/arm-none-eabi/4.9.3/../../../../arm-none-eabi/lib/armv7e-m/softfp\libcr_c.a(stdio.o)
 .ARM.attributes
                0x000003de       0x37 c:/nxp/lpcxpresso_8.0.0_526/lpcxpresso/tools/bin/../lib/gcc/arm-none-eabi/4.9.3/../../../../arm-none-eabi/lib/armv7e-m/softfp\libcr_c.a(_deferredlazyseek.o)
 .ARM.attributes
                0x00000415       0x37 c:/nxp/lpcxpresso_8.0.0_526/lpcxpresso/tools/bin/../lib/gcc/arm-none-eabi/4.9.3/../../../../arm-none-eabi/lib/armv7e-m/softfp\libcr_c.a(_fdopen.o)
 .ARM.attributes
                0x0000044c       0x37 c:/nxp/lpcxpresso_8.0.0_526/lpcxpresso/tools/bin/../lib/gcc/arm-none-eabi/4.9.3/../../../../arm-none-eabi/lib/armv7e-m/softfp\libcr_c.a(_fflush.o)
 .ARM.attributes
                0x00000483       0x37 c:/nxp/lpcxpresso_8.0.0_526/lpcxpresso/tools/bin/../lib/gcc/arm-none-eabi/4.9.3/../../../../arm-none-eabi/lib/armv7e-m/softfp\libcr_c.a(_writebuf.o)
 .ARM.attributes
                0x000004ba       0x37 c:/nxp/lpcxpresso_8.0.0_526/lpcxpresso/tools/bin/../lib/gcc/arm-none-eabi/4.9.3/../../../../arm-none-eabi/lib/armv7e-m/softfp\libcr_c.a(alloc.o)
 .ARM.attributes
                0x000004f1       0x37 c:/nxp/lpcxpresso_8.0.0_526/lpcxpresso/tools/bin/../lib/gcc/arm-none-eabi/4.9.3/../../../../arm-none-eabi/lib/armv7e-m/softfp\libcr_c.a(fclose.o)
 .ARM.attributes
                0x00000528       0x37 c:/nxp/lpcxpresso_8.0.0_526/lpcxpresso/tools/bin/../lib/gcc/arm-none-eabi/4.9.3/../../../../arm-none-eabi/lib/armv7e-m/softfp\libcr_c.a(fflush.o)
 .ARM.attributes
                0x0000055f       0x37 c:/nxp/lpcxpresso_8.0.0_526/lpcxpresso/tools/bin/../lib/gcc/arm-none-eabi/4.9.3/../../../../arm-none-eabi/lib/armv7e-m/softfp\libcr_c.a(fseek.o)
 .ARM.attributes
                0x00000596       0x37 c:/nxp/lpcxpresso_8.0.0_526/lpcxpresso/tools/bin/../lib/gcc/arm-none-eabi/4.9.3/../../../../arm-none-eabi/lib/armv7e-m/softfp\libcr_c.a(ftell.o)
 .ARM.attributes
                0x000005cd       0x37 c:/nxp/lpcxpresso_8.0.0_526/lpcxpresso/tools/bin/../lib/gcc/arm-none-eabi/4.9.3/../../../../arm-none-eabi/lib/armv7e-m/softfp\libcr_c.a(remove.o)
 .ARM.attributes
                0x00000604       0x37 c:/nxp/lpcxpresso_8.0.0_526/lpcxpresso/tools/bin/../lib/gcc/arm-none-eabi/4.9.3/../../../../arm-none-eabi/lib/armv7e-m/softfp\libcr_c.a(strlen.o)
 .ARM.attributes
                0x0000063b       0x37 c:/nxp/lpcxpresso_8.0.0_526/lpcxpresso/tools/bin/../lib/gcc/arm-none-eabi/4.9.3/../../../../arm-none-eabi/lib/armv7e-m/softfp\libcr_c.a(__init_alloc.o)
 .ARM.attributes
                0x00000672       0x37 c:/nxp/lpcxpresso_8.0.0_526/lpcxpresso/tools/bin/../lib/gcc/arm-none-eabi/4.9.3/../../../../arm-none-eabi/lib/armv7e-m/softfp\libcr_c.a(_cr_sbrk.o)
 .ARM.attributes
                0x000006a9       0x37 c:/nxp/lpcxpresso_8.0.0_526/lpcxpresso/tools/bin/../lib/gcc/arm-none-eabi/4.9.3/../../../../arm-none-eabi/lib/armv7e-m/softfp\libcr_c.a(_do_fflush.o)
 .ARM.attributes
                0x000006e0       0x37 c:/nxp/lpcxpresso_8.0.0_526/lpcxpresso/tools/bin/../lib/gcc/arm-none-eabi/4.9.3/../../../../arm-none-eabi/lib/armv7e-m/softfp\libcr_c.a(errno.o)
 .ARM.attributes
                0x00000717       0x37 c:/nxp/lpcxpresso_8.0.0_526/lpcxpresso/tools/bin/../lib/gcc/arm-none-eabi/4.9.3/../../../../arm-none-eabi/lib/armv7e-m/softfp\libcr_c.a(_cr_check_heap.o)
 .ARM.attributes
                0x0000074e       0x25 c:/nxp/lpcxpresso_8.0.0_526/lpcxpresso/tools/bin/../lib/gcc/arm-none-eabi/4.9.3/armv7e-m/softfp\libcr_eabihelpers.a(memcpy.o)
 .ARM.attributes
                0x00000773       0x37 c:/nxp/lpcxpresso_8.0.0_526/lpcxpresso/tools/bin/../lib/gcc/arm-none-eabi/4.9.3/../../../../arm-none-eabi/lib/armv7e-m/softfp\libcr_nohost.a(__sys_appexit.o)
 .ARM.attributes
                0x000007aa       0x37 c:/nxp/lpcxpresso_8.0.0_526/lpcxpresso/tools/bin/../lib/gcc/arm-none-eabi/4.9.3/../../../../arm-none-eabi/lib/armv7e-m/softfp\libcr_nohost.a(__sys_close.o)
 .ARM.attributes
                0x000007e1       0x37 c:/nxp/lpcxpresso_8.0.0_526/lpcxpresso/tools/bin/../lib/gcc/arm-none-eabi/4.9.3/../../../../arm-none-eabi/lib/armv7e-m/softfp\libcr_nohost.a(__sys_flen.o)
 .ARM.attributes
                0x00000818       0x37 c:/nxp/lpcxpresso_8.0.0_526/lpcxpresso/tools/bin/../lib/gcc/arm-none-eabi/4.9.3/../../../../arm-none-eabi/lib/armv7e-m/softfp\libcr_nohost.a(__sys_istty.o)
 .ARM.attributes
                0x0000084f       0x37 c:/nxp/lpcxpresso_8.0.0_526/lpcxpresso/tools/bin/../lib/gcc/arm-none-eabi/4.9.3/../../../../arm-none-eabi/lib/armv7e-m/softfp\libcr_nohost.a(__sys_remove.o)
 .ARM.attributes
                0x00000886       0x37 c:/nxp/lpcxpresso_8.0.0_526/lpcxpresso/tools/bin/../lib/gcc/arm-none-eabi/4.9.3/../../../../arm-none-eabi/lib/armv7e-m/softfp\libcr_nohost.a(__sys_seek.o)
 .ARM.attributes
                0x000008bd       0x37 c:/nxp/lpcxpresso_8.0.0_526/lpcxpresso/tools/bin/../lib/gcc/arm-none-eabi/4.9.3/../../../../arm-none-eabi/lib/armv7e-m/softfp\libcr_nohost.a(__sys_tmpnam.o)

.debug_frame    0x00000000     0x15d8
 .debug_frame   0x00000000      0x170 ./example/src/cr_startup_lpc43xx.o
 .debug_frame   0x00000170       0xac ./example/src/hid_generic.o
 .debug_frame   0x0000021c       0xc0 ./example/src/hid_main.o
 .debug_frame   0x000002dc       0x34 ./example/src/sysinit.o
 .debug_frame   0x00000310      0x520 C:\Users\Team04\Documents\LPCXpresso_8.0.0_526\workspace\lpc_board_ngx_xplorer_4330\Debug\liblpc_board_ngx_xplorer_4330.a(board.o)
 .debug_frame   0x00000830       0xbc C:\Users\Team04\Documents\LPCXpresso_8.0.0_526\workspace\lpc_board_ngx_xplorer_4330\Debug\liblpc_board_ngx_xplorer_4330.a(board_sysinit.o)
 .debug_frame   0x000008ec       0xa0 C:\Users\Team04\Documents\LPCXpresso_8.0.0_526\workspace\lpc_chip_43xx\Debug\liblpc_chip_43xx.a(chip_18xx_43xx.o)
 .debug_frame   0x0000098c      0x50c C:\Users\Team04\Documents\LPCXpresso_8.0.0_526\workspace\lpc_chip_43xx\Debug\liblpc_chip_43xx.a(clock_18xx_43xx.o)
 .debug_frame   0x00000e98       0x38 C:\Users\Team04\Documents\LPCXpresso_8.0.0_526\workspace\lpc_chip_43xx\Debug\liblpc_chip_43xx.a(fpu_init.o)
 .debug_frame   0x00000ed0      0x198 C:\Users\Team04\Documents\LPCXpresso_8.0.0_526\workspace\lpc_chip_43xx\Debug\liblpc_chip_43xx.a(gpio_18xx_43xx.o)
 .debug_frame   0x00001068       0x8c C:\Users\Team04\Documents\LPCXpresso_8.0.0_526\workspace\lpc_chip_43xx\Debug\liblpc_chip_43xx.a(sysinit_18xx_43xx.o)
 .debug_frame   0x000010f4      0x4e4 C:\Users\Team04\Documents\LPCXpresso_8.0.0_526\workspace\lpc_chip_43xx\Debug\liblpc_chip_43xx.a(uart_18xx_43xx.o)
